Component: ARM Compiler 5.06 update 6 (build 750) Tool: armlink [4d35ed]

==============================================================================

Section Cross References

    startup_stm32f10x_hd.o(RESET) refers to startup_stm32f10x_hd.o(STACK) for __initial_sp
    startup_stm32f10x_hd.o(RESET) refers to startup_stm32f10x_hd.o(.text) for Reset_Handler
    startup_stm32f10x_hd.o(RESET) refers to stm32f10x_it.o(.text) for NMI_Handler
    startup_stm32f10x_hd.o(RESET) refers to main.o(.text) for EXTI0_IRQHandler
    startup_stm32f10x_hd.o(.text) refers to system_stm32f10x.o(.text) for SystemInit
    startup_stm32f10x_hd.o(.text) refers to entry.o(.ARM.Collect$$$$00000000) for __main
    system_stm32f10x.o(.text) refers to system_stm32f10x.o(.data) for SystemCoreClock
    stm32f10x_adc.o(.text) refers to stm32f10x_rcc.o(.text) for RCC_APB2PeriphResetCmd
    stm32f10x_bkp.o(.text) refers to stm32f10x_rcc.o(.text) for RCC_BackupResetCmd
    stm32f10x_can.o(.text) refers to stm32f10x_rcc.o(.text) for RCC_APB1PeriphResetCmd
    stm32f10x_cec.o(.text) refers to stm32f10x_rcc.o(.text) for RCC_APB1PeriphResetCmd
    stm32f10x_dac.o(.text) refers to stm32f10x_rcc.o(.text) for RCC_APB1PeriphResetCmd
    stm32f10x_gpio.o(.text) refers to stm32f10x_rcc.o(.text) for RCC_APB2PeriphResetCmd
    stm32f10x_i2c.o(.text) refers to stm32f10x_rcc.o(.text) for RCC_APB1PeriphResetCmd
    stm32f10x_pwr.o(.text) refers to stm32f10x_rcc.o(.text) for RCC_APB1PeriphResetCmd
    stm32f10x_rcc.o(.text) refers to stm32f10x_rcc.o(.data) for APBAHBPrescTable
    stm32f10x_spi.o(.text) refers to stm32f10x_rcc.o(.text) for RCC_APB2PeriphResetCmd
    stm32f10x_tim.o(.text) refers to stm32f10x_rcc.o(.text) for RCC_APB2PeriphResetCmd
    stm32f10x_usart.o(.text) refers to stm32f10x_rcc.o(.text) for RCC_APB2PeriphResetCmd
    stm32f10x_wwdg.o(.text) refers to stm32f10x_rcc.o(.text) for RCC_APB1PeriphResetCmd
    main.o(.text) refers to printfa.o(i.__0sprintf) for __2sprintf
    main.o(.text) refers to bsp_esp8266.o(.text) for ESP8266_SendString
    main.o(.text) refers to cdcmple.o(.text) for __aeabi_cdcmple
    main.o(.text) refers to bsp_ili9341_lcd.o(.text) for LCD_GetFont
    main.o(.text) refers to stm32f10x_gpio.o(.text) for GPIO_ResetBits
    main.o(.text) refers to printfa.o(i.__0printf) for __2printf
    main.o(.text) refers to dadd.o(.text) for __aeabi_dadd
    main.o(.text) refers to ddiv.o(.text) for __aeabi_ddiv
    main.o(.text) refers to dmul.o(.text) for __aeabi_dmul
    main.o(.text) refers to dfltui.o(.text) for __aeabi_ui2d
    main.o(.text) refers to dfixui.o(.text) for __aeabi_d2uiz
    main.o(.text) refers to log10.o(i.log10) for log10
    main.o(.text) refers to pow.o(i.pow) for pow
    main.o(.text) refers to bsp_usart.o(.text) for USART_Config
    main.o(.text) refers to core_delay.o(.text) for CPU_TS_TmrInit
    main.o(.text) refers to bsp_led.o(.text) for LED_GPIO_Config
    main.o(.text) refers to bsp_adc.o(.text) for ADCx_Init
    main.o(.text) refers to bsp_beep.o(.text) for BEEP_GPIO_Config
    main.o(.text) refers to main.o(.bss) for ppm
    main.o(.text) refers to bsp_esp8266_test.o(.data) for ucTcpClosedFlag
    main.o(.text) refers to main.o(.data) for set_c
    main.o(.text) refers to bsp_adc.o(.bss) for ADC_ConvertedValue
    main.o(.text) refers to bsp_esp8266_test.o(.text) for ESP8266_StaTcpClient_Unvarnish_ConfigTest
    main.o(.text) refers to fonts.o(.data) for Font8x16
    main.o(.text) refers to bsp_ili9341_lcd.o(.data) for LCD_Y_LENGTH
    stm32f10x_it.o(.text) refers to stm32f10x_usart.o(.text) for USART_GetITStatus
    stm32f10x_it.o(.text) refers to strstr.o(.text) for strstr
    stm32f10x_it.o(.text) refers to bsp_esp8266.o(.bss) for strUSART_Fram_Record
    stm32f10x_it.o(.text) refers to bsp_esp8266_test.o(.data) for ucTcpClosedFlag
    bsp_adc.o(.text) refers to stm32f10x_rcc.o(.text) for RCC_APB2PeriphClockCmd
    bsp_adc.o(.text) refers to stm32f10x_gpio.o(.text) for GPIO_Init
    bsp_adc.o(.text) refers to stm32f10x_dma.o(.text) for DMA_DeInit
    bsp_adc.o(.text) refers to stm32f10x_adc.o(.text) for ADC_Init
    bsp_adc.o(.text) refers to bsp_adc.o(.bss) for ADC_ConvertedValue
    bsp_usart.o(.text) refers to misc.o(.text) for NVIC_PriorityGroupConfig
    bsp_usart.o(.text) refers to stm32f10x_rcc.o(.text) for RCC_APB2PeriphClockCmd
    bsp_usart.o(.text) refers to stm32f10x_gpio.o(.text) for GPIO_Init
    bsp_usart.o(.text) refers to stm32f10x_usart.o(.text) for USART_Init
    bsp_ili9341_lcd.o(.text) refers to stm32f10x_rcc.o(.text) for RCC_APB2PeriphClockCmd
    bsp_ili9341_lcd.o(.text) refers to stm32f10x_gpio.o(.text) for GPIO_Init
    bsp_ili9341_lcd.o(.text) refers to memseta.o(.text) for __aeabi_memclr4
    bsp_ili9341_lcd.o(.text) refers to stm32f10x_fsmc.o(.text) for FSMC_NORSRAMInit
    bsp_ili9341_lcd.o(.text) refers to bsp_ili9341_lcd.o(i.ILI9341_Write_Cmd) for ILI9341_Write_Cmd
[...]
    dfixul.o(.text) refers to llshl.o(.text) for __aeabi_llsl
    init.o(.text) refers to entry5.o(.ARM.Collect$$$$00000004) for __main_after_scatterload
    dsqrt.o(.text) refers to llushr.o(.text) for __aeabi_llsr
    dsqrt.o(.text) refers to depilogue.o(.text) for _double_round


==============================================================================

Removing Unused input sections from the image.

    Removing startup_stm32f10x_hd.o(HEAP), (512 bytes).
    Removing core_cm3.o(.emb_text), (32 bytes).
    Removing stm32f10x_bkp.o(.text), (196 bytes).
    Removing stm32f10x_can.o(.text), (2544 bytes).
    Removing stm32f10x_cec.o(.text), (288 bytes).
    Removing stm32f10x_crc.o(.text), (72 bytes).
    Removing stm32f10x_dac.o(.text), (396 bytes).
    Removing stm32f10x_dbgmcu.o(.text), (48 bytes).
    Removing stm32f10x_exti.o(.text), (284 bytes).
    Removing stm32f10x_flash.o(.text), (1468 bytes).
    Removing stm32f10x_i2c.o(.text), (1028 bytes).
    Removing stm32f10x_iwdg.o(.text), (64 bytes).
    Removing stm32f10x_pwr.o(.text), (204 bytes).
    Removing stm32f10x_rtc.o(.text), (328 bytes).
    Removing stm32f10x_sdio.o(.text), (468 bytes).
    Removing stm32f10x_tim.o(.text), (3610 bytes).
    Removing stm32f10x_wwdg.o(.text), (136 bytes).
    Removing bsp_systick.o(.text), (176 bytes).
    Removing bsp_systick.o(.data), (4 bytes).
    Removing bsp_sdio_sdcard.o(.text), (5884 bytes).
    Removing bsp_sdio_sdcard.o(.bss), (204 bytes).
    Removing bsp_sdio_sdcard.o(.data), (20 bytes).
    Removing sdio_test.o(.text), (976 bytes).
    Removing sdio_test.o(.bss), (11264 bytes).
    Removing sdio_test.o(.conststring), (234 bytes).
    Removing sdio_test.o(.data), (4 bytes).
    Removing key.o(.text), (200 bytes).
    Removing diskio.o(.text), (556 bytes).
    Removing ff.o(.text), (12312 bytes).
    Removing ff.o(.constdata), (58 bytes).
    Removing ff.o(.data), (10 bytes).
    Removing cc936.o(.text), (216 bytes).
    Removing cc936.o(.constdata), (176320 bytes).

33 unused section(s) (total 220116 bytes) removed from the image.

==============================================================================

Image Symbol Table

    Local Symbols

    Symbol Name                              Value     Ov Type        Size  Object(Section)

    ../clib/microlib/division.c              0x00000000   Number         0  uldiv.o ABSOLUTE
    ../clib/microlib/division.c              0x00000000   Number         0  uidiv.o ABSOLUTE
    ../clib/microlib/errno.c                 0x00000000   Number         0  errno.o ABSOLUTE
    ../clib/microlib/init/entry.s            0x00000000   Number         0  entry8b.o ABSOLUTE
    ../clib/microlib/init/entry.s            0x00000000   Number         0  entry11b.o ABSOLUTE
    ../clib/microlib/init/entry.s            0x00000000   Number         0  entry11a.o ABSOLUTE
    ../clib/microlib/init/entry.s            0x00000000   Number         0  entry10b.o ABSOLUTE
    ../clib/microlib/init/entry.s            0x00000000   Number         0  entry10a.o ABSOLUTE
    ../clib/microlib/init/entry.s            0x00000000   Number         0  entry7b.o ABSOLUTE
    ../clib/microlib/init/entry.s            0x00000000   Number         0  entry9b.o ABSOLUTE
    ../clib/microlib/init/entry.s            0x00000000   Number         0  entry9a.o ABSOLUTE
    ../clib/microlib/init/entry.s            0x00000000   Number         0  entry8a.o ABSOLUTE
    ../clib/microlib/init/entry.s            0x00000000   Number         0  entry.o ABSOLUTE
    ../clib/microlib/init/entry.s            0x00000000   Number         0  entry7a.o ABSOLUTE
    ../clib/microlib/init/entry.s            0x00000000   Number         0  entry5.o ABSOLUTE
    ../clib/microlib/init/entry.s            0x00000000   Number         0  entry2.o ABSOLUTE
    ../clib/microlib/longlong.c              0x00000000   Number         0  llsshr.o ABSOLUTE
    ../clib/microlib/longlong.c              0x00000000   Number         0  llshl.o ABSOLUTE
    ../clib/microlib/longlong.c              0x00000000   Number         0  llushr.o ABSOLUTE
    ../clib/microlib/printf/printf.c         0x00000000   Number         0  printf0.o ABSOLUTE
    ../clib/microlib/printf/printf.c         0x00000000   Number         0  printf1.o ABSOLUTE
    ../clib/microlib/printf/printf.c         0x00000000   Number         0  printf2.o ABSOLUTE
    ../clib/microlib/printf/printf.c         0x00000000   Number         0  printf3.o ABSOLUTE
    ../clib/microlib/printf/printf.c         0x00000000   Number         0  printf4.o ABSOLUTE
    ../clib/microlib/printf/printf.c         0x00000000   Number         0  printf5.o ABSOLUTE
    ../clib/microlib/printf/printf.c         0x00000000   Number         0  printf6.o ABSOLUTE
    ../clib/microlib/printf/printf.c         0x00000000   Number         0  printf7.o ABSOLUTE
    ../clib/microlib/printf/printf.c         0x00000000   Number         0  printfa.o ABSOLUTE
    ../clib/microlib/printf/printf.c         0x00000000   Number         0  printf8.o ABSOLUTE
    ../clib/microlib/printf/printf.c         0x00000000   Number         0  printfb.o ABSOLUTE
    ../clib/microlib/printf/stubs.s          0x00000000   Number         0  stubs.o ABSOLUTE
    ../clib/microlib/stdio/streams.c         0x00000000   Number         0  stdout.o ABSOLUTE
    ../clib/microlib/string/memcpy.c         0x00000000   Number         0  memcpyb.o ABSOLUTE
    ../clib/microlib/string/memcpy.c         0x00000000   Number         0  memcpya.o ABSOLUTE
    ../clib/microlib/string/memset.c         0x00000000   Number         0  memseta.o ABSOLUTE
    ../clib/microlib/string/strstr.c         0x00000000   Number         0  strstr.o ABSOLUTE
    ../clib/microlib/stubs.s                 0x00000000   Number         0  iusefp.o ABSOLUTE
    ../fplib/microlib/fpadd.c                0x00000000   Number         0  dadd.o ABSOLUTE
    ../fplib/microlib/fpdiv.c                0x00000000   Number         0  ddiv.o ABSOLUTE
    ../fplib/microlib/fpepilogue.c           0x00000000   Number         0  depilogue.o ABSOLUTE
    ../fplib/microlib/fpfix.c                0x00000000   Number         0  dfixui.o ABSOLUTE
    ../fplib/microlib/fpfix.c                0x00000000   Number         0  dfixul.o ABSOLUTE
    ../fplib/microlib/fpflt.c                0x00000000   Number         0  dfltui.o ABSOLUTE
    ../fplib/microlib/fpflt.c                0x00000000   Number         0  dflti.o ABSOLUTE
    ../fplib/microlib/fpmul.c                0x00000000   Number         0  dmul.o ABSOLUTE
    ../fplib/microlib/fpscalb.c              0x00000000   Number         0  dscalb.o ABSOLUTE
    ../fplib/microlib/fpsqrt.c               0x00000000   Number         0  dsqrt.o ABSOLUTE
    ../mathlib/dunder.c                      0x00000000   Number         0  dunder.o ABSOLUTE
    ../mathlib/fpclassify.c                  0x00000000   Number         0  fpclassify.o ABSOLUTE
    ../mathlib/log.c                         0x00000000   Number         0  log.o ABSOLUTE
    ../mathlib/log.c                         0x00000000   Number         0  log_x.o ABSOLUTE
    ../mathlib/log10.c                       0x00000000   Number         0  log10.o ABSOLUTE
    ../mathlib/log10.c                       0x00000000   Number         0  log10_x.o ABSOLUTE
    ../mathlib/poly.c                        0x00000000   Number         0  poly.o ABSOLUTE
    ../mathlib/pow.c                         0x00000000   Number         0  pow_x.o ABSOLUTE
    ../mathlib/pow.c                         0x00000000   Number         0  pow.o ABSOLUTE
    ../mathlib/qnan.c                        0x00000000   Number         0  qnan.o ABSOLUTE
    ../mathlib/sqrt.c                        0x00000000   Number         0  sqrt.o ABSOLUTE
    ../mathlib/sqrt.c                        0x00000000   Number         0  sqrt_x.o ABSOLUTE
    ..\..\Libraries\CMSIS\core_cm3.c         0x00000000   Number         0  core_cm3.o ABSOLUTE
    ..\..\Libraries\CMSIS\startup\startup_stm32f10x_hd.s 0x00000000   Number         0  startup_stm32f10x_hd.o ABSOLUTE
    ..\..\Libraries\CMSIS\system_stm32f10x.c 0x00000000   Number         0  system_stm32f10x.o ABSOLUTE
    ..\..\Libraries\FWlib\src\misc.c         0x00000000   Number         0  misc.o ABSOLUTE
    ..\..\Libraries\FWlib\src\stm32f10x_adc.c 0x00000000   Number         0  stm32f10x_adc.o ABSOLUTE
    ..\..\Libraries\FWlib\src\stm32f10x_bkp.c 0x00000000   Number         0  stm32f10x_bkp.o ABSOLUTE
    ..\..\Libraries\FWlib\src\stm32f10x_can.c 0x00000000   Number         0  stm32f10x_can.o ABSOLUTE
    ..\..\Libraries\FWlib\src\stm32f10x_cec.c 0x00000000   Number         0  stm32f10x_cec.o ABSOLUTE
    ..\..\Libraries\FWlib\src\stm32f10x_crc.c 0x00000000   Number         0  stm32f10x_crc.o ABSOLUTE
    ..\..\Libraries\FWlib\src\stm32f10x_dac.c 0x00000000   Number         0  stm32f10x_dac.o ABSOLUTE
    ..\..\Libraries\FWlib\src\stm32f10x_dbgmcu.c 0x00000000   Number         0  stm32f10x_dbgmcu.o ABSOLUTE
    ..\..\Libraries\FWlib\src\stm32f10x_dma.c 0x00000000   Number         0  stm32f10x_dma.o ABSOLUTE
    ..\..\Libraries\FWlib\src\stm32f10x_exti.c 0x00000000   Number         0  stm32f10x_exti.o ABSOLUTE
    ..\..\Libraries\FWlib\src\stm32f10x_flash.c 0x00000000   Number         0  stm32f10x_flash.o ABSOLUTE
    ..\..\Libraries\FWlib\src\stm32f10x_fsmc.c 0x00000000   Number         0  stm32f10x_fsmc.o ABSOLUTE
    ..\..\Libraries\FWlib\src\stm32f10x_gpio.c 0x00000000   Number         0  stm32f10x_gpio.o ABSOLUTE
    ..\..\Libraries\FWlib\src\stm32f10x_i2c.c 0x00000000   Number         0  stm32f10x_i2c.o ABSOLUTE
    ..\..\Libraries\FWlib\src\stm32f10x_iwdg.c 0x00000000   Number         0  stm32f10x_iwdg.o ABSOLUTE
    ..\..\Libraries\FWlib\src\stm32f10x_pwr.c 0x00000000   Number         0  stm32f10x_pwr.o ABSOLUTE
    ..\..\Libraries\FWlib\src\stm32f10x_rcc.c 0x00000000   Number         0  stm32f10x_rcc.o ABSOLUTE
    ..\..\Libraries\FWlib\src\stm32f10x_rtc.c 0x00000000   Number         0  stm32f10x_rtc.o ABSOLUTE
    ..\..\Libraries\FWlib\src\stm32f10x_sdio.c 0x00000000   Number         0  stm32f10x_sdio.o ABSOLUTE
    ..\..\Libraries\FWlib\src\stm32f10x_spi.c 0x00000000   Number         0  stm32f10x_spi.o ABSOLUTE
    ..\..\Libraries\FWlib\src\stm32f10x_tim.c 0x00000000   Number         0  stm32f10x_tim.o ABSOLUTE
    ..\..\Libraries\FWlib\src\stm32f10x_usart.c 0x00000000   Number         0  stm32f10x_usart.o ABSOLUTE
    ..\..\Libraries\FWlib\src\stm32f10x_wwdg.c 0x00000000   Number         0  stm32f10x_wwdg.o ABSOLUTE
    ..\..\User\Common\Common.c               0x00000000   Number         0  common.o ABSOLUTE
    ..\..\User\ESP8266\bsp_esp8266.c         0x00000000   Number         0  bsp_esp8266.o ABSOLUTE
    ..\..\User\ESP8266\bsp_esp8266_test.c    0x00000000   Number         0  bsp_esp8266_test.o ABSOLUTE
    ..\..\User\FATFS\diskio.c                0x00000000   Number         0  diskio.o ABSOLUTE
    ..\..\User\FATFS\ff.c                    0x00000000   Number         0  ff.o ABSOLUTE
    ..\..\User\FATFS\option\cc936.c          0x00000000   Number         0  cc936.o ABSOLUTE
    ..\..\User\SysTick\bsp_SysTick.c         0x00000000   Number         0  bsp_systick.o ABSOLUTE
    ..\..\User\adc\bsp_adc.c                 0x00000000   Number         0  bsp_adc.o ABSOLUTE
    ..\..\User\beep\bsp_beep.c               0x00000000   Number         0  bsp_beep.o ABSOLUTE
    ..\..\User\dwt_delay\core_delay.c        0x00000000   Number         0  core_delay.o ABSOLUTE
    ..\..\User\flash\bsp_spi_flash.c         0x00000000   Number         0  bsp_spi_flash.o ABSOLUTE
    ..\..\User\font\fonts.c                  0x00000000   Number         0  fonts.o ABSOLUTE
    ..\..\User\key\key.c                     0x00000000   Number         0  key.o ABSOLUTE
    ..\..\User\lcd\bsp_ili9341_lcd.c         0x00000000   Number         0  bsp_ili9341_lcd.o ABSOLUTE
    ..\..\User\led\bsp_led.c                 0x00000000   Number         0  bsp_led.o ABSOLUTE
    ..\..\User\main.c                        0x00000000   Number         0  main.o ABSOLUTE
    ..\..\User\sdio\bsp_sdio_sdcard.c        0x00000000   Number         0  bsp_sdio_sdcard.o ABSOLUTE
    ..\..\User\sdio\sdio_test.c              0x00000000   Number         0  sdio_test.o ABSOLUTE
    ..\..\User\stm32f10x_it.c                0x00000000   Number         0  stm32f10x_it.o ABSOLUTE
    ..\..\User\system\system.c               0x00000000   Number         0  system.o ABSOLUTE
    ..\..\User\usart\bsp_usart.c             0x00000000   Number         0  bsp_usart.o ABSOLUTE
    ..\\..\\Libraries\\CMSIS\\core_cm3.c     0x00000000   Number         0  core_cm3.o ABSOLUTE
    cdcmple.s                                0x00000000   Number         0  cdcmple.o ABSOLUTE
    cdrcmple.s                               0x00000000   Number         0  cdrcmple.o ABSOLUTE
    dc.s                                     0x00000000   Number         0  dc.o ABSOLUTE
    handlers.s                               0x00000000   Number         0  handlers.o ABSOLUTE
    init.s                                   0x00000000   Number         0  init.o ABSOLUTE
    RESET                                    0x08000000   Section      304  startup_stm32f10x_hd.o(RESET)
    .ARM.Collect$$$$00000000                 0x08000130   Section        0  entry.o(.ARM.Collect$$$$00000000)
    .ARM.Collect$$$$00000001                 0x08000130   Section        4  entry2.o(.ARM.Collect$$$$00000001)
    .ARM.Collect$$$$00000004                 0x08000134   Section        4  entry5.o(.ARM.Collect$$$$00000004)
    .ARM.Collect$$$$00000008                 0x08000138   Section        0  entry7b.o(.ARM.Collect$$$$00000008)
    .ARM.Collect$$$$0000000A                 0x08000138   Section        0  entry8b.o(.ARM.Collect$$$$0000000A)
    .ARM.Collect$$$$0000000B                 0x08000138   Section        8  entry9a.o(.ARM.Collect$$$$0000000B)
    .ARM.Collect$$$$0000000D                 0x08000140   Section        0  entry10a.o(.ARM.Collect$$$$0000000D)
    .ARM.Collect$$$$0000000F                 0x08000140   Section        0  entry11a.o(.ARM.Collect$$$$0000000F)
    .ARM.Collect$$$$00002712                 0x08000140   Section        4  entry2.o(.ARM.Collect$$$$00002712)
    __lit__00000000                          0x08000140   Data           4  entry2.o(.ARM.Collect$$$$00002712)
    .text                                    0x08000144   Section       36  startup_stm32f10x_hd.o(.text)
    .text                                    0x08000168   Section        0  system_stm32f10x.o(.text)
    SetSysClockTo72                          0x08000169   Thumb Code   214  system_stm32f10x.o(.text)
    SetSysClock                              0x0800023f   Thumb Code     8  system_stm32f10x.o(.text)
    .text                                    0x08000348   Section        0  misc.o(.text)
    .text                                    0x08000424   Section        0  stm32f10x_adc.o(.text)
    .text                                    0x08000874   Section        0  stm32f10x_dma.o(.text)
    .text                                    0x08000ac8   Section        0  stm32f10x_fsmc.o(.text)
    .text                                    0x080010d4   Section        0  stm32f10x_gpio.o(.text)
    .text                                    0x08001430   Section        0  stm32f10x_rcc.o(.text)
    .text                                    0x080017d4   Section        0  stm32f10x_spi.o(.text)
    .text                                    0x08001ae0   Section        0  stm32f10x_usart.o(.text)
    .text                                    0x08001ee8   Section        0  main.o(.text)
    .text                                    0x080024f8   Section        0  stm32f10x_it.o(.text)
    .text                                    0x0800262c   Section        0  bsp_adc.o(.text)
    ADCx_GPIO_Config                         0x0800262d   Thumb Code    32  bsp_adc.o(.text)
    ADCx_Mode_Config                         0x0800264d   Thumb Code   296  bsp_adc.o(.text)
    .text                                    0x08002790   Section        0  bsp_usart.o(.text)
    NVIC_Configuration                       0x08002791   Thumb Code    38  bsp_usart.o(.text)
    .text                                    0x08002934   Section        0  bsp_ili9341_lcd.o(.text)
    ILI9341_Delay                            0x08002935   Thumb Code    18  bsp_ili9341_lcd.o(.text)
    ILI9341_GPIO_Config                      0x08002947   Thumb Code   398  bsp_ili9341_lcd.o(.text)
    ILI9341_FSMC_Config                      0x08002ad5   Thumb Code   110  bsp_ili9341_lcd.o(.text)
    ILI9341_REG_Config                       0x08002baf   Thumb Code  1106  bsp_ili9341_lcd.o(.text)
    ILI9341_SetCursor                        0x08003195   Thumb Code    20  bsp_ili9341_lcd.o(.text)
    ILI9341_FillColor                        0x080031a9   Thumb Code    32  bsp_ili9341_lcd.o(.text)
    ILI9341_Read_PixelData                   0x0800323b   Thumb Code    50  bsp_ili9341_lcd.o(.text)
    .text                                    0x08003d70   Section        0  bsp_spi_flash.o(.text)
    SPI_TIMEOUT_UserCallback                 0x08003e23   Thumb Code    16  bsp_spi_flash.o(.text)
    .text                                    0x080042ec   Section        0  fonts.o(.text)
    .text                                    0x08004340   Section        0  bsp_beep.o(.text)
    .text                                    0x08004378   Section        0  bsp_esp8266.o(.text)
    ESP8266_USART_NVIC_Configuration         0x08004379   Thumb Code    40  bsp_esp8266.o(.text)
    ESP8266_USART_Config                     0x080043a1   Thumb Code   148  bsp_esp8266.o(.text)
    ESP8266_GPIO_Config                      0x08004435   Thumb Code    64  bsp_esp8266.o(.text)
    .text                                    0x08004c94   Section        0  bsp_esp8266_test.o(.text)
    .text                                    0x08004f04   Section        0  core_delay.o(.text)
    .text                                    0x08004f80   Section        0  common.o(.text)
    itoa                                     0x08004f81   Thumb Code    98  common.o(.text)
    .text                                    0x080050e8   Section        0  bsp_led.o(.text)
    .text                                    0x08005148   Section        0  uldiv.o(.text)
    .text                                    0x080051aa   Section        0  memseta.o(.text)
    .text                                    0x080051ce   Section        0  strstr.o(.text)
    .text                                    0x080051f2   Section        0  dadd.o(.text)
    .text                                    0x08005340   Section        0  dmul.o(.text)
    .text                                    0x08005424   Section        0  ddiv.o(.text)
    .text                                    0x08005502   Section        0  dfltui.o(.text)
    .text                                    0x0800551c   Section        0  dfixui.o(.text)
    .text                                    0x08005550   Section       48  cdcmple.o(.text)
    .text                                    0x08005580   Section        0  uidiv.o(.text)
    .text                                    0x080055ac   Section        0  llshl.o(.text)
    .text                                    0x080055ca   Section        0  llushr.o(.text)
    .text                                    0x080055ea   Section        0  llsshr.o(.text)
    .text                                    0x0800560e   Section        0  depilogue.o(.text)
    .text                                    0x0800560e   Section        0  iusefp.o(.text)
    .text                                    0x080056c8   Section        0  dscalb.o(.text)
    .text                                    0x080056f6   Section        0  dflti.o(.text)
    .text                                    0x08005718   Section        0  dfixul.o(.text)
    .text                                    0x08005748   Section       48  cdrcmple.o(.text)
    .text                                    0x08005778   Section       36  init.o(.text)
    .text                                    0x0800579c   Section        0  dsqrt.o(.text)
    i.ILI9341_Read_Data                      0x08005840   Section        0  bsp_ili9341_lcd.o(i.ILI9341_Read_Data)
    i.ILI9341_Write_Cmd                      0x0800584c   Section        0  bsp_ili9341_lcd.o(i.ILI9341_Write_Cmd)
    i.ILI9341_Write_Data                     0x08005854   Section        0  bsp_ili9341_lcd.o(i.ILI9341_Write_Data)
    i.__0printf                              0x08005860   Section        0  printfa.o(i.__0printf)
    i.__0sprintf                             0x08005880   Section        0  printfa.o(i.__0sprintf)
    i.__ARM_fpclassify                       0x080058a8   Section        0  fpclassify.o(i.__ARM_fpclassify)
    i.__kernel_poly                          0x080058d0   Section        0  poly.o(i.__kernel_poly)
    i.__mathlib_dbl_divzero                  0x0800597c   Section        0  dunder.o(i.__mathlib_dbl_divzero)
    i.__mathlib_dbl_infnan                   0x0800598c   Section        0  dunder.o(i.__mathlib_dbl_infnan)
    i.__mathlib_dbl_infnan2                  0x08005992   Section        0  dunder.o(i.__mathlib_dbl_infnan2)
    i.__mathlib_dbl_invalid                  0x08005996   Section        0  dunder.o(i.__mathlib_dbl_invalid)
    i.__mathlib_dbl_overflow                 0x080059a2   Section        0  dunder.o(i.__mathlib_dbl_overflow)
    i.__mathlib_dbl_underflow                0x080059b0   Section        0  dunder.o(i.__mathlib_dbl_underflow)
    i.__scatterload_copy                     0x080059c0   Section       14  handlers.o(i.__scatterload_copy)
    i.__scatterload_null                     0x080059ce   Section        2  handlers.o(i.__scatterload_null)
    i.__scatterload_zeroinit                 0x080059d0   Section       14  handlers.o(i.__scatterload_zeroinit)
    i.__set_errno                            0x080059e0   Section        0  errno.o(i.__set_errno)
    i._fp_digits                             0x080059ec   Section        0  printfa.o(i._fp_digits)
    _fp_digits                               0x080059ed   Thumb Code   366  printfa.o(i._fp_digits)
    i._printf_core                           0x08005b70   Section        0  printfa.o(i._printf_core)
    _printf_core                             0x08005b71   Thumb Code  1744  printfa.o(i._printf_core)
    i._printf_post_padding                   0x0800624c   Section        0  printfa.o(i._printf_post_padding)
    _printf_post_padding                     0x0800624d   Thumb Code    36  printfa.o(i._printf_post_padding)
    i._printf_pre_padding                    0x08006270   Section        0  printfa.o(i._printf_pre_padding)
    _printf_pre_padding                      0x08006271   Thumb Code    46  printfa.o(i._printf_pre_padding)
    i._sputc                                 0x0800629e   Section        0  printfa.o(i._sputc)
    _sputc                                   0x0800629f   Thumb Code    10  printfa.o(i._sputc)
    i.log                                    0x080062a8   Section        0  log.o(i.log)
    i.log10                                  0x08006604   Section        0  log10.o(i.log10)
    i.pow                                    0x080066e8   Section        0  pow.o(i.pow)
    i.sqrt                                   0x080070c0   Section        0  sqrt.o(i.sqrt)
    .constdata                               0x0800710c   Section    15200  fonts.o(.constdata)
    .constdata                               0x0800ac70   Section      136  pow.o(.constdata)
    bp                                       0x0800ac70   Data          16  pow.o(.constdata)
    dp_h                                     0x0800ac80   Data          16  pow.o(.constdata)
    dp_l                                     0x0800ac90   Data          16  pow.o(.constdata)
    L                                        0x0800aca0   Data          48  pow.o(.constdata)
    P                                        0x0800acd0   Data          40  pow.o(.constdata)
    .constdata                               0x0800acf8   Section       56  log.o(.constdata)
    Lg2                                      0x0800acf8   Data          24  log.o(.constdata)
    Lg                                       0x0800ad10   Data          32  log.o(.constdata)
    .constdata                               0x0800ad30   Section        8  qnan.o(.constdata)
    .conststring                             0x0800ad38   Section       91  bsp_esp8266_test.o(.conststring)
    .data                                    0x20000000   Section       20  system_stm32f10x.o(.data)
    .data                                    0x20000014   Section       20  stm32f10x_rcc.o(.data)
    APBAHBPrescTable                         0x20000014   Data          16  stm32f10x_rcc.o(.data)
    ADCPrescTable                            0x20000024   Data           4  stm32f10x_rcc.o(.data)
    .data                                    0x20000028   Section       20  main.o(.data)
    .data                                    0x2000003c   Section       16  bsp_ili9341_lcd.o(.data)
    LCD_Currentfonts                         0x20000044   Data           4  bsp_ili9341_lcd.o(.data)
    CurrentTextColor                         0x20000048   Data           2  bsp_ili9341_lcd.o(.data)
    CurrentBackColor                         0x2000004a   Data           2  bsp_ili9341_lcd.o(.data)
    .data                                    0x2000004c   Section        4  bsp_spi_flash.o(.data)
    SPITimeout                               0x2000004c   Data           4  bsp_spi_flash.o(.data)
    .data                                    0x20000050   Section       25  fonts.o(.data)
    everRead                                 0x20000068   Data           1  fonts.o(.data)
    .data                                    0x2000006c   Section       33  bsp_esp8266_test.o(.data)
    .data                                    0x20000090   Section        4  stdout.o(.data)
    .data                                    0x20000094   Section        4  errno.o(.data)
    _errno                                   0x20000094   Data           4  errno.o(.data)
    .bss                                     0x20000098   Section      232  main.o(.bss)
    .bss                                     0x20000180   Section       12  bsp_adc.o(.bss)
    .bss                                     0x2000018c   Section    17408  bsp_ili9341_lcd.o(.bss)
    .bss                                     0x2000458c   Section     2052  bsp_esp8266.o(.bss)
    STACK                                    0x20004d90   Section     1024  startup_stm32f10x_hd.o(STACK)

    Global Symbols

    Symbol Name                              Value     Ov Type        Size  Object(Section)

    BuildAttributes$$THM_ISAv4$P$D$K$B$S$PE$A:L22UL41UL21$X:L11$S22US41US21$IEEE1$IW$USESV6$~STKCKD$USESV7$~SHL$OTIME$ROPI$IEEEX$EBA8$MICROLIB$REQ8$PRES8$EABIv2 0x00000000   Number         0  anon$$obj.o ABSOLUTE
    __ARM_use_no_argv                        0x00000000   Number         0  main.o ABSOLUTE
    _printf_a                                0x00000000   Number         0  stubs.o ABSOLUTE
    _printf_c                                0x00000000   Number         0  stubs.o ABSOLUTE
    _printf_charcount                        0x00000000   Number         0  stubs.o ABSOLUTE
    _printf_d                                0x00000000   Number         0  stubs.o ABSOLUTE
    _printf_e                                0x00000000   Number         0  stubs.o ABSOLUTE
    _printf_f                                0x00000000   Number         0  stubs.o ABSOLUTE
    _printf_flags                            0x00000000   Number         0  stubs.o ABSOLUTE
    _printf_fp_dec                           0x00000000   Number         0  stubs.o ABSOLUTE
    _printf_fp_hex                           0x00000000   Number         0  stubs.o ABSOLUTE
    _printf_g                                0x00000000   Number         0  stubs.o ABSOLUTE
    _printf_i                                0x00000000   Number         0  stubs.o ABSOLUTE
    _printf_int_dec                          0x00000000   Number         0  stubs.o ABSOLUTE
    _printf_l                                0x00000000   Number         0  stubs.o ABSOLUTE
    _printf_lc                               0x00000000   Number         0  stubs.o ABSOLUTE
    _printf_ll                               0x00000000   Number         0  stubs.o ABSOLUTE
    _printf_lld                              0x00000000   Number         0  stubs.o ABSOLUTE
    _printf_lli                              0x00000000   Number         0  stubs.o ABSOLUTE
    _printf_llo                              0x00000000   Number         0  stubs.o ABSOLUTE
    _printf_llu                              0x00000000   Number         0  stubs.o ABSOLUTE
    _printf_llx                              0x00000000   Number         0  stubs.o ABSOLUTE
    _printf_longlong_dec                     0x00000000   Number         0  stubs.o ABSOLUTE
    _printf_longlong_hex                     0x00000000   Number         0  stubs.o ABSOLUTE
    _printf_longlong_oct                     0x00000000   Number         0  stubs.o ABSOLUTE
    _printf_ls                               0x00000000   Number         0  stubs.o ABSOLUTE
    _printf_mbtowc                           0x00000000   Number         0  stubs.o ABSOLUTE
    _printf_n                                0x00000000   Number         0  stubs.o ABSOLUTE
    _printf_o                                0x00000000   Number         0  stubs.o ABSOLUTE
    _printf_p                                0x00000000   Number         0  stubs.o ABSOLUTE
    _printf_percent                          0x00000000   Number         0  stubs.o ABSOLUTE
    _printf_pre_padding                      0x00000000   Number         0  stubs.o ABSOLUTE
    _printf_return_value                     0x00000000   Number         0  stubs.o ABSOLUTE
    _printf_s                                0x00000000   Number         0  stubs.o ABSOLUTE
    _printf_sizespec                         0x00000000   Number         0  stubs.o ABSOLUTE
    _printf_str                              0x00000000   Number         0  stubs.o ABSOLUTE
    _printf_truncate_signed                  0x00000000   Number         0  stubs.o ABSOLUTE
    _printf_truncate_unsigned                0x00000000   Number         0  stubs.o ABSOLUTE
    _printf_u                                0x00000000   Number         0  stubs.o ABSOLUTE
    _printf_wc                               0x00000000   Number         0  stubs.o ABSOLUTE
    _printf_wctomb                           0x00000000   Number         0  stubs.o ABSOLUTE
    _printf_widthprec                        0x00000000   Number         0  stubs.o ABSOLUTE
    _printf_x                                0x00000000   Number         0  stubs.o ABSOLUTE
    __cpp_initialize__aeabi_                  - Undefined Weak Reference
    __cxa_finalize                            - Undefined Weak Reference
    __decompress                              - Undefined Weak Reference
    _clock_init                               - Undefined Weak Reference
    _microlib_exit                            - Undefined Weak Reference
    __Vectors_Size                           0x00000130   Number         0  startup_stm32f10x_hd.o ABSOLUTE
    __Vectors                                0x08000000   Data           4  startup_stm32f10x_hd.o(RESET)
    __Vectors_End                            0x08000130   Data           0  startup_stm32f10x_hd.o(RESET)
    __main                                   0x08000131   Thumb Code     0  entry.o(.ARM.Collect$$$$00000000)
    _main_stk                                0x08000131   Thumb Code     0  entry2.o(.ARM.Collect$$$$00000001)
    _main_scatterload                        0x08000135   Thumb Code     0  entry5.o(.ARM.Collect$$$$00000004)
    __main_after_scatterload                 0x08000139   Thumb Code     0  entry5.o(.ARM.Collect$$$$00000004)
    _main_clock                              0x08000139   Thumb Code     0  entry7b.o(.ARM.Collect$$$$00000008)
    _main_cpp_init                           0x08000139   Thumb Code     0  entry8b.o(.ARM.Collect$$$$0000000A)
    _main_init                               0x08000139   Thumb Code     0  entry9a.o(.ARM.Collect$$$$0000000B)
    __rt_final_cpp                           0x08000141   Thumb Code     0  entry10a.o(.ARM.Collect$$$$0000000D)
    __rt_final_exit                          0x08000141   Thumb Code     0  entry11a.o(.ARM.Collect$$$$0000000F)
    Reset_Handler                            0x08000145   Thumb Code     8  startup_stm32f10x_hd.o(.text)
    ADC1_2_IRQHandler                        0x0800015f   Thumb Code     0  startup_stm32f10x_hd.o(.text)
    ADC3_IRQHandler                          0x0800015f   Thumb Code     0  startup_stm32f10x_hd.o(.text)
    CAN1_RX1_IRQHandler                      0x0800015f   Thumb Code     0  startup_stm32f10x_hd.o(.text)
    CAN1_SCE_IRQHandler                      0x0800015f   Thumb Code     0  startup_stm32f10x_hd.o(.text)
    DMA1_Channel1_IRQHandler                 0x0800015f   Thumb Code     0  startup_stm32f10x_hd.o(.text)
    DMA1_Channel2_IRQHandler                 0x0800015f   Thumb Code     0  startup_stm32f10x_hd.o(.text)
    DMA1_Channel3_IRQHandler                 0x0800015f   Thumb Code     0  startup_stm32f10x_hd.o(.text)
    DMA1_Channel4_IRQHandler                 0x0800015f   Thumb Code     0  startup_stm32f10x_hd.o(.text)
    DMA1_Channel5_IRQHandler                 0x0800015f   Thumb Code     0  startup_stm32f10x_hd.o(.text)
    DMA1_Channel6_IRQHandler                 0x0800015f   Thumb Code     0  startup_stm32f10x_hd.o(.text)
    DMA1_Channel7_IRQHandler                 0x0800015f   Thumb Code     0  startup_stm32f10x_hd.o(.text)
    DMA2_Channel1_IRQHandler                 0x0800015f   Thumb Code     0  startup_stm32f10x_hd.o(.text)
    DMA2_Channel2_IRQHandler                 0x0800015f   Thumb Code     0  startup_stm32f10x_hd.o(.text)
    DMA2_Channel3_IRQHandler                 0x0800015f   Thumb Code     0  startup_stm32f10x_hd.o(.text)
    DMA2_Channel4_5_IRQHandler               0x0800015f   Thumb Code     0  startup_stm32f10x_hd.o(.text)
    EXTI15_10_IRQHandler                     0x0800015f   Thumb Code     0  startup_stm32f10x_hd.o(.text)
    EXTI1_IRQHandler                         0x0800015f   Thumb Code     0  startup_stm32f10x_hd.o(.text)
    EXTI2_IRQHandler                         0x0800015f   Thumb Code     0  startup_stm32f10x_hd.o(.text)
    EXTI3_IRQHandler                         0x0800015f   Thumb Code     0  startup_stm32f10x_hd.o(.text)
    EXTI4_IRQHandler                         0x0800015f   Thumb Code     0  startup_stm32f10x_hd.o(.text)
    EXTI9_5_IRQHandler                       0x0800015f   Thumb Code     0  startup_stm32f10x_hd.o(.text)
    FLASH_IRQHandler                         0x0800015f   Thumb Code     0  startup_stm32f10x_hd.o(.text)
    FSMC_IRQHandler                          0x0800015f   Thumb Code     0  startup_stm32f10x_hd.o(.text)
    I2C1_ER_IRQHandler                       0x0800015f   Thumb Code     0  startup_stm32f10x_hd.o(.text)
    I2C1_EV_IRQHandler                       0x0800015f   Thumb Code     0  startup_stm32f10x_hd.o(.text)
    I2C2_ER_IRQHandler                       0x0800015f   Thumb Code     0  startup_stm32f10x_hd.o(.text)
    I2C2_EV_IRQHandler                       0x0800015f   Thumb Code     0  startup_stm32f10x_hd.o(.text)
    PVD_IRQHandler                           0x0800015f   Thumb Code     0  startup_stm32f10x_hd.o(.text)
    RCC_IRQHandler                           0x0800015f   Thumb Code     0  startup_stm32f10x_hd.o(.text)
    RTCAlarm_IRQHandler                      0x0800015f   Thumb Code     0  startup_stm32f10x_hd.o(.text)
    RTC_IRQHandler                           0x0800015f   Thumb Code     0  startup_stm32f10x_hd.o(.text)
    SDIO_IRQHandler                          0x0800015f   Thumb Code     0  startup_stm32f10x_hd.o(.text)
    SPI1_IRQHandler                          0x0800015f   Thumb Code     0  startup_stm32f10x_hd.o(.text)
    SPI2_IRQHandler                          0x0800015f   Thumb Code     0  startup_stm32f10x_hd.o(.text)
    SPI3_IRQHandler                          0x0800015f   Thumb Code     0  startup_stm32f10x_hd.o(.text)
    TAMPER_IRQHandler                        0x0800015f   Thumb Code     0  startup_stm32f10x_hd.o(.text)
    TIM1_BRK_IRQHandler                      0x0800015f   Thumb Code     0  startup_stm32f10x_hd.o(.text)
    TIM1_CC_IRQHandler                       0x0800015f   Thumb Code     0  startup_stm32f10x_hd.o(.text)
    TIM1_TRG_COM_IRQHandler                  0x0800015f   Thumb Code     0  startup_stm32f10x_hd.o(.text)
    TIM1_UP_IRQHandler                       0x0800015f   Thumb Code     0  startup_stm32f10x_hd.o(.text)
    TIM2_IRQHandler                          0x0800015f   Thumb Code     0  startup_stm32f10x_hd.o(.text)
    TIM3_IRQHandler                          0x0800015f   Thumb Code     0  startup_stm32f10x_hd.o(.text)
    TIM4_IRQHandler                          0x0800015f   Thumb Code     0  startup_stm32f10x_hd.o(.text)
    TIM5_IRQHandler                          0x0800015f   Thumb Code     0  startup_stm32f10x_hd.o(.text)
    TIM6_IRQHandler                          0x0800015f   Thumb Code     0  startup_stm32f10x_hd.o(.text)
    TIM7_IRQHandler                          0x0800015f   Thumb Code     0  startup_stm32f10x_hd.o(.text)
    TIM8_BRK_IRQHandler                      0x0800015f   Thumb Code     0  startup_stm32f10x_hd.o(.text)
    TIM8_CC_IRQHandler                       0x0800015f   Thumb Code     0  startup_stm32f10x_hd.o(.text)
    TIM8_TRG_COM_IRQHandler                  0x0800015f   Thumb Code     0  startup_stm32f10x_hd.o(.text)
    TIM8_UP_IRQHandler                       0x0800015f   Thumb Code     0  startup_stm32f10x_hd.o(.text)
    UART4_IRQHandler                         0x0800015f   Thumb Code     0  startup_stm32f10x_hd.o(.text)
    UART5_IRQHandler                         0x0800015f   Thumb Code     0  startup_stm32f10x_hd.o(.text)
    USART2_IRQHandler                        0x0800015f   Thumb Code     0  startup_stm32f10x_hd.o(.text)
    USBWakeUp_IRQHandler                     0x0800015f   Thumb Code     0  startup_stm32f10x_hd.o(.text)
    USB_HP_CAN1_TX_IRQHandler                0x0800015f   Thumb Code     0  startup_stm32f10x_hd.o(.text)
    USB_LP_CAN1_RX0_IRQHandler               0x0800015f   Thumb Code     0  startup_stm32f10x_hd.o(.text)
    WWDG_IRQHandler                          0x0800015f   Thumb Code     0  startup_stm32f10x_hd.o(.text)
    SystemInit                               0x08000247   Thumb Code    78  system_stm32f10x.o(.text)
    SystemCoreClockUpdate                    0x08000295   Thumb Code   142  system_stm32f10x.o(.text)
    NVIC_PriorityGroupConfig                 0x08000349   Thumb Code    10  misc.o(.text)
    NVIC_Init                                0x08000353   Thumb Code   100  misc.o(.text)
    NVIC_SetVectorTable                      0x080003b7   Thumb Code    14  misc.o(.text)
    NVIC_SystemLPConfig                      0x080003c5   Thumb Code    34  misc.o(.text)
    SysTick_CLKSourceConfig                  0x080003e7   Thumb Code    40  misc.o(.text)
    ADC_DeInit                               0x08000425   Thumb Code    78  stm32f10x_adc.o(.text)
    ADC_Init                                 0x08000473   Thumb Code    70  stm32f10x_adc.o(.text)
    ADC_StructInit                           0x080004b9   Thumb Code    18  stm32f10x_adc.o(.text)
    ADC_Cmd                                  0x080004cb   Thumb Code    22  stm32f10x_adc.o(.text)
    ADC_DMACmd                               0x080004e1   Thumb Code    22  stm32f10x_adc.o(.text)
    ADC_ITConfig                             0x080004f7   Thumb Code    24  stm32f10x_adc.o(.text)
    ADC_ResetCalibration                     0x0800050f   Thumb Code    10  stm32f10x_adc.o(.text)
    ADC_GetResetCalibrationStatus            0x08000519   Thumb Code    20  stm32f10x_adc.o(.text)
    ADC_StartCalibration                     0x0800052d   Thumb Code    10  stm32f10x_adc.o(.text)
    ADC_GetCalibrationStatus                 0x08000537   Thumb Code    20  stm32f10x_adc.o(.text)
    ADC_SoftwareStartConvCmd                 0x0800054b   Thumb Code    22  stm32f10x_adc.o(.text)
    ADC_GetSoftwareStartConvStatus           0x08000561   Thumb Code    20  stm32f10x_adc.o(.text)
    ADC_DiscModeChannelCountConfig           0x08000575   Thumb Code    24  stm32f10x_adc.o(.text)
    ADC_DiscModeCmd                          0x0800058d   Thumb Code    22  stm32f10x_adc.o(.text)
    ADC_RegularChannelConfig                 0x080005a3   Thumb Code   184  stm32f10x_adc.o(.text)
    ADC_ExternalTrigConvCmd                  0x0800065b   Thumb Code    22  stm32f10x_adc.o(.text)
    ADC_GetConversionValue                   0x08000671   Thumb Code     8  stm32f10x_adc.o(.text)
    ADC_GetDualModeConversionValue           0x08000679   Thumb Code     8  stm32f10x_adc.o(.text)
    ADC_AutoInjectedConvCmd                  0x08000681   Thumb Code    22  stm32f10x_adc.o(.text)
    ADC_InjectedDiscModeCmd                  0x08000697   Thumb Code    22  stm32f10x_adc.o(.text)
    ADC_ExternalTrigInjectedConvConfig       0x080006ad   Thumb Code    16  stm32f10x_adc.o(.text)
    ADC_ExternalTrigInjectedConvCmd          0x080006bd   Thumb Code    22  stm32f10x_adc.o(.text)
    ADC_SoftwareStartInjectedConvCmd         0x080006d3   Thumb Code    22  stm32f10x_adc.o(.text)
    ADC_GetSoftwareStartInjectedConvCmdStatus 0x080006e9   Thumb Code    20  stm32f10x_adc.o(.text)
    ADC_InjectedChannelConfig                0x080006fd   Thumb Code   130  stm32f10x_adc.o(.text)
    ADC_InjectedSequencerLengthConfig        0x0800077f   Thumb Code    24  stm32f10x_adc.o(.text)
    ADC_SetInjectedOffset                    0x08000797   Thumb Code    20  stm32f10x_adc.o(.text)
    ADC_GetInjectedConversionValue           0x080007ab   Thumb Code    28  stm32f10x_adc.o(.text)
    ADC_AnalogWatchdogCmd                    0x080007c7   Thumb Code    16  stm32f10x_adc.o(.text)
    ADC_AnalogWatchdogThresholdsConfig       0x080007d7   Thumb Code     6  stm32f10x_adc.o(.text)
    ADC_AnalogWatchdogSingleChannelConfig    0x080007dd   Thumb Code    16  stm32f10x_adc.o(.text)
    ADC_TempSensorVrefintCmd                 0x080007ed   Thumb Code    64  stm32f10x_adc.o(.text)
    ADC_GetFlagStatus                        0x0800082d   Thumb Code    18  stm32f10x_adc.o(.text)
    ADC_ClearFlag                            0x0800083f   Thumb Code     6  stm32f10x_adc.o(.text)
    ADC_GetITStatus                          0x08000845   Thumb Code    36  stm32f10x_adc.o(.text)
    ADC_ClearITPendingBit                    0x08000869   Thumb Code    10  stm32f10x_adc.o(.text)
    DMA_DeInit                               0x08000875   Thumb Code   324  stm32f10x_dma.o(.text)
    DMA_Init                                 0x080009b9   Thumb Code    60  stm32f10x_dma.o(.text)
    DMA_StructInit                           0x080009f5   Thumb Code    26  stm32f10x_dma.o(.text)
    DMA_Cmd                                  0x08000a0f   Thumb Code    24  stm32f10x_dma.o(.text)
    DMA_ITConfig                             0x08000a27   Thumb Code    18  stm32f10x_dma.o(.text)
    DMA_SetCurrDataCounter                   0x08000a39   Thumb Code     4  stm32f10x_dma.o(.text)
    DMA_GetCurrDataCounter                   0x08000a3d   Thumb Code     8  stm32f10x_dma.o(.text)
    DMA_GetFlagStatus                        0x08000a45   Thumb Code    40  stm32f10x_dma.o(.text)
    DMA_ClearFlag                            0x08000a6d   Thumb Code    22  stm32f10x_dma.o(.text)
    DMA_GetITStatus                          0x08000a83   Thumb Code    40  stm32f10x_dma.o(.text)
    DMA_ClearITPendingBit                    0x08000aab   Thumb Code    22  stm32f10x_dma.o(.text)
    FSMC_NORSRAMDeInit                       0x08000ac9   Thumb Code    54  stm32f10x_fsmc.o(.text)
    FSMC_NANDDeInit                          0x08000aff   Thumb Code    62  stm32f10x_fsmc.o(.text)
    FSMC_PCCARDDeInit                        0x08000b3d   Thumb Code    36  stm32f10x_fsmc.o(.text)
    FSMC_NORSRAMInit                         0x08000b61   Thumb Code   230  stm32f10x_fsmc.o(.text)
    FSMC_NANDInit                            0x08000c47   Thumb Code   132  stm32f10x_fsmc.o(.text)
    FSMC_PCCARDInit                          0x08000ccb   Thumb Code   130  stm32f10x_fsmc.o(.text)
    FSMC_NORSRAMStructInit                   0x08000d4d   Thumb Code   114  stm32f10x_fsmc.o(.text)
    FSMC_NANDStructInit                      0x08000dbf   Thumb Code    54  stm32f10x_fsmc.o(.text)
    FSMC_PCCARDStructInit                    0x08000df5   Thumb Code    60  stm32f10x_fsmc.o(.text)
    FSMC_NORSRAMCmd                          0x08000e31   Thumb Code    46  stm32f10x_fsmc.o(.text)
    FSMC_NANDCmd                             0x08000e5f   Thumb Code    86  stm32f10x_fsmc.o(.text)
    FSMC_PCCARDCmd                           0x08000eb5   Thumb Code    44  stm32f10x_fsmc.o(.text)
    FSMC_NANDECCCmd                          0x08000ee1   Thumb Code    90  stm32f10x_fsmc.o(.text)
    FSMC_GetECC                              0x08000f3b   Thumb Code    24  stm32f10x_fsmc.o(.text)
    FSMC_ITConfig                            0x08000f53   Thumb Code   128  stm32f10x_fsmc.o(.text)
    FSMC_GetFlagStatus                       0x08000fd3   Thumb Code    54  stm32f10x_fsmc.o(.text)
    FSMC_ClearFlag                           0x08001009   Thumb Code    62  stm32f10x_fsmc.o(.text)
    FSMC_GetITStatus                         0x08001047   Thumb Code    64  stm32f10x_fsmc.o(.text)
    FSMC_ClearITPendingBit                   0x08001087   Thumb Code    68  stm32f10x_fsmc.o(.text)
    GPIO_DeInit                              0x080010d5   Thumb Code   172  stm32f10x_gpio.o(.text)
    GPIO_AFIODeInit                          0x08001181   Thumb Code    20  stm32f10x_gpio.o(.text)
    GPIO_Init                                0x08001195   Thumb Code   278  stm32f10x_gpio.o(.text)
    GPIO_StructInit                          0x080012ab   Thumb Code    16  stm32f10x_gpio.o(.text)
    GPIO_ReadInputDataBit                    0x080012bb   Thumb Code    18  stm32f10x_gpio.o(.text)
    GPIO_ReadInputData                       0x080012cd   Thumb Code     8  stm32f10x_gpio.o(.text)
    GPIO_ReadOutputDataBit                   0x080012d5   Thumb Code    18  stm32f10x_gpio.o(.text)
    GPIO_ReadOutputData                      0x080012e7   Thumb Code     8  stm32f10x_gpio.o(.text)
    GPIO_SetBits                             0x080012ef   Thumb Code     4  stm32f10x_gpio.o(.text)
    GPIO_ResetBits                           0x080012f3   Thumb Code     4  stm32f10x_gpio.o(.text)
    GPIO_WriteBit                            0x080012f7   Thumb Code    10  stm32f10x_gpio.o(.text)
    GPIO_Write                               0x08001301   Thumb Code     4  stm32f10x_gpio.o(.text)
    GPIO_PinLockConfig                       0x08001305   Thumb Code    18  stm32f10x_gpio.o(.text)
    GPIO_EventOutputConfig                   0x08001317   Thumb Code    26  stm32f10x_gpio.o(.text)
    GPIO_EventOutputCmd                      0x08001331   Thumb Code     6  stm32f10x_gpio.o(.text)
    GPIO_PinRemapConfig                      0x08001337   Thumb Code   138  stm32f10x_gpio.o(.text)
    GPIO_EXTILineConfig                      0x080013c1   Thumb Code    66  stm32f10x_gpio.o(.text)
    GPIO_ETH_MediaInterfaceConfig            0x08001403   Thumb Code     8  stm32f10x_gpio.o(.text)
    RCC_DeInit                               0x08001431   Thumb Code    64  stm32f10x_rcc.o(.text)
    RCC_HSEConfig                            0x08001471   Thumb Code    70  stm32f10x_rcc.o(.text)
    RCC_GetFlagStatus                        0x080014b7   Thumb Code    56  stm32f10x_rcc.o(.text)
    RCC_WaitForHSEStartUp                    0x080014ef   Thumb Code    56  stm32f10x_rcc.o(.text)
    RCC_AdjustHSICalibrationValue            0x08001527   Thumb Code    20  stm32f10x_rcc.o(.text)
    RCC_HSICmd                               0x0800153b   Thumb Code     6  stm32f10x_rcc.o(.text)
    RCC_PLLConfig                            0x08001541   Thumb Code    24  stm32f10x_rcc.o(.text)
    RCC_PLLCmd                               0x08001559   Thumb Code     6  stm32f10x_rcc.o(.text)
    RCC_SYSCLKConfig                         0x0800155f   Thumb Code    18  stm32f10x_rcc.o(.text)
    RCC_GetSYSCLKSource                      0x08001571   Thumb Code    10  stm32f10x_rcc.o(.text)
    RCC_HCLKConfig                           0x0800157b   Thumb Code    18  stm32f10x_rcc.o(.text)
    RCC_PCLK1Config                          0x0800158d   Thumb Code    18  stm32f10x_rcc.o(.text)
    RCC_PCLK2Config                          0x0800159f   Thumb Code    20  stm32f10x_rcc.o(.text)
    RCC_ITConfig                             0x080015b3   Thumb Code    26  stm32f10x_rcc.o(.text)
    RCC_USBCLKConfig                         0x080015cd   Thumb Code     8  stm32f10x_rcc.o(.text)
    RCC_ADCCLKConfig                         0x080015d5   Thumb Code    18  stm32f10x_rcc.o(.text)
    RCC_LSEConfig                            0x080015e7   Thumb Code    50  stm32f10x_rcc.o(.text)
    RCC_LSICmd                               0x08001619   Thumb Code     6  stm32f10x_rcc.o(.text)
    RCC_RTCCLKConfig                         0x0800161f   Thumb Code    12  stm32f10x_rcc.o(.text)
    RCC_RTCCLKCmd                            0x0800162b   Thumb Code     8  stm32f10x_rcc.o(.text)
    RCC_GetClocksFreq                        0x08001633   Thumb Code   192  stm32f10x_rcc.o(.text)
    RCC_AHBPeriphClockCmd                    0x080016f3   Thumb Code    26  stm32f10x_rcc.o(.text)
    RCC_APB2PeriphClockCmd                   0x0800170d   Thumb Code    26  stm32f10x_rcc.o(.text)
    RCC_APB1PeriphClockCmd                   0x08001727   Thumb Code    26  stm32f10x_rcc.o(.text)
    RCC_APB2PeriphResetCmd                   0x08001741   Thumb Code    26  stm32f10x_rcc.o(.text)
    RCC_APB1PeriphResetCmd                   0x0800175b   Thumb Code    26  stm32f10x_rcc.o(.text)
    RCC_BackupResetCmd                       0x08001775   Thumb Code     8  stm32f10x_rcc.o(.text)
    RCC_ClockSecuritySystemCmd               0x0800177d   Thumb Code     6  stm32f10x_rcc.o(.text)
    RCC_MCOConfig                            0x08001783   Thumb Code     6  stm32f10x_rcc.o(.text)
    RCC_ClearFlag                            0x08001789   Thumb Code    14  stm32f10x_rcc.o(.text)
    RCC_GetITStatus                          0x08001797   Thumb Code    20  stm32f10x_rcc.o(.text)
    RCC_ClearITPendingBit                    0x080017ab   Thumb Code     6  stm32f10x_rcc.o(.text)
    SPI_I2S_DeInit                           0x080017d5   Thumb Code    76  stm32f10x_spi.o(.text)
    SPI_Init                                 0x08001821   Thumb Code    60  stm32f10x_spi.o(.text)
    I2S_Init                                 0x0800185d   Thumb Code   226  stm32f10x_spi.o(.text)
    SPI_StructInit                           0x0800193f   Thumb Code    24  stm32f10x_spi.o(.text)
    I2S_StructInit                           0x08001957   Thumb Code    20  stm32f10x_spi.o(.text)
    SPI_Cmd                                  0x0800196b   Thumb Code    24  stm32f10x_spi.o(.text)
    I2S_Cmd                                  0x08001983   Thumb Code    24  stm32f10x_spi.o(.text)
    SPI_I2S_ITConfig                         0x0800199b   Thumb Code    32  stm32f10x_spi.o(.text)
    SPI_I2S_DMACmd                           0x080019bb   Thumb Code    18  stm32f10x_spi.o(.text)
    SPI_I2S_SendData                         0x080019cd   Thumb Code     4  stm32f10x_spi.o(.text)
    SPI_I2S_ReceiveData                      0x080019d1   Thumb Code     6  stm32f10x_spi.o(.text)
    SPI_NSSInternalSoftwareConfig            0x080019d7   Thumb Code    30  stm32f10x_spi.o(.text)
    SPI_SSOutputCmd                          0x080019f5   Thumb Code    24  stm32f10x_spi.o(.text)
    SPI_DataSizeConfig                       0x08001a0d   Thumb Code    18  stm32f10x_spi.o(.text)
    SPI_TransmitCRC                          0x08001a1f   Thumb Code    10  stm32f10x_spi.o(.text)
    SPI_CalculateCRC                         0x08001a29   Thumb Code    24  stm32f10x_spi.o(.text)
    SPI_GetCRC                               0x08001a41   Thumb Code    16  stm32f10x_spi.o(.text)
    SPI_GetCRCPolynomial                     0x08001a51   Thumb Code     6  stm32f10x_spi.o(.text)
    SPI_BiDirectionalLineConfig              0x08001a57   Thumb Code    28  stm32f10x_spi.o(.text)
    SPI_I2S_GetFlagStatus                    0x08001a73   Thumb Code    18  stm32f10x_spi.o(.text)
    SPI_I2S_ClearFlag                        0x08001a85   Thumb Code     6  stm32f10x_spi.o(.text)
    SPI_I2S_GetITStatus                      0x08001a8b   Thumb Code    52  stm32f10x_spi.o(.text)
    SPI_I2S_ClearITPendingBit                0x08001abf   Thumb Code    20  stm32f10x_spi.o(.text)
    USART_DeInit                             0x08001ae1   Thumb Code   134  stm32f10x_usart.o(.text)
    USART_Init                               0x08001b67   Thumb Code   210  stm32f10x_usart.o(.text)
    USART_StructInit                         0x08001c39   Thumb Code    24  stm32f10x_usart.o(.text)
    USART_ClockInit                          0x08001c51   Thumb Code    34  stm32f10x_usart.o(.text)
    USART_ClockStructInit                    0x08001c73   Thumb Code    12  stm32f10x_usart.o(.text)
    USART_Cmd                                0x08001c7f   Thumb Code    24  stm32f10x_usart.o(.text)
    USART_ITConfig                           0x08001c97   Thumb Code    74  stm32f10x_usart.o(.text)
    USART_DMACmd                             0x08001ce1   Thumb Code    18  stm32f10x_usart.o(.text)
    USART_SetAddress                         0x08001cf3   Thumb Code    18  stm32f10x_usart.o(.text)
    USART_WakeUpConfig                       0x08001d05   Thumb Code    18  stm32f10x_usart.o(.text)
    USART_ReceiverWakeUpCmd                  0x08001d17   Thumb Code    24  stm32f10x_usart.o(.text)
    USART_LINBreakDetectLengthConfig         0x08001d2f   Thumb Code    18  stm32f10x_usart.o(.text)
    USART_LINCmd                             0x08001d41   Thumb Code    24  stm32f10x_usart.o(.text)
    USART_SendData                           0x08001d59   Thumb Code     8  stm32f10x_usart.o(.text)
    USART_ReceiveData                        0x08001d61   Thumb Code    10  stm32f10x_usart.o(.text)
    USART_SendBreak                          0x08001d6b   Thumb Code    10  stm32f10x_usart.o(.text)
    USART_SetGuardTime                       0x08001d75   Thumb Code    16  stm32f10x_usart.o(.text)
    USART_SetPrescaler                       0x08001d85   Thumb Code    16  stm32f10x_usart.o(.text)
    USART_SmartCardCmd                       0x08001d95   Thumb Code    24  stm32f10x_usart.o(.text)
    USART_SmartCardNACKCmd                   0x08001dad   Thumb Code    24  stm32f10x_usart.o(.text)
    USART_HalfDuplexCmd                      0x08001dc5   Thumb Code    24  stm32f10x_usart.o(.text)
    USART_OverSampling8Cmd                   0x08001ddd   Thumb Code    22  stm32f10x_usart.o(.text)
    USART_OneBitMethodCmd                    0x08001df3   Thumb Code    24  stm32f10x_usart.o(.text)
    USART_IrDAConfig                         0x08001e0b   Thumb Code    18  stm32f10x_usart.o(.text)
    USART_IrDACmd                            0x08001e1d   Thumb Code    24  stm32f10x_usart.o(.text)
    USART_GetFlagStatus                      0x08001e35   Thumb Code    26  stm32f10x_usart.o(.text)
    USART_ClearFlag                          0x08001e4f   Thumb Code    18  stm32f10x_usart.o(.text)
    USART_GetITStatus                        0x08001e61   Thumb Code    84  stm32f10x_usart.o(.text)
    USART_ClearITPendingBit                  0x08001eb5   Thumb Code    52  stm32f10x_usart.o(.text)
    Delay                                    0x08001ee9   Thumb Code    18  main.o(.text)
    ESP8266_SendDataTest                     0x08001efb   Thumb Code   104  main.o(.text)
    LCD_data                                 0x08001f63   Thumb Code   246  main.o(.text)
    KalmanFilter                             0x08002059   Thumb Code   152  main.o(.text)
    volcal                                   0x080020f1   Thumb Code   138  main.o(.text)
    LCD_show                                 0x0800217b   Thumb Code   294  main.o(.text)
    Kalman_Init                              0x080022a1   Thumb Code    38  main.o(.text)
    main                                     0x080022c7   Thumb Code   528  main.o(.text)
    EXTI0_IRQHandler                         0x080024d7   Thumb Code     2  main.o(.text)
    NMI_Handler                              0x080024f9   Thumb Code     2  stm32f10x_it.o(.text)
    HardFault_Handler                        0x080024fb   Thumb Code     4  stm32f10x_it.o(.text)
    MemManage_Handler                        0x080024ff   Thumb Code     4  stm32f10x_it.o(.text)
    BusFault_Handler                         0x08002503   Thumb Code     4  stm32f10x_it.o(.text)
    UsageFault_Handler                       0x08002507   Thumb Code     4  stm32f10x_it.o(.text)
    SVC_Handler                              0x0800250b   Thumb Code     2  stm32f10x_it.o(.text)
    DebugMon_Handler                         0x0800250d   Thumb Code     2  stm32f10x_it.o(.text)
    PendSV_Handler                           0x0800250f   Thumb Code     2  stm32f10x_it.o(.text)
    SysTick_Handler                          0x08002511   Thumb Code     2  stm32f10x_it.o(.text)
    USART1_IRQHandler                        0x08002513   Thumb Code   114  stm32f10x_it.o(.text)
    USART3_IRQHandler                        0x08002585   Thumb Code   134  stm32f10x_it.o(.text)
    ADCx_Init                                0x08002775   Thumb Code    12  bsp_adc.o(.text)
    USART_Config                             0x080027b7   Thumb Code   136  bsp_usart.o(.text)
    Usart_SendByte                           0x0800283f   Thumb Code    30  bsp_usart.o(.text)
    Usart_SendArray                          0x0800285d   Thumb Code    48  bsp_usart.o(.text)
    Usart_SendString                         0x0800288d   Thumb Code    42  bsp_usart.o(.text)
    Usart_SendHalfWord                       0x080028b7   Thumb Code    60  bsp_usart.o(.text)
    fputc                                    0x080028f3   Thumb Code    32  bsp_usart.o(.text)
    fgetc                                    0x08002913   Thumb Code    26  bsp_usart.o(.text)
    ILI9341_ReadID                           0x08002b43   Thumb Code   108  bsp_ili9341_lcd.o(.text)
    ILI9341_GramScan                         0x08003001   Thumb Code   208  bsp_ili9341_lcd.o(.text)
    ILI9341_Rst                              0x080030d1   Thumb Code    36  bsp_ili9341_lcd.o(.text)
    ILI9341_BackLed_Control                  0x080030f5   Thumb Code    30  bsp_ili9341_lcd.o(.text)
    ILI9341_Init                             0x08003113   Thumb Code    34  bsp_ili9341_lcd.o(.text)
    ILI9341_OpenWindow                       0x08003135   Thumb Code    96  bsp_ili9341_lcd.o(.text)
    ILI9341_Clear                            0x080031c9   Thumb Code    72  bsp_ili9341_lcd.o(.text)
    ILI9341_SetPointPixel                    0x08003211   Thumb Code    42  bsp_ili9341_lcd.o(.text)
    ILI9341_GetPointPixel                    0x0800326d   Thumb Code    24  bsp_ili9341_lcd.o(.text)
    ILI9341_DrawLine                         0x08003285   Thumb Code   160  bsp_ili9341_lcd.o(.text)
    ILI9341_DrawRectangle                    0x08003325   Thumb Code   132  bsp_ili9341_lcd.o(.text)
    ILI9341_DrawCircle                       0x080033a9   Thumb Code   312  bsp_ili9341_lcd.o(.text)
    ILI9341_DispChar_EN                      0x080034e1   Thumb Code   138  bsp_ili9341_lcd.o(.text)
    ILI9341_DispStringLine_EN                0x0800356b   Thumb Code    92  bsp_ili9341_lcd.o(.text)
    ILI9341_DispString_EN                    0x080035c7   Thumb Code   118  bsp_ili9341_lcd.o(.text)
    ILI9341_DispString_EN_YDir               0x0800363d   Thumb Code    92  bsp_ili9341_lcd.o(.text)
    ILI9341_DispChar_CH                      0x08003699   Thumb Code   122  bsp_ili9341_lcd.o(.text)
    ILI9341_DispString_CH                    0x08003713   Thumb Code    86  bsp_ili9341_lcd.o(.text)
    ILI9341_DispStringLine_EN_CH             0x08003769   Thumb Code   168  bsp_ili9341_lcd.o(.text)
    ILI9341_DispString_EN_CH                 0x08003811   Thumb Code   168  bsp_ili9341_lcd.o(.text)
    ILI9341_DispString_EN_CH_YDir            0x080038b9   Thumb Code   112  bsp_ili9341_lcd.o(.text)
    ILI9341_zoomChar                         0x08003929   Thumb Code   402  bsp_ili9341_lcd.o(.text)
    ILI9341_DrawChar_Ex                      0x08003abb   Thumb Code    92  bsp_ili9341_lcd.o(.text)
    ILI9341_DisplayStringEx                  0x08003b17   Thumb Code   246  bsp_ili9341_lcd.o(.text)
    ILI9341_DisplayStringEx_YDir             0x08003c0d   Thumb Code   250  bsp_ili9341_lcd.o(.text)
    LCD_SetFont                              0x08003d07   Thumb Code     6  bsp_ili9341_lcd.o(.text)
    LCD_GetFont                              0x08003d0d   Thumb Code     6  bsp_ili9341_lcd.o(.text)
    LCD_SetColors                            0x08003d13   Thumb Code    10  bsp_ili9341_lcd.o(.text)
    LCD_GetColors                            0x08003d1d   Thumb Code    14  bsp_ili9341_lcd.o(.text)
    LCD_SetTextColor                         0x08003d2b   Thumb Code     6  bsp_ili9341_lcd.o(.text)
    LCD_SetBackColor                         0x08003d31   Thumb Code     6  bsp_ili9341_lcd.o(.text)
    LCD_ClearLine                            0x08003d37   Thumb Code    26  bsp_ili9341_lcd.o(.text)
    SPI_FLASH_Init                           0x08003d71   Thumb Code   178  bsp_spi_flash.o(.text)
    SPI_FLASH_SendByte                       0x08003e33   Thumb Code   110  bsp_spi_flash.o(.text)
    SPI_FLASH_WaitForWriteEnd                0x08003ea1   Thumb Code    46  bsp_spi_flash.o(.text)
    SPI_FLASH_WriteEnable                    0x08003ecf   Thumb Code    26  bsp_spi_flash.o(.text)
    SPI_FLASH_SectorErase                    0x08003ee9   Thumb Code    62  bsp_spi_flash.o(.text)
    SPI_FLASH_BulkErase                      0x08003f27   Thumb Code    34  bsp_spi_flash.o(.text)
    SPI_FLASH_PageWrite                      0x08003f49   Thumb Code    98  bsp_spi_flash.o(.text)
    SPI_FLASH_BufferWrite                    0x08003fab   Thumb Code   290  bsp_spi_flash.o(.text)
    SPI_FLASH_BufferRead                     0x080040cd   Thumb Code    76  bsp_spi_flash.o(.text)
    SPI_FLASH_ReadID                         0x08004119   Thumb Code    74  bsp_spi_flash.o(.text)
    SPI_FLASH_ReadDeviceID                   0x08004163   Thumb Code   174  bsp_spi_flash.o(.text)
    SPI_FLASH_StartReadSequence              0x08004211   Thumb Code    42  bsp_spi_flash.o(.text)
    SPI_FLASH_ReadByte                       0x0800423b   Thumb Code    10  bsp_spi_flash.o(.text)
    SPI_FLASH_SendHalfWord                   0x08004245   Thumb Code   104  bsp_spi_flash.o(.text)
    SPI_Flash_PowerDown                      0x080042ad   Thumb Code    26  bsp_spi_flash.o(.text)
    SPI_Flash_WAKEUP                         0x080042c7   Thumb Code    26  bsp_spi_flash.o(.text)
    GetGBKCode_from_EXFlash                  0x080042ed   Thumb Code    74  fonts.o(.text)
    BEEP_GPIO_Config                         0x08004341   Thumb Code    50  bsp_beep.o(.text)
    ESP8266_Init                             0x08004475   Thumb Code    32  bsp_esp8266.o(.text)
    ESP8266_Rst                              0x08004495   Thumb Code    30  bsp_esp8266.o(.text)
    ESP8266_Cmd                              0x080044b3   Thumb Code   200  bsp_esp8266.o(.text)
    ESP8266_AT_Test                          0x0800457b   Thumb Code   138  bsp_esp8266.o(.text)
    ESP8266_Net_Mode_Choose                  0x08004605   Thumb Code    68  bsp_esp8266.o(.text)
    ESP8266_DHCP_CUR                         0x08004649   Thumb Code    50  bsp_esp8266.o(.text)
    ESP8266_JoinAP                           0x0800467b   Thumb Code    38  bsp_esp8266.o(.text)
    ESP8266_BuildAP                          0x080046a1   Thumb Code    42  bsp_esp8266.o(.text)
    ESP8266_Enable_MultipleId                0x080046cb   Thumb Code    42  bsp_esp8266.o(.text)
    ESP8266_Link_Server                      0x080046f5   Thumb Code   110  bsp_esp8266.o(.text)
    ESP8266_StartOrShutServer                0x08004763   Thumb Code   536  bsp_esp8266.o(.text)
    ESP8266_Get_LinkStatus                   0x0800497b   Thumb Code    66  bsp_esp8266.o(.text)
    ESP8266_Get_IdLinkStatus                 0x080049bd   Thumb Code   128  bsp_esp8266.o(.text)
    ESP8266_Inquire_ApIp                     0x08004a3d   Thumb Code    80  bsp_esp8266.o(.text)
    ESP8266_UnvarnishSend                    0x08004a8d   Thumb Code    42  bsp_esp8266.o(.text)
    ESP8266_ExitUnvarnishSend                0x08004ab7   Thumb Code    24  bsp_esp8266.o(.text)
    ESP8266_SendString                       0x08004acf   Thumb Code   104  bsp_esp8266.o(.text)
    ESP8266_ReceiveString                    0x08004b37   Thumb Code    88  bsp_esp8266.o(.text)
    ESP8266_StaTcpClient_Unvarnish_ConfigTest 0x08004c95   Thumb Code   316  bsp_esp8266_test.o(.text)
    CPU_TS_TmrInit                           0x08004f05   Thumb Code    30  core_delay.o(.text)
    CPU_TS_TmrRd                             0x08004f23   Thumb Code     6  core_delay.o(.text)
    CPU_TS_Tmr_Delay_US                      0x08004f29   Thumb Code    72  core_delay.o(.text)
    USART_printf                             0x08004fe3   Thumb Code   262  common.o(.text)
    LED_GPIO_Config                          0x080050e9   Thumb Code    90  bsp_led.o(.text)
    __aeabi_uldivmod                         0x08005149   Thumb Code    98  uldiv.o(.text)
    __aeabi_memset                           0x080051ab   Thumb Code    14  memseta.o(.text)
    __aeabi_memset4                          0x080051ab   Thumb Code     0  memseta.o(.text)
    __aeabi_memset8                          0x080051ab   Thumb Code     0  memseta.o(.text)
    __aeabi_memclr                           0x080051b9   Thumb Code     4  memseta.o(.text)
    __aeabi_memclr4                          0x080051b9   Thumb Code     0  memseta.o(.text)
    __aeabi_memclr8                          0x080051b9   Thumb Code     0  memseta.o(.text)
    _memset$wrapper                          0x080051bd   Thumb Code    18  memseta.o(.text)
    strstr                                   0x080051cf   Thumb Code    36  strstr.o(.text)
    __aeabi_dadd                             0x080051f3   Thumb Code   322  dadd.o(.text)
    __aeabi_dsub                             0x08005335   Thumb Code     6  dadd.o(.text)
    __aeabi_drsub                            0x0800533b   Thumb Code     6  dadd.o(.text)
    __aeabi_dmul                             0x08005341   Thumb Code   228  dmul.o(.text)
    __aeabi_ddiv                             0x08005425   Thumb Code   222  ddiv.o(.text)
    __aeabi_ui2d                             0x08005503   Thumb Code    26  dfltui.o(.text)
    __aeabi_d2uiz                            0x0800551d   Thumb Code    50  dfixui.o(.text)
    __aeabi_cdcmpeq                          0x08005551   Thumb Code     0  cdcmple.o(.text)
    __aeabi_cdcmple                          0x08005551   Thumb Code    48  cdcmple.o(.text)
    __aeabi_uidiv                            0x08005581   Thumb Code     0  uidiv.o(.text)
    __aeabi_uidivmod                         0x08005581   Thumb Code    44  uidiv.o(.text)
    __aeabi_llsl                             0x080055ad   Thumb Code    30  llshl.o(.text)
    _ll_shift_l                              0x080055ad   Thumb Code     0  llshl.o(.text)
    __aeabi_llsr                             0x080055cb   Thumb Code    32  llushr.o(.text)
    _ll_ushift_r                             0x080055cb   Thumb Code     0  llushr.o(.text)
    __aeabi_lasr                             0x080055eb   Thumb Code    36  llsshr.o(.text)
    _ll_sshift_r                             0x080055eb   Thumb Code     0  llsshr.o(.text)
    __I$use$fp                               0x0800560f   Thumb Code     0  iusefp.o(.text)
    _double_round                            0x0800560f   Thumb Code    30  depilogue.o(.text)
    _double_epilogue                         0x0800562d   Thumb Code   156  depilogue.o(.text)
    __ARM_scalbn                             0x080056c9   Thumb Code    46  dscalb.o(.text)
    scalbn                                   0x080056c9   Thumb Code     0  dscalb.o(.text)
    __aeabi_i2d                              0x080056f7   Thumb Code    34  dflti.o(.text)
    __aeabi_d2ulz                            0x08005719   Thumb Code    48  dfixul.o(.text)
    __aeabi_cdrcmple                         0x08005749   Thumb Code    48  cdrcmple.o(.text)
    __scatterload                            0x08005779   Thumb Code    28  init.o(.text)
    __scatterload_rt2                        0x08005779   Thumb Code     0  init.o(.text)
    _dsqrt                                   0x0800579d   Thumb Code   162  dsqrt.o(.text)
    ILI9341_Read_Data                        0x08005841   Thumb Code     6  bsp_ili9341_lcd.o(i.ILI9341_Read_Data)
    ILI9341_Write_Cmd                        0x0800584d   Thumb Code     8  bsp_ili9341_lcd.o(i.ILI9341_Write_Cmd)
    ILI9341_Write_Data                       0x08005855   Thumb Code     6  bsp_ili9341_lcd.o(i.ILI9341_Write_Data)
    __0printf                                0x08005861   Thumb Code    22  printfa.o(i.__0printf)
    __1printf                                0x08005861   Thumb Code     0  printfa.o(i.__0printf)
    __2printf                                0x08005861   Thumb Code     0  printfa.o(i.__0printf)
    __c89printf                              0x08005861   Thumb Code     0  printfa.o(i.__0printf)
    printf                                   0x08005861   Thumb Code     0  printfa.o(i.__0printf)
    __0sprintf                               0x08005881   Thumb Code    34  printfa.o(i.__0sprintf)
    __1sprintf                               0x08005881   Thumb Code     0  printfa.o(i.__0sprintf)
    __2sprintf                               0x08005881   Thumb Code     0  printfa.o(i.__0sprintf)
    __c89sprintf                             0x08005881   Thumb Code     0  printfa.o(i.__0sprintf)
    sprintf                                  0x08005881   Thumb Code     0  printfa.o(i.__0sprintf)
    __ARM_fpclassify                         0x080058a9   Thumb Code    40  fpclassify.o(i.__ARM_fpclassify)
    __kernel_poly                            0x080058d1   Thumb Code   170  poly.o(i.__kernel_poly)
    __mathlib_dbl_divzero                    0x0800597d   Thumb Code    12  dunder.o(i.__mathlib_dbl_divzero)
    __mathlib_dbl_infnan                     0x0800598d   Thumb Code     6  dunder.o(i.__mathlib_dbl_infnan)
    __mathlib_dbl_infnan2                    0x08005993   Thumb Code     4  dunder.o(i.__mathlib_dbl_infnan2)
    __mathlib_dbl_invalid                    0x08005997   Thumb Code    12  dunder.o(i.__mathlib_dbl_invalid)
    __mathlib_dbl_overflow                   0x080059a3   Thumb Code    14  dunder.o(i.__mathlib_dbl_overflow)
    __mathlib_dbl_underflow                  0x080059b1   Thumb Code    10  dunder.o(i.__mathlib_dbl_underflow)
    __scatterload_copy                       0x080059c1   Thumb Code    14  handlers.o(i.__scatterload_copy)
    __scatterload_null                       0x080059cf   Thumb Code     2  handlers.o(i.__scatterload_null)
    __scatterload_zeroinit                   0x080059d1   Thumb Code    14  handlers.o(i.__scatterload_zeroinit)
    __set_errno                              0x080059e1   Thumb Code     6  errno.o(i.__set_errno)
    log                                      0x080062a9   Thumb Code   808  log.o(i.log)
    log10                                    0x08006605   Thumb Code   198  log10.o(i.log10)
    pow                                      0x080066e9   Thumb Code  2512  pow.o(i.pow)
    sqrt                                     0x080070c1   Thumb Code    76  sqrt.o(i.sqrt)
    ASCII8x16_Table                          0x0800710c   Data        1520  fonts.o(.constdata)
    ASCII16x24_Table                         0x080076fc   Data        4560  fonts.o(.constdata)
    ASCII24x32_Table                         0x080088cc   Data        9120  fonts.o(.constdata)
    __mathlib_zero                           0x0800ad30   Data           8  qnan.o(.constdata)
    Region$$Table$$Base                      0x0800ad94   Number         0  anon$$obj.o(Region$$Table)
    Region$$Table$$Limit                     0x0800adb4   Number         0  anon$$obj.o(Region$$Table)
    SystemCoreClock                          0x20000000   Data           4  system_stm32f10x.o(.data)
    AHBPrescTable                            0x20000004   Data          16  system_stm32f10x.o(.data)
    set_c                                    0x20000028   Data           8  main.o(.data)
    set_l                                    0x20000030   Data           8  main.o(.data)
    beep                                     0x20000038   Data           4  main.o(.data)
    LCD_X_LENGTH                             0x2000003c   Data           2  bsp_ili9341_lcd.o(.data)
    LCD_Y_LENGTH                             0x2000003e   Data           2  bsp_ili9341_lcd.o(.data)
    LCD_SCAN_MODE                            0x20000040   Data           1  bsp_ili9341_lcd.o(.data)
    lcdid                                    0x20000042   Data           2  bsp_ili9341_lcd.o(.data)
    Font8x16                                 0x20000050   Data           8  fonts.o(.data)
    Font16x24                                0x20000058   Data           8  fonts.o(.data)
    Font24x32                                0x20000060   Data           8  fonts.o(.data)
    ledCmd                                   0x2000006c   Data          32  bsp_esp8266_test.o(.data)
    ucTcpClosedFlag                          0x2000008c   Data           1  bsp_esp8266_test.o(.data)
    __stdout                                 0x20000090   Data           4  stdout.o(.data)
    kfp                                      0x20000098   Data          48  main.o(.bss)
    set_c_char                               0x200000c8   Data          10  main.o(.bss)
    set_l_char                               0x200000d2   Data          10  main.o(.bss)
    get_c_char                               0x200000dc   Data          10  main.o(.bss)
    get_l_char                               0x200000e6   Data          10  main.o(.bss)
    ADC_ConvertedValueLocal                  0x200000f0   Data          48  main.o(.bss)
    ppm                                      0x20000120   Data          48  main.o(.bss)
    leakage                                  0x20000150   Data          48  main.o(.bss)
    ADC_ConvertedValue                       0x20000180   Data          12  bsp_adc.o(.bss)
    zoomBuff                                 0x2000018c   Data       16384  bsp_ili9341_lcd.o(.bss)
    zoomTempBuff                             0x2000418c   Data        1024  bsp_ili9341_lcd.o(.bss)
    strEsp8266_Fram_Record                   0x2000458c   Data        1026  bsp_esp8266.o(.bss)
    strUSART_Fram_Record                     0x2000498e   Data        1026  bsp_esp8266.o(.bss)
    __initial_sp                             0x20005190   Data           0  startup_stm32f10x_hd.o(STACK)



==============================================================================

Memory Map of the image

  Image Entry point : 0x08000131

  Load Region LR_IROM1 (Base: 0x08000000, Size: 0x0000ae4c, Max: 0x00080000, ABSOLUTE)

    Execution Region ER_IROM1 (Exec base: 0x08000000, Load base: 0x08000000, Size: 0x0000adb4, Max: 0x00080000, ABSOLUTE)

    Exec Addr    Load Addr    Size         Type   Attr      Idx    E Section Name        Object

    0x08000000   0x08000000   0x00000130   Data   RO            3    RESET               startup_stm32f10x_hd.o
    0x08000130   0x08000130   0x00000000   Code   RO          865  * .ARM.Collect$$$$00000000  mc_w.l(entry.o)
    0x08000130   0x08000130   0x00000004   Code   RO         1188    .ARM.Collect$$$$00000001  mc_w.l(entry2.o)
    0x08000134   0x08000134   0x00000004   Code   RO         1191    .ARM.Collect$$$$00000004  mc_w.l(entry5.o)
    0x08000138   0x08000138   0x00000000   Code   RO         1193    .ARM.Collect$$$$00000008  mc_w.l(entry7b.o)
    0x08000138   0x08000138   0x00000000   Code   RO         1195    .ARM.Collect$$$$0000000A  mc_w.l(entry8b.o)
    0x08000138   0x08000138   0x00000008   Code   RO         1196    .ARM.Collect$$$$0000000B  mc_w.l(entry9a.o)
    0x08000140   0x08000140   0x00000000   Code   RO         1198    .ARM.Collect$$$$0000000D  mc_w.l(entry10a.o)
    0x08000140   0x08000140   0x00000000   Code   RO         1200    .ARM.Collect$$$$0000000F  mc_w.l(entry11a.o)
    0x08000140   0x08000140   0x00000004   Code   RO         1189    .ARM.Collect$$$$00002712  mc_w.l(entry2.o)
    0x08000144   0x08000144   0x00000024   Code   RO            4    .text               startup_stm32f10x_hd.o
    0x08000168   0x08000168   0x000001e0   Code   RO           24    .text               system_stm32f10x.o
    0x08000348   0x08000348   0x000000dc   Code   RO          121    .text               misc.o
    0x08000424   0x08000424   0x0000044e   Code   RO          137    .text               stm32f10x_adc.o
    0x08000872   0x08000872   0x00000002   PAD
    0x08000874   0x08000874   0x00000254   Code   RO          221    .text               stm32f10x_dma.o
    0x08000ac8   0x08000ac8   0x0000060c   Code   RO          257    .text               stm32f10x_fsmc.o
    0x080010d4   0x080010d4   0x0000035c   Code   RO          269    .text               stm32f10x_gpio.o
    0x08001430   0x08001430   0x000003a4   Code   RO          317    .text               stm32f10x_rcc.o
    0x080017d4   0x080017d4   0x0000030c   Code   RO          355    .text               stm32f10x_spi.o
    0x08001ae0   0x08001ae0   0x00000408   Code   RO          379    .text               stm32f10x_usart.o
    0x08001ee8   0x08001ee8   0x00000610   Code   RO          403    .text               main.o
    0x080024f8   0x080024f8   0x00000134   Code   RO          483    .text               stm32f10x_it.o
    0x0800262c   0x0800262c   0x00000164   Code   RO          498    .text               bsp_adc.o
    0x08002790   0x08002790   0x000001a4   Code   RO          513    .text               bsp_usart.o
    0x08002934   0x08002934   0x0000143c   Code   RO          525    .text               bsp_ili9341_lcd.o
    0x08003d70   0x08003d70   0x0000057c   Code   RO          568    .text               bsp_spi_flash.o
    0x080042ec   0x080042ec   0x00000054   Code   RO          585    .text               fonts.o
    0x08004340   0x08004340   0x00000038   Code   RO          604    .text               bsp_beep.o
    0x08004378   0x08004378   0x0000091c   Code   RO          616    .text               bsp_esp8266.o
    0x08004c94   0x08004c94   0x00000270   Code   RO          634    .text               bsp_esp8266_test.o
    0x08004f04   0x08004f04   0x0000007c   Code   RO          658    .text               core_delay.o
    0x08004f80   0x08004f80   0x00000168   Code   RO          697    .text               common.o
    0x080050e8   0x080050e8   0x00000060   Code   RO          712    .text               bsp_led.o
    0x08005148   0x08005148   0x00000062   Code   RO          868    .text               mc_w.l(uldiv.o)
    0x080051aa   0x080051aa   0x00000024   Code   RO          872    .text               mc_w.l(memseta.o)
    0x080051ce   0x080051ce   0x00000024   Code   RO          874    .text               mc_w.l(strstr.o)
    0x080051f2   0x080051f2   0x0000014e   Code   RO         1139    .text               mf_w.l(dadd.o)
    0x08005340   0x08005340   0x000000e4   Code   RO         1141    .text               mf_w.l(dmul.o)
    0x08005424   0x08005424   0x000000de   Code   RO         1143    .text               mf_w.l(ddiv.o)
    0x08005502   0x08005502   0x0000001a   Code   RO         1145    .text               mf_w.l(dfltui.o)
    0x0800551c   0x0800551c   0x00000032   Code   RO         1147    .text               mf_w.l(dfixui.o)
    0x0800554e   0x0800554e   0x00000002   PAD
    0x08005550   0x08005550   0x00000030   Code   RO         1149    .text               mf_w.l(cdcmple.o)
    0x08005580   0x08005580   0x0000002c   Code   RO         1203    .text               mc_w.l(uidiv.o)
    0x080055ac   0x080055ac   0x0000001e   Code   RO         1205    .text               mc_w.l(llshl.o)
    0x080055ca   0x080055ca   0x00000020   Code   RO         1207    .text               mc_w.l(llushr.o)
    0x080055ea   0x080055ea   0x00000024   Code   RO         1209    .text               mc_w.l(llsshr.o)
    0x0800560e   0x0800560e   0x00000000   Code   RO         1218    .text               mc_w.l(iusefp.o)
    0x0800560e   0x0800560e   0x000000ba   Code   RO         1219    .text               mf_w.l(depilogue.o)
    0x080056c8   0x080056c8   0x0000002e   Code   RO         1221    .text               mf_w.l(dscalb.o)
    0x080056f6   0x080056f6   0x00000022   Code   RO         1223    .text               mf_w.l(dflti.o)
    0x08005718   0x08005718   0x00000030   Code   RO         1225    .text               mf_w.l(dfixul.o)
    0x08005748   0x08005748   0x00000030   Code   RO         1227    .text               mf_w.l(cdrcmple.o)
    0x08005778   0x08005778   0x00000024   Code   RO         1229    .text               mc_w.l(init.o)
    0x0800579c   0x0800579c   0x000000a2   Code   RO         1231    .text               mf_w.l(dsqrt.o)
    0x0800583e   0x0800583e   0x00000002   PAD
    0x08005840   0x08005840   0x0000000c   Code   RO          548    i.ILI9341_Read_Data  bsp_ili9341_lcd.o
    0x0800584c   0x0800584c   0x00000008   Code   RO          538    i.ILI9341_Write_Cmd  bsp_ili9341_lcd.o
    0x08005854   0x08005854   0x0000000c   Code   RO          543    i.ILI9341_Write_Data  bsp_ili9341_lcd.o
    0x08005860   0x08005860   0x00000020   Code   RO         1111    i.__0printf         mc_w.l(printfa.o)
    0x08005880   0x08005880   0x00000028   Code   RO         1113    i.__0sprintf        mc_w.l(printfa.o)
    0x080058a8   0x080058a8   0x00000028   Code   RO         1165    i.__ARM_fpclassify  m_ws.l(fpclassify.o)
    0x080058d0   0x080058d0   0x000000aa   Code   RO         1177    i.__kernel_poly     m_ws.l(poly.o)
    0x0800597a   0x0800597a   0x00000002   PAD
    0x0800597c   0x0800597c   0x00000010   Code   RO         1151    i.__mathlib_dbl_divzero  m_ws.l(dunder.o)
    0x0800598c   0x0800598c   0x00000006   Code   RO         1152    i.__mathlib_dbl_infnan  m_ws.l(dunder.o)
    0x08005992   0x08005992   0x00000004   Code   RO         1153    i.__mathlib_dbl_infnan2  m_ws.l(dunder.o)
    0x08005996   0x08005996   0x0000000c   Code   RO         1154    i.__mathlib_dbl_invalid  m_ws.l(dunder.o)
    0x080059a2   0x080059a2   0x0000000e   Code   RO         1155    i.__mathlib_dbl_overflow  m_ws.l(dunder.o)
    0x080059b0   0x080059b0   0x00000010   Code   RO         1157    i.__mathlib_dbl_underflow  m_ws.l(dunder.o)
    0x080059c0   0x080059c0   0x0000000e   Code   RO         1235    i.__scatterload_copy  mc_w.l(handlers.o)
    0x080059ce   0x080059ce   0x00000002   Code   RO         1236    i.__scatterload_null  mc_w.l(handlers.o)
    0x080059d0   0x080059d0   0x0000000e   Code   RO         1237    i.__scatterload_zeroinit  mc_w.l(handlers.o)
    0x080059de   0x080059de   0x00000002   PAD
    0x080059e0   0x080059e0   0x0000000c   Code   RO         1213    i.__set_errno       mc_w.l(errno.o)
    0x080059ec   0x080059ec   0x00000184   Code   RO         1118    i._fp_digits        mc_w.l(printfa.o)
    0x08005b70   0x08005b70   0x000006dc   Code   RO         1119    i._printf_core      mc_w.l(printfa.o)
    0x0800624c   0x0800624c   0x00000024   Code   RO         1120    i._printf_post_padding  mc_w.l(printfa.o)
    0x08006270   0x08006270   0x0000002e   Code   RO         1121    i._printf_pre_padding  mc_w.l(printfa.o)
    0x0800629e   0x0800629e   0x0000000a   Code   RO         1123    i._sputc            mc_w.l(printfa.o)
    0x080062a8   0x080062a8   0x0000035c   Code   RO         1168    i.log               m_ws.l(log.o)
    0x08006604   0x08006604   0x000000e4   Code   RO          848    i.log10             m_ws.l(log10.o)
    0x080066e8   0x080066e8   0x000009d8   Code   RO          856    i.pow               m_ws.l(pow.o)
    0x080070c0   0x080070c0   0x0000004c   Code   RO         1181    i.sqrt              m_ws.l(sqrt.o)
    0x0800710c   0x0800710c   0x00003b60   Data   RO          586    .constdata          fonts.o
    0x0800ac6c   0x0800ac6c   0x00000004   PAD
    0x0800ac70   0x0800ac70   0x00000088   Data   RO          857    .constdata          m_ws.l(pow.o)
    0x0800acf8   0x0800acf8   0x00000038   Data   RO         1169    .constdata          m_ws.l(log.o)
    0x0800ad30   0x0800ad30   0x00000008   Data   RO         1179    .constdata          m_ws.l(qnan.o)
    0x0800ad38   0x0800ad38   0x0000005b   Data   RO          635    .conststring        bsp_esp8266_test.o
    0x0800ad93   0x0800ad93   0x00000001   PAD
    0x0800ad94   0x0800ad94   0x00000020   Data   RO         1233    Region$$Table       anon$$obj.o


    Execution Region RW_IRAM1 (Exec base: 0x20000000, Load base: 0x0800adb4, Size: 0x00005190, Max: 0x00010000, ABSOLUTE)

    Exec Addr    Load Addr    Size         Type   Attr      Idx    E Section Name        Object

    0x20000000   0x0800adb4   0x00000014   Data   RW           25    .data               system_stm32f10x.o
    0x20000014   0x0800adc8   0x00000014   Data   RW          318    .data               stm32f10x_rcc.o
    0x20000028   0x0800addc   0x00000014   Data   RW          405    .data               main.o
    0x2000003c   0x0800adf0   0x00000010   Data   RW          527    .data               bsp_ili9341_lcd.o
    0x2000004c   0x0800ae00   0x00000004   Data   RW          569    .data               bsp_spi_flash.o
    0x20000050   0x0800ae04   0x00000019   Data   RW          587    .data               fonts.o
    0x20000069   0x0800ae1d   0x00000003   PAD
    0x2000006c   0x0800ae20   0x00000021   Data   RW          636    .data               bsp_esp8266_test.o
    0x2000008d   0x0800ae41   0x00000003   PAD
    0x20000090   0x0800ae44   0x00000004   Data   RW         1202    .data               mc_w.l(stdout.o)
    0x20000094   0x0800ae48   0x00000004   Data   RW         1214    .data               mc_w.l(errno.o)
    0x20000098        -       0x000000e8   Zero   RW          404    .bss                main.o
    0x20000180        -       0x0000000c   Zero   RW          499    .bss                bsp_adc.o
    0x2000018c        -       0x00004400   Zero   RW          526    .bss                bsp_ili9341_lcd.o
    0x2000458c        -       0x00000804   Zero   RW          617    .bss                bsp_esp8266.o
    0x20004d90        -       0x00000400   Zero   RW            1    STACK               startup_stm32f10x_hd.o


==============================================================================

Image component sizes


      Code (inc. data)   RO Data    RW Data    ZI Data      Debug   Object Name

       356         16          0          0         12       1449   bsp_adc.o
        56          6          0          0          0        495   bsp_beep.o
      2332        684          0          0       2052       8959   bsp_esp8266.o
       624        308         91         33          0       1565   bsp_esp8266_test.o
      5212        142          0         16      17408      17504   bsp_ili9341_lcd.o
        96          6          0          0          0        514   bsp_led.o
      1404        128          0          4          0       5196   bsp_spi_flash.o
       420          8          0          0          0       2598   bsp_usart.o
       360          0          0          0          0       2299   common.o
         0          0          0          0          0       4508   core_cm3.o
       124         16          0          0          0        930   core_delay.o
        84         10      15200         25          0       2151   fonts.o
      1552        434          0         20        232       5746   main.o
       220         22          0          0          0       1789   misc.o
        36          8        304          0       1024        852   startup_stm32f10x_hd.o
      1102         26          0          0          0      11025   stm32f10x_adc.o
       596          8          0          0          0       4350   stm32f10x_dma.o
      1548         18          0          0          0       5359   stm32f10x_fsmc.o
       860         38          0          0          0       5717   stm32f10x_gpio.o
       308         34          0          0          0       1662   stm32f10x_it.o
       932         36          0         20          0       8880   stm32f10x_rcc.o
       780         14          0          0          0       6602   stm32f10x_spi.o
      1032         22          0          0          0       8444   stm32f10x_usart.o
       480         38          0         20          0     263519   system_stm32f10x.o

    ----------------------------------------------------------------------
     20516       2022      15632        144      20728     372113   Object Totals
         0          0         32          0          0          0   (incl. Generated)
         2          0          5          6          0          0   (incl. Padding)

    ----------------------------------------------------------------------

      Code (inc. data)   RO Data    RW Data    ZI Data      Debug   Library Member Name

        68         10          0          0          0        408   dunder.o
        40          0          0          0          0         68   fpclassify.o
       860         52         56          0          0        256   log.o
       228         30          0          0          0        120   log10.o
       170          0          0          0          0         96   poly.o
      2520        190        136          0          0        324   pow.o
         0          0          8          0          0          0   qnan.o
        76          0          0          0          0         84   sqrt.o
         0          0          0          0          0          0   entry.o
         0          0          0          0          0          0   entry10a.o
         0          0          0          0          0          0   entry11a.o
         8          4          0          0          0          0   entry2.o
         4          0          0          0          0          0   entry5.o
         0          0          0          0          0          0   entry7b.o
         0          0          0          0          0          0   entry8b.o
         8          4          0          0          0          0   entry9a.o
        12          6          0          4          0         68   errno.o
        30          0          0          0          0          0   handlers.o
        36          8          0          0          0         68   init.o
         0          0          0          0          0          0   iusefp.o
        30          0          0          0          0         68   llshl.o
        36          0          0          0          0         68   llsshr.o
        32          0          0          0          0         68   llushr.o
        36          0          0          0          0        108   memseta.o
      2308         96          0          0          0        604   printfa.o
         0          0          0          4          0          0   stdout.o
        36          0          0          0          0         80   strstr.o
        44          0          0          0          0         80   uidiv.o
        98          0          0          0          0         92   uldiv.o
        48          0          0          0          0         68   cdcmple.o
        48          0          0          0          0         68   cdrcmple.o
       334          0          0          0          0        148   dadd.o
       222          0          0          0          0        100   ddiv.o
       186          0          0          0          0        176   depilogue.o
        50          0          0          0          0         76   dfixui.o
        48          0          0          0          0         68   dfixul.o
        34          0          0          0          0         76   dflti.o
        26          0          0          0          0         76   dfltui.o
       228          0          0          0          0         96   dmul.o
        46          0          0          0          0         80   dscalb.o
       162          0          0          0          0        100   dsqrt.o

    ----------------------------------------------------------------------
      8120        400        200          8          0       3792   Library Totals
         8          0          0          0          0          0   (incl. Padding)

    ----------------------------------------------------------------------

      Code (inc. data)   RO Data    RW Data    ZI Data      Debug   Library Name

      3962        282        200          0          0       1356   m_ws.l
      2718        118          0          8          0       1304   mc_w.l
      1432          0          0          0          0       1132   mf_w.l

    ----------------------------------------------------------------------
      8120        400        200          8          0       3792   Library Totals

    ----------------------------------------------------------------------

==============================================================================


      Code (inc. data)   RO Data    RW Data    ZI Data      Debug   

     28636       2422      15832        152      20728     371741   Grand Totals
     28636       2422      15832        152      20728     371741   ELF Image Totals
     28636       2422      15832        152          0          0   ROM Totals

==============================================================================

    Total RO  Size (Code + RO Data)                44468 (  43.43kB)
    Total RW  Size (RW Data + ZI Data)             20880 (  20.39kB)
    Total ROM Size (Code + RO Data + RW Data)      44620 (  43.57kB)

==============================================================================

