Component: ARM Compiler 5.06 update 6 (build 750) Tool: armlink [4d35ed]

==============================================================================

Section Cross References

    startup_stm32f10x_hd.o(RESET) refers to startup_stm32f10x_hd.o(STACK) for __initial_sp
    startup_stm32f10x_hd.o(RESET) refers to startup_stm32f10x_hd.o(.text) for Reset_Handler
    startup_stm32f10x_hd.o(RESET) refers to stm32f10x_it.o(.text) for NMI_Handler
    startup_stm32f10x_hd.o(.text) refers to system_stm32f10x.o(.text) for SystemInit
    startup_stm32f10x_hd.o(.text) refers to entry.o(.ARM.Collect$$$$00000000) for __main
    system_stm32f10x.o(.text) refers to system_stm32f10x.o(.data) for SystemCoreClock
    stm32f10x_adc.o(.text) refers to stm32f10x_rcc.o(.text) for RCC_APB2PeriphResetCmd
    stm32f10x_bkp.o(.text) refers to stm32f10x_rcc.o(.text) for RCC_BackupResetCmd
    stm32f10x_can.o(.text) refers to stm32f10x_rcc.o(.text) for RCC_APB1PeriphResetCmd
    stm32f10x_cec.o(.text) refers to stm32f10x_rcc.o(.text) for RCC_APB1PeriphResetCmd
    stm32f10x_dac.o(.text) refers to stm32f10x_rcc.o(.text) for RCC_APB1PeriphResetCmd
    stm32f10x_gpio.o(.text) refers to stm32f10x_rcc.o(.text) for RCC_APB2PeriphResetCmd
    stm32f10x_i2c.o(.text) refers to stm32f10x_rcc.o(.text) for RCC_APB1PeriphResetCmd
    stm32f10x_pwr.o(.text) refers to stm32f10x_rcc.o(.text) for RCC_APB1PeriphResetCmd
    stm32f10x_rcc.o(.text) refers to stm32f10x_rcc.o(.data) for APBAHBPrescTable
    stm32f10x_spi.o(.text) refers to stm32f10x_rcc.o(.text) for RCC_APB2PeriphResetCmd
    stm32f10x_tim.o(.text) refers to stm32f10x_rcc.o(.text) for RCC_APB2PeriphResetCmd
    stm32f10x_usart.o(.text) refers to stm32f10x_rcc.o(.text) for RCC_APB2PeriphResetCmd
    stm32f10x_wwdg.o(.text) refers to stm32f10x_rcc.o(.text) for RCC_APB1PeriphResetCmd
    main.o(.text) refers to cdrcmple.o(.text) for __aeabi_cdrcmple
    main.o(.text) refers to printfa.o(i.__0sprintf) for __2sprintf
    main.o(.text) refers to printfa.o(i.__0printf) for __2printf
    main.o(.text) refers to bsp_esp8266.o(.text) for ESP8266_SendString
    main.o(.text) refers to cdcmple.o(.text) for __aeabi_cdcmple
    main.o(.text) refers to bsp_ili9341_lcd.o(.text) for LCD_GetFont
    main.o(.text) refers to stm32f10x_gpio.o(.text) for GPIO_ResetBits
    main.o(.text) refers to dfltui.o(.text) for __aeabi_ui2d
    main.o(.text) refers to ddiv.o(.text) for __aeabi_ddiv
    main.o(.text) refers to dmul.o(.text) for __aeabi_dmul
    main.o(.text) refers to log10.o(i.log10) for log10
    main.o(.text) refers to dadd.o(.text) for __aeabi_dadd
    main.o(.text) refers to pow.o(i.pow) for pow
    main.o(.text) refers to main.o(.bss) for ppm
    main.o(.text) refers to bsp_esp8266_test.o(.data) for ucTcpClosedFlag
    main.o(.text) refers to main.o(.data) for set_c
    main.o(.text) refers to bsp_adc.o(.bss) for ADC_ConvertedValue
    main.o(.text) refers to bsp_usart.o(.text) for USART_Config
    main.o(.text) refers to core_delay.o(.text) for CPU_TS_TmrInit
    main.o(.text) refers to bsp_adc.o(.text) for ADCx_Init
    main.o(.text) refers to bsp_beep.o(.text) for BEEP_GPIO_Config
    main.o(.text) refers to bsp_esp8266_test.o(.text) for ESP8266_StaTcpClient_Unvarnish_ConfigTest
    main.o(.text) refers to fonts.o(.data) for Font8x16
    main.o(.text) refers to bsp_ili9341_lcd.o(.data) for LCD_Y_LENGTH
    stm32f10x_it.o(.text) refers to stm32f10x_usart.o(.text) for USART_GetITStatus
    stm32f10x_it.o(.text) refers to strstr.o(.text) for strstr
    stm32f10x_it.o(.text) refers to bsp_esp8266.o(.bss) for strUSART_Fram_Record
    stm32f10x_it.o(.text) refers to bsp_esp8266_test.o(.data) for ucTcpClosedFlag
    bsp_adc.o(.text) refers to stm32f10x_rcc.o(.text) for RCC_APB2PeriphClockCmd
    bsp_adc.o(.text) refers to stm32f10x_gpio.o(.text) for GPIO_Init
    bsp_adc.o(.text) refers to stm32f10x_dma.o(.text) for DMA_DeInit
    bsp_adc.o(.text) refers to stm32f10x_adc.o(.text) for ADC_Init
    bsp_adc.o(.text) refers to bsp_adc.o(.bss) for ADC_ConvertedValue
    bsp_usart.o(.text) refers to misc.o(.text) for NVIC_PriorityGroupConfig
    bsp_usart.o(.text) refers to stm32f10x_rcc.o(.text) for RCC_APB2PeriphClockCmd
    bsp_usart.o(.text) refers to stm32f10x_gpio.o(.text) for GPIO_Init
    bsp_usart.o(.text) refers to stm32f10x_usart.o(.text) for USART_Init
    bsp_ili9341_lcd.o(.text) refers to stm32f10x_rcc.o(.text) for RCC_APB2PeriphClockCmd
    bsp_ili9341_lcd.o(.text) refers to stm32f10x_gpio.o(.text) for GPIO_Init
    bsp_ili9341_lcd.o(.text) refers to memseta.o(.text) for __aeabi_memclr4
    bsp_ili9341_lcd.o(.text) refers to stm32f10x_fsmc.o(.text) for FSMC_NORSRAMInit
    bsp_ili9341_lcd.o(.text) refers to bsp_ili9341_lcd.o(i.ILI9341_Write_Cmd) for ILI9341_Write_Cmd
    bsp_ili9341_lcd.o(.text) refers to bsp_ili9341_lcd.o(i.ILI9341_Read_Data) for ILI9341_Read_Data
    bsp_ili9341_lcd.o(.text) refers to bsp_ili9341_lcd.o(i.ILI9341_Write_Data) for ILI9341_Write_Data
[...]
    log_x.o(.constdata) refers (Special) to iusefp.o(.text) for __I$use$fp
    poly.o(i.__kernel_poly) refers (Special) to iusefp.o(.text) for __I$use$fp
    poly.o(i.__kernel_poly) refers to dmul.o(.text) for __aeabi_dmul
    poly.o(i.__kernel_poly) refers to dadd.o(.text) for __aeabi_dadd
    qnan.o(.constdata) refers (Special) to iusefp.o(.text) for __I$use$fp
    sqrt.o(i.__softfp_sqrt) refers (Special) to iusefp.o(.text) for __I$use$fp
    sqrt.o(i.__softfp_sqrt) refers to dsqrt.o(.text) for _dsqrt
    sqrt.o(i.__softfp_sqrt) refers to errno.o(i.__set_errno) for __set_errno
    sqrt.o(i.sqrt) refers (Special) to iusefp.o(.text) for __I$use$fp
    sqrt.o(i.sqrt) refers to dsqrt.o(.text) for _dsqrt
    sqrt.o(i.sqrt) refers to errno.o(i.__set_errno) for __set_errno
    sqrt_x.o(i.____softfp_sqrt$lsc) refers (Special) to iusefp.o(.text) for __I$use$fp
    sqrt_x.o(i.____softfp_sqrt$lsc) refers to cdcmple.o(.text) for __aeabi_cdcmple
    sqrt_x.o(i.____softfp_sqrt$lsc) refers to errno.o(i.__set_errno) for __set_errno
    sqrt_x.o(i.____softfp_sqrt$lsc) refers to dsqrt.o(.text) for _dsqrt
    sqrt_x.o(i.__sqrt$lsc) refers (Special) to iusefp.o(.text) for __I$use$fp
    sqrt_x.o(i.__sqrt$lsc) refers to cdcmple.o(.text) for __aeabi_cdcmple
    sqrt_x.o(i.__sqrt$lsc) refers to errno.o(i.__set_errno) for __set_errno
    sqrt_x.o(i.__sqrt$lsc) refers to dsqrt.o(.text) for _dsqrt
    entry2.o(.ARM.Collect$$$$00000001) refers to entry2.o(.ARM.Collect$$$$00002712) for __lit__00000000
    entry2.o(.ARM.Collect$$$$00002712) refers to startup_stm32f10x_hd.o(STACK) for __initial_sp
    entry2.o(__vectab_stack_and_reset_area) refers to startup_stm32f10x_hd.o(STACK) for __initial_sp
    entry2.o(__vectab_stack_and_reset_area) refers to entry.o(.ARM.Collect$$$$00000000) for __main
    entry5.o(.ARM.Collect$$$$00000004) refers to init.o(.text) for __scatterload
    entry9a.o(.ARM.Collect$$$$0000000B) refers to main.o(.text) for main
    entry9b.o(.ARM.Collect$$$$0000000C) refers to main.o(.text) for main
    uldiv.o(.text) refers to llushr.o(.text) for __aeabi_llsr
    uldiv.o(.text) refers to llshl.o(.text) for __aeabi_llsl
    errno.o(i.__aeabi_errno_addr) refers to errno.o(.data) for .data
    errno.o(i.__read_errno) refers to errno.o(.data) for .data
    errno.o(i.__set_errno) refers to errno.o(.data) for .data
    depilogue.o(.text) refers to llshl.o(.text) for __aeabi_llsl
    depilogue.o(.text) refers to llushr.o(.text) for __aeabi_llsr
    dflti.o(.text) refers to depilogue.o(.text) for _double_epilogue
    dfixul.o(.text) refers to llushr.o(.text) for __aeabi_llsr
    dfixul.o(.text) refers to llshl.o(.text) for __aeabi_llsl
    init.o(.text) refers to entry5.o(.ARM.Collect$$$$00000004) for __main_after_scatterload
    dsqrt.o(.text) refers to llushr.o(.text) for __aeabi_llsr
    dsqrt.o(.text) refers to depilogue.o(.text) for _double_round


==============================================================================

Removing Unused input sections from the image.

    Removing startup_stm32f10x_hd.o(HEAP), (512 bytes).
    Removing core_cm3.o(.emb_text), (32 bytes).
    Removing stm32f10x_bkp.o(.text), (196 bytes).
    Removing stm32f10x_can.o(.text), (2544 bytes).
    Removing stm32f10x_cec.o(.text), (288 bytes).
    Removing stm32f10x_crc.o(.text), (72 bytes).
    Removing stm32f10x_dac.o(.text), (396 bytes).
    Removing stm32f10x_dbgmcu.o(.text), (48 bytes).
    Removing stm32f10x_exti.o(.text), (284 bytes).
    Removing stm32f10x_flash.o(.text), (1468 bytes).
    Removing stm32f10x_i2c.o(.text), (1028 bytes).
    Removing stm32f10x_iwdg.o(.text), (64 bytes).
    Removing stm32f10x_pwr.o(.text), (204 bytes).
    Removing stm32f10x_rtc.o(.text), (328 bytes).
    Removing stm32f10x_sdio.o(.text), (468 bytes).
    Removing stm32f10x_tim.o(.text), (3610 bytes).
    Removing stm32f10x_wwdg.o(.text), (136 bytes).
    Removing bsp_systick.o(.text), (176 bytes).
    Removing bsp_systick.o(.data), (4 bytes).

19 unused section(s) (total 11858 bytes) removed from the image.

==============================================================================

Image Symbol Table

    Local Symbols

    Symbol Name                              Value     Ov Type        Size  Object(Section)

    ../clib/microlib/division.c              0x00000000   Number         0  uidiv.o ABSOLUTE
    ../clib/microlib/division.c              0x00000000   Number         0  uldiv.o ABSOLUTE
    ../clib/microlib/errno.c                 0x00000000   Number         0  errno.o ABSOLUTE
    ../clib/microlib/init/entry.s            0x00000000   Number         0  entry9a.o ABSOLUTE
    ../clib/microlib/init/entry.s            0x00000000   Number         0  entry8b.o ABSOLUTE
    ../clib/microlib/init/entry.s            0x00000000   Number         0  entry2.o ABSOLUTE
    ../clib/microlib/init/entry.s            0x00000000   Number         0  entry8a.o ABSOLUTE
    ../clib/microlib/init/entry.s            0x00000000   Number         0  entry5.o ABSOLUTE
    ../clib/microlib/init/entry.s            0x00000000   Number         0  entry7a.o ABSOLUTE
    ../clib/microlib/init/entry.s            0x00000000   Number         0  entry7b.o ABSOLUTE
    ../clib/microlib/init/entry.s            0x00000000   Number         0  entry11a.o ABSOLUTE
    ../clib/microlib/init/entry.s            0x00000000   Number         0  entry11b.o ABSOLUTE
    ../clib/microlib/init/entry.s            0x00000000   Number         0  entry.o ABSOLUTE
    ../clib/microlib/init/entry.s            0x00000000   Number         0  entry10b.o ABSOLUTE
    ../clib/microlib/init/entry.s            0x00000000   Number         0  entry10a.o ABSOLUTE
    ../clib/microlib/init/entry.s            0x00000000   Number         0  entry9b.o ABSOLUTE
    ../clib/microlib/longlong.c              0x00000000   Number         0  llushr.o ABSOLUTE
    ../clib/microlib/longlong.c              0x00000000   Number         0  llsshr.o ABSOLUTE
    ../clib/microlib/longlong.c              0x00000000   Number         0  llshl.o ABSOLUTE
    ../clib/microlib/printf/printf.c         0x00000000   Number         0  printf2.o ABSOLUTE
    ../clib/microlib/printf/printf.c         0x00000000   Number         0  printf5.o ABSOLUTE
    ../clib/microlib/printf/printf.c         0x00000000   Number         0  printf8.o ABSOLUTE
    ../clib/microlib/printf/printf.c         0x00000000   Number         0  printf4.o ABSOLUTE
    ../clib/microlib/printf/printf.c         0x00000000   Number         0  printf7.o ABSOLUTE
    ../clib/microlib/printf/printf.c         0x00000000   Number         0  printf1.o ABSOLUTE
    ../clib/microlib/printf/printf.c         0x00000000   Number         0  printf3.o ABSOLUTE
    ../clib/microlib/printf/printf.c         0x00000000   Number         0  printf0.o ABSOLUTE
    ../clib/microlib/printf/printf.c         0x00000000   Number         0  printfb.o ABSOLUTE
    ../clib/microlib/printf/printf.c         0x00000000   Number         0  printf6.o ABSOLUTE
    ../clib/microlib/printf/printf.c         0x00000000   Number         0  printfa.o ABSOLUTE
    ../clib/microlib/printf/stubs.s          0x00000000   Number         0  stubs.o ABSOLUTE
    ../clib/microlib/stdio/streams.c         0x00000000   Number         0  stdout.o ABSOLUTE
    ../clib/microlib/string/memset.c         0x00000000   Number         0  memseta.o ABSOLUTE
    ../clib/microlib/string/strstr.c         0x00000000   Number         0  strstr.o ABSOLUTE
    ../clib/microlib/stubs.s                 0x00000000   Number         0  iusefp.o ABSOLUTE
    ../fplib/microlib/fpadd.c                0x00000000   Number         0  dadd.o ABSOLUTE
    ../fplib/microlib/fpdiv.c                0x00000000   Number         0  ddiv.o ABSOLUTE
    ../fplib/microlib/fpepilogue.c           0x00000000   Number         0  depilogue.o ABSOLUTE
    ../fplib/microlib/fpfix.c                0x00000000   Number         0  dfixul.o ABSOLUTE
    ../fplib/microlib/fpflt.c                0x00000000   Number         0  dflti.o ABSOLUTE
    ../fplib/microlib/fpflt.c                0x00000000   Number         0  dfltui.o ABSOLUTE
    ../fplib/microlib/fpmul.c                0x00000000   Number         0  dmul.o ABSOLUTE
    ../fplib/microlib/fpscalb.c              0x00000000   Number         0  dscalb.o ABSOLUTE
    ../fplib/microlib/fpsqrt.c               0x00000000   Number         0  dsqrt.o ABSOLUTE
    ../mathlib/dunder.c                      0x00000000   Number         0  dunder.o ABSOLUTE
    ../mathlib/fpclassify.c                  0x00000000   Number         0  fpclassify.o ABSOLUTE
    ../mathlib/log.c                         0x00000000   Number         0  log_x.o ABSOLUTE
    ../mathlib/log.c                         0x00000000   Number         0  log.o ABSOLUTE
    ../mathlib/log10.c                       0x00000000   Number         0  log10.o ABSOLUTE
    ../mathlib/log10.c                       0x00000000   Number         0  log10_x.o ABSOLUTE
    ../mathlib/poly.c                        0x00000000   Number         0  poly.o ABSOLUTE
    ../mathlib/pow.c                         0x00000000   Number         0  pow_x.o ABSOLUTE
    ../mathlib/pow.c                         0x00000000   Number         0  pow.o ABSOLUTE
    ../mathlib/qnan.c                        0x00000000   Number         0  qnan.o ABSOLUTE
    ../mathlib/sqrt.c                        0x00000000   Number         0  sqrt_x.o ABSOLUTE
    ../mathlib/sqrt.c                        0x00000000   Number         0  sqrt.o ABSOLUTE
    ..\..\Libraries\CMSIS\core_cm3.c         0x00000000   Number         0  core_cm3.o ABSOLUTE
    ..\..\Libraries\CMSIS\startup\startup_stm32f10x_hd.s 0x00000000   Number         0  startup_stm32f10x_hd.o ABSOLUTE
    ..\..\Libraries\CMSIS\system_stm32f10x.c 0x00000000   Number         0  system_stm32f10x.o ABSOLUTE
    ..\..\Libraries\FWlib\src\misc.c         0x00000000   Number         0  misc.o ABSOLUTE
    ..\..\Libraries\FWlib\src\stm32f10x_adc.c 0x00000000   Number         0  stm32f10x_adc.o ABSOLUTE
    ..\..\Libraries\FWlib\src\stm32f10x_bkp.c 0x00000000   Number         0  stm32f10x_bkp.o ABSOLUTE
    ..\..\Libraries\FWlib\src\stm32f10x_can.c 0x00000000   Number         0  stm32f10x_can.o ABSOLUTE
    ..\..\Libraries\FWlib\src\stm32f10x_cec.c 0x00000000   Number         0  stm32f10x_cec.o ABSOLUTE
    ..\..\Libraries\FWlib\src\stm32f10x_crc.c 0x00000000   Number         0  stm32f10x_crc.o ABSOLUTE
    ..\..\Libraries\FWlib\src\stm32f10x_dac.c 0x00000000   Number         0  stm32f10x_dac.o ABSOLUTE
    ..\..\Libraries\FWlib\src\stm32f10x_dbgmcu.c 0x00000000   Number         0  stm32f10x_dbgmcu.o ABSOLUTE
    ..\..\Libraries\FWlib\src\stm32f10x_dma.c 0x00000000   Number         0  stm32f10x_dma.o ABSOLUTE
    ..\..\Libraries\FWlib\src\stm32f10x_exti.c 0x00000000   Number         0  stm32f10x_exti.o ABSOLUTE
    ..\..\Libraries\FWlib\src\stm32f10x_flash.c 0x00000000   Number         0  stm32f10x_flash.o ABSOLUTE
    ..\..\Libraries\FWlib\src\stm32f10x_fsmc.c 0x00000000   Number         0  stm32f10x_fsmc.o ABSOLUTE
    ..\..\Libraries\FWlib\src\stm32f10x_gpio.c 0x00000000   Number         0  stm32f10x_gpio.o ABSOLUTE
    ..\..\Libraries\FWlib\src\stm32f10x_i2c.c 0x00000000   Number         0  stm32f10x_i2c.o ABSOLUTE
    ..\..\Libraries\FWlib\src\stm32f10x_iwdg.c 0x00000000   Number         0  stm32f10x_iwdg.o ABSOLUTE
    ..\..\Libraries\FWlib\src\stm32f10x_pwr.c 0x00000000   Number         0  stm32f10x_pwr.o ABSOLUTE
    ..\..\Libraries\FWlib\src\stm32f10x_rcc.c 0x00000000   Number         0  stm32f10x_rcc.o ABSOLUTE
    ..\..\Libraries\FWlib\src\stm32f10x_rtc.c 0x00000000   Number         0  stm32f10x_rtc.o ABSOLUTE
    ..\..\Libraries\FWlib\src\stm32f10x_sdio.c 0x00000000   Number         0  stm32f10x_sdio.o ABSOLUTE
    ..\..\Libraries\FWlib\src\stm32f10x_spi.c 0x00000000   Number         0  stm32f10x_spi.o ABSOLUTE
    ..\..\Libraries\FWlib\src\stm32f10x_tim.c 0x00000000   Number         0  stm32f10x_tim.o ABSOLUTE
    ..\..\Libraries\FWlib\src\stm32f10x_usart.c 0x00000000   Number         0  stm32f10x_usart.o ABSOLUTE
    ..\..\Libraries\FWlib\src\stm32f10x_wwdg.c 0x00000000   Number         0  stm32f10x_wwdg.o ABSOLUTE
    ..\..\User\Common\Common.c               0x00000000   Number         0  common.o ABSOLUTE
    ..\..\User\ESP8266\bsp_esp8266.c         0x00000000   Number         0  bsp_esp8266.o ABSOLUTE
    ..\..\User\ESP8266\bsp_esp8266_test.c    0x00000000   Number         0  bsp_esp8266_test.o ABSOLUTE
    ..\..\User\SysTick\bsp_SysTick.c         0x00000000   Number         0  bsp_systick.o ABSOLUTE
    ..\..\User\adc\bsp_adc.c                 0x00000000   Number         0  bsp_adc.o ABSOLUTE
    ..\..\User\beep\bsp_beep.c               0x00000000   Number         0  bsp_beep.o ABSOLUTE
    ..\..\User\dwt_delay\core_delay.c        0x00000000   Number         0  core_delay.o ABSOLUTE
    ..\..\User\flash\bsp_spi_flash.c         0x00000000   Number         0  bsp_spi_flash.o ABSOLUTE
    ..\..\User\font\fonts.c                  0x00000000   Number         0  fonts.o ABSOLUTE
    ..\..\User\lcd\bsp_ili9341_lcd.c         0x00000000   Number         0  bsp_ili9341_lcd.o ABSOLUTE
    ..\..\User\main.c                        0x00000000   Number         0  main.o ABSOLUTE
    ..\..\User\stm32f10x_it.c                0x00000000   Number         0  stm32f10x_it.o ABSOLUTE
    ..\..\User\system\system.c               0x00000000   Number         0  system.o ABSOLUTE
    ..\..\User\usart\bsp_usart.c             0x00000000   Number         0  bsp_usart.o ABSOLUTE
    ..\\..\\Libraries\\CMSIS\\core_cm3.c     0x00000000   Number         0  core_cm3.o ABSOLUTE
    cdcmple.s                                0x00000000   Number         0  cdcmple.o ABSOLUTE
    cdrcmple.s                               0x00000000   Number         0  cdrcmple.o ABSOLUTE
    dc.s                                     0x00000000   Number         0  dc.o ABSOLUTE
    handlers.s                               0x00000000   Number         0  handlers.o ABSOLUTE
    init.s                                   0x00000000   Number         0  init.o ABSOLUTE
    RESET                                    0x08000000   Section      304  startup_stm32f10x_hd.o(RESET)
    .ARM.Collect$$$$00000000                 0x08000130   Section        0  entry.o(.ARM.Collect$$$$00000000)
    .ARM.Collect$$$$00000001                 0x08000130   Section        4  entry2.o(.ARM.Collect$$$$00000001)
    .ARM.Collect$$$$00000004                 0x08000134   Section        4  entry5.o(.ARM.Collect$$$$00000004)
    .ARM.Collect$$$$00000008                 0x08000138   Section        0  entry7b.o(.ARM.Collect$$$$00000008)
    .ARM.Collect$$$$0000000A                 0x08000138   Section        0  entry8b.o(.ARM.Collect$$$$0000000A)
    .ARM.Collect$$$$0000000B                 0x08000138   Section        8  entry9a.o(.ARM.Collect$$$$0000000B)
    .ARM.Collect$$$$0000000D                 0x08000140   Section        0  entry10a.o(.ARM.Collect$$$$0000000D)
    .ARM.Collect$$$$0000000F                 0x08000140   Section        0  entry11a.o(.ARM.Collect$$$$0000000F)
    .ARM.Collect$$$$00002712                 0x08000140   Section        4  entry2.o(.ARM.Collect$$$$00002712)
    __lit__00000000                          0x08000140   Data           4  entry2.o(.ARM.Collect$$$$00002712)
    .text                                    0x08000144   Section       36  startup_stm32f10x_hd.o(.text)
    .text                                    0x08000168   Section        0  system_stm32f10x.o(.text)
    SetSysClockTo72                          0x08000169   Thumb Code   214  system_stm32f10x.o(.text)
    SetSysClock                              0x0800023f   Thumb Code     8  system_stm32f10x.o(.text)
    .text                                    0x08000348   Section        0  misc.o(.text)
    .text                                    0x08000424   Section        0  stm32f10x_adc.o(.text)
    .text                                    0x08000874   Section        0  stm32f10x_dma.o(.text)
    .text                                    0x08000ac8   Section        0  stm32f10x_fsmc.o(.text)
    .text                                    0x080010d4   Section        0  stm32f10x_gpio.o(.text)
    .text                                    0x08001430   Section        0  stm32f10x_rcc.o(.text)
    .text                                    0x080017d4   Section        0  stm32f10x_spi.o(.text)
    .text                                    0x08001ae0   Section        0  stm32f10x_usart.o(.text)
    .text                                    0x08001ee8   Section        0  main.o(.text)
    .text                                    0x080025c4   Section        0  stm32f10x_it.o(.text)
    .text                                    0x080026f8   Section        0  bsp_adc.o(.text)
    ADCx_GPIO_Config                         0x080026f9   Thumb Code    32  bsp_adc.o(.text)
    ADCx_Mode_Config                         0x08002719   Thumb Code   296  bsp_adc.o(.text)
    .text                                    0x0800285c   Section        0  bsp_usart.o(.text)
    NVIC_Configuration                       0x0800285d   Thumb Code    38  bsp_usart.o(.text)
    .text                                    0x08002a00   Section        0  bsp_ili9341_lcd.o(.text)
    ILI9341_Delay                            0x08002a01   Thumb Code    18  bsp_ili9341_lcd.o(.text)
    ILI9341_GPIO_Config                      0x08002a13   Thumb Code   398  bsp_ili9341_lcd.o(.text)
    ILI9341_FSMC_Config                      0x08002ba1   Thumb Code   110  bsp_ili9341_lcd.o(.text)
    ILI9341_REG_Config                       0x08002c7b   Thumb Code  1106  bsp_ili9341_lcd.o(.text)
    ILI9341_SetCursor                        0x08003261   Thumb Code    20  bsp_ili9341_lcd.o(.text)
    ILI9341_FillColor                        0x08003275   Thumb Code    32  bsp_ili9341_lcd.o(.text)
    ILI9341_Read_PixelData                   0x08003307   Thumb Code    50  bsp_ili9341_lcd.o(.text)
    .text                                    0x08003e3c   Section        0  bsp_spi_flash.o(.text)
    SPI_TIMEOUT_UserCallback                 0x08003eef   Thumb Code    16  bsp_spi_flash.o(.text)
    .text                                    0x080043b8   Section        0  fonts.o(.text)
    .text                                    0x0800440c   Section        0  bsp_beep.o(.text)
    .text                                    0x08004444   Section        0  bsp_esp8266.o(.text)
    ESP8266_USART_NVIC_Configuration         0x08004445   Thumb Code    40  bsp_esp8266.o(.text)
    ESP8266_USART_Config                     0x0800446d   Thumb Code   148  bsp_esp8266.o(.text)
    ESP8266_GPIO_Config                      0x08004501   Thumb Code    64  bsp_esp8266.o(.text)
    .text                                    0x08004d60   Section        0  bsp_esp8266_test.o(.text)
    .text                                    0x08004fd0   Section        0  core_delay.o(.text)
    .text                                    0x0800504c   Section        0  common.o(.text)
    itoa                                     0x0800504d   Thumb Code    98  common.o(.text)
    .text                                    0x080051b4   Section        0  memseta.o(.text)
    .text                                    0x080051d8   Section        0  strstr.o(.text)
    .text                                    0x080051fc   Section        0  dadd.o(.text)
    .text                                    0x0800534a   Section        0  dmul.o(.text)
    .text                                    0x0800542e   Section        0  ddiv.o(.text)
    .text                                    0x0800550c   Section        0  dfltui.o(.text)
    .text                                    0x08005528   Section       48  cdcmple.o(.text)
    .text                                    0x08005558   Section       48  cdrcmple.o(.text)
    .text                                    0x08005588   Section        0  uidiv.o(.text)
    .text                                    0x080055b4   Section        0  uldiv.o(.text)
    .text                                    0x08005616   Section        0  llshl.o(.text)
    .text                                    0x08005634   Section        0  llsshr.o(.text)
    .text                                    0x08005658   Section        0  iusefp.o(.text)
    .text                                    0x08005658   Section        0  depilogue.o(.text)
    .text                                    0x08005712   Section        0  dscalb.o(.text)
    .text                                    0x08005740   Section        0  dflti.o(.text)
    .text                                    0x08005762   Section        0  dfixul.o(.text)
    .text                                    0x08005794   Section       36  init.o(.text)
    .text                                    0x080057b8   Section        0  llushr.o(.text)
    .text                                    0x080057d8   Section        0  dsqrt.o(.text)
    i.ILI9341_Read_Data                      0x0800587c   Section        0  bsp_ili9341_lcd.o(i.ILI9341_Read_Data)
    i.ILI9341_Write_Cmd                      0x08005888   Section        0  bsp_ili9341_lcd.o(i.ILI9341_Write_Cmd)
    i.ILI9341_Write_Data                     0x08005890   Section        0  bsp_ili9341_lcd.o(i.ILI9341_Write_Data)
    i.__0printf                              0x0800589c   Section        0  printfa.o(i.__0printf)
    i.__0sprintf                             0x080058bc   Section        0  printfa.o(i.__0sprintf)
    i.__ARM_fpclassify                       0x080058e4   Section        0  fpclassify.o(i.__ARM_fpclassify)
    i.__kernel_poly                          0x0800590c   Section        0  poly.o(i.__kernel_poly)
    i.__mathlib_dbl_divzero                  0x080059b8   Section        0  dunder.o(i.__mathlib_dbl_divzero)
    i.__mathlib_dbl_infnan                   0x080059c8   Section        0  dunder.o(i.__mathlib_dbl_infnan)
    i.__mathlib_dbl_infnan2                  0x080059ce   Section        0  dunder.o(i.__mathlib_dbl_infnan2)
    i.__mathlib_dbl_invalid                  0x080059d2   Section        0  dunder.o(i.__mathlib_dbl_invalid)
    i.__mathlib_dbl_overflow                 0x080059de   Section        0  dunder.o(i.__mathlib_dbl_overflow)
    i.__mathlib_dbl_underflow                0x080059ec   Section        0  dunder.o(i.__mathlib_dbl_underflow)
    i.__scatterload_copy                     0x080059fc   Section       14  handlers.o(i.__scatterload_copy)
    i.__scatterload_null                     0x08005a0a   Section        2  handlers.o(i.__scatterload_null)
    i.__scatterload_zeroinit                 0x08005a0c   Section       14  handlers.o(i.__scatterload_zeroinit)
    i.__set_errno                            0x08005a1c   Section        0  errno.o(i.__set_errno)
    i._fp_digits                             0x08005a28   Section        0  printfa.o(i._fp_digits)
    _fp_digits                               0x08005a29   Thumb Code   366  printfa.o(i._fp_digits)
    i._printf_core                           0x08005bac   Section        0  printfa.o(i._printf_core)
    _printf_core                             0x08005bad   Thumb Code  1744  printfa.o(i._printf_core)
    i._printf_post_padding                   0x08006288   Section        0  printfa.o(i._printf_post_padding)
    _printf_post_padding                     0x08006289   Thumb Code    36  printfa.o(i._printf_post_padding)
    i._printf_pre_padding                    0x080062ac   Section        0  printfa.o(i._printf_pre_padding)
    _printf_pre_padding                      0x080062ad   Thumb Code    46  printfa.o(i._printf_pre_padding)
    i._sputc                                 0x080062da   Section        0  printfa.o(i._sputc)
    _sputc                                   0x080062db   Thumb Code    10  printfa.o(i._sputc)
    i.log                                    0x080062e4   Section        0  log.o(i.log)
    i.log10                                  0x08006640   Section        0  log10.o(i.log10)
    i.pow                                    0x08006724   Section        0  pow.o(i.pow)
    i.sqrt                                   0x080070fc   Section        0  sqrt.o(i.sqrt)
    .constdata                               0x08007148   Section    15200  fonts.o(.constdata)
    .constdata                               0x0800aca8   Section      136  pow.o(.constdata)
    bp                                       0x0800aca8   Data          16  pow.o(.constdata)
    dp_h                                     0x0800acb8   Data          16  pow.o(.constdata)
    dp_l                                     0x0800acc8   Data          16  pow.o(.constdata)
    L                                        0x0800acd8   Data          48  pow.o(.constdata)
    P                                        0x0800ad08   Data          40  pow.o(.constdata)
    .constdata                               0x0800ad30   Section       56  log.o(.constdata)
    Lg2                                      0x0800ad30   Data          24  log.o(.constdata)
    Lg                                       0x0800ad48   Data          32  log.o(.constdata)
    .constdata                               0x0800ad68   Section        8  qnan.o(.constdata)
    .conststring                             0x0800ad70   Section       91  bsp_esp8266_test.o(.conststring)
    .data                                    0x20000000   Section       20  system_stm32f10x.o(.data)
    .data                                    0x20000014   Section       20  stm32f10x_rcc.o(.data)
    APBAHBPrescTable                         0x20000014   Data          16  stm32f10x_rcc.o(.data)
    ADCPrescTable                            0x20000024   Data           4  stm32f10x_rcc.o(.data)
    .data                                    0x20000028   Section        2  main.o(.data)
    .data                                    0x2000002c   Section       16  bsp_ili9341_lcd.o(.data)
    LCD_Currentfonts                         0x20000034   Data           4  bsp_ili9341_lcd.o(.data)
    CurrentTextColor                         0x20000038   Data           2  bsp_ili9341_lcd.o(.data)
    CurrentBackColor                         0x2000003a   Data           2  bsp_ili9341_lcd.o(.data)
    .data                                    0x2000003c   Section        4  bsp_spi_flash.o(.data)
    SPITimeout                               0x2000003c   Data           4  bsp_spi_flash.o(.data)
    .data                                    0x20000040   Section       25  fonts.o(.data)
    everRead                                 0x20000058   Data           1  fonts.o(.data)
    .data                                    0x2000005c   Section       33  bsp_esp8266_test.o(.data)
    .data                                    0x20000080   Section        4  stdout.o(.data)
    .data                                    0x20000084   Section        4  errno.o(.data)
    _errno                                   0x20000084   Data           4  errno.o(.data)
    .bss                                     0x20000088   Section      184  main.o(.bss)
    .bss                                     0x20000140   Section       12  bsp_adc.o(.bss)
    .bss                                     0x2000014c   Section    17408  bsp_ili9341_lcd.o(.bss)
    .bss                                     0x2000454c   Section     2052  bsp_esp8266.o(.bss)
    STACK                                    0x20004d50   Section     1024  startup_stm32f10x_hd.o(STACK)

    Global Symbols

    Symbol Name                              Value     Ov Type        Size  Object(Section)

    BuildAttributes$$THM_ISAv4$P$D$K$B$S$PE$A:L22UL41UL21$X:L11$S22US41US21$IEEE1$IW$USESV6$~STKCKD$USESV7$~SHL$OTIME$ROPI$IEEEX$EBA8$MICROLIB$REQ8$PRES8$EABIv2 0x00000000   Number         0  anon$$obj.o ABSOLUTE
    __ARM_use_no_argv                        0x00000000   Number         0  main.o ABSOLUTE
    _printf_a                                0x00000000   Number         0  stubs.o ABSOLUTE
    _printf_c                                0x00000000   Number         0  stubs.o ABSOLUTE
    _printf_charcount                        0x00000000   Number         0  stubs.o ABSOLUTE
    _printf_d                                0x00000000   Number         0  stubs.o ABSOLUTE
    _printf_e                                0x00000000   Number         0  stubs.o ABSOLUTE
    _printf_f                                0x00000000   Number         0  stubs.o ABSOLUTE
    _printf_flags                            0x00000000   Number         0  stubs.o ABSOLUTE
    _printf_fp_dec                           0x00000000   Number         0  stubs.o ABSOLUTE
    _printf_fp_hex                           0x00000000   Number         0  stubs.o ABSOLUTE
    _printf_g                                0x00000000   Number         0  stubs.o ABSOLUTE
    _printf_i                                0x00000000   Number         0  stubs.o ABSOLUTE
    _printf_int_dec                          0x00000000   Number         0  stubs.o ABSOLUTE
    _printf_l                                0x00000000   Number         0  stubs.o ABSOLUTE
    _printf_lc                               0x00000000   Number         0  stubs.o ABSOLUTE
    _printf_ll                               0x00000000   Number         0  stubs.o ABSOLUTE
    _printf_lld                              0x00000000   Number         0  stubs.o ABSOLUTE
    _printf_lli                              0x00000000   Number         0  stubs.o ABSOLUTE
    _printf_llo                              0x00000000   Number         0  stubs.o ABSOLUTE
    _printf_llu                              0x00000000   Number         0  stubs.o ABSOLUTE
    _printf_llx                              0x00000000   Number         0  stubs.o ABSOLUTE
    _printf_longlong_dec                     0x00000000   Number         0  stubs.o ABSOLUTE
    _printf_longlong_hex                     0x00000000   Number         0  stubs.o ABSOLUTE
    _printf_longlong_oct                     0x00000000   Number         0  stubs.o ABSOLUTE
    _printf_ls                               0x00000000   Number         0  stubs.o ABSOLUTE
    _printf_mbtowc                           0x00000000   Number         0  stubs.o ABSOLUTE
    _printf_n                                0x00000000   Number         0  stubs.o ABSOLUTE
    _printf_o                                0x00000000   Number         0  stubs.o ABSOLUTE
    _printf_p                                0x00000000   Number         0  stubs.o ABSOLUTE
    _printf_percent                          0x00000000   Number         0  stubs.o ABSOLUTE
    _printf_pre_padding                      0x00000000   Number         0  stubs.o ABSOLUTE
    _printf_return_value                     0x00000000   Number         0  stubs.o ABSOLUTE
    _printf_s                                0x00000000   Number         0  stubs.o ABSOLUTE
    _printf_sizespec                         0x00000000   Number         0  stubs.o ABSOLUTE
    _printf_str                              0x00000000   Number         0  stubs.o ABSOLUTE
    _printf_truncate_signed                  0x00000000   Number         0  stubs.o ABSOLUTE
    _printf_truncate_unsigned                0x00000000   Number         0  stubs.o ABSOLUTE
    _printf_u                                0x00000000   Number         0  stubs.o ABSOLUTE
    _printf_wc                               0x00000000   Number         0  stubs.o ABSOLUTE
    _printf_wctomb                           0x00000000   Number         0  stubs.o ABSOLUTE
    _printf_widthprec                        0x00000000   Number         0  stubs.o ABSOLUTE
    _printf_x                                0x00000000   Number         0  stubs.o ABSOLUTE
    __cpp_initialize__aeabi_                  - Undefined Weak Reference
    __cxa_finalize                            - Undefined Weak Reference
    __decompress                              - Undefined Weak Reference
    _clock_init                               - Undefined Weak Reference
    _microlib_exit                            - Undefined Weak Reference
    __Vectors_Size                           0x00000130   Number         0  startup_stm32f10x_hd.o ABSOLUTE
    __Vectors                                0x08000000   Data           4  startup_stm32f10x_hd.o(RESET)
    __Vectors_End                            0x08000130   Data           0  startup_stm32f10x_hd.o(RESET)
    __main                                   0x08000131   Thumb Code     0  entry.o(.ARM.Collect$$$$00000000)
    _main_stk                                0x08000131   Thumb Code     0  entry2.o(.ARM.Collect$$$$00000001)
    _main_scatterload                        0x08000135   Thumb Code     0  entry5.o(.ARM.Collect$$$$00000004)
    __main_after_scatterload                 0x08000139   Thumb Code     0  entry5.o(.ARM.Collect$$$$00000004)
    _main_clock                              0x08000139   Thumb Code     0  entry7b.o(.ARM.Collect$$$$00000008)
    _main_cpp_init                           0x08000139   Thumb Code     0  entry8b.o(.ARM.Collect$$$$0000000A)
    _main_init                               0x08000139   Thumb Code     0  entry9a.o(.ARM.Collect$$$$0000000B)
    __rt_final_cpp                           0x08000141   Thumb Code     0  entry10a.o(.ARM.Collect$$$$0000000D)
    __rt_final_exit                          0x08000141   Thumb Code     0  entry11a.o(.ARM.Collect$$$$0000000F)
    Reset_Handler                            0x08000145   Thumb Code     8  startup_stm32f10x_hd.o(.text)
    ADC1_2_IRQHandler                        0x0800015f   Thumb Code     0  startup_stm32f10x_hd.o(.text)
    ADC3_IRQHandler                          0x0800015f   Thumb Code     0  startup_stm32f10x_hd.o(.text)
    CAN1_RX1_IRQHandler                      0x0800015f   Thumb Code     0  startup_stm32f10x_hd.o(.text)
    CAN1_SCE_IRQHandler                      0x0800015f   Thumb Code     0  startup_stm32f10x_hd.o(.text)
    DMA1_Channel1_IRQHandler                 0x0800015f   Thumb Code     0  startup_stm32f10x_hd.o(.text)
    DMA1_Channel2_IRQHandler                 0x0800015f   Thumb Code     0  startup_stm32f10x_hd.o(.text)
    DMA1_Channel3_IRQHandler                 0x0800015f   Thumb Code     0  startup_stm32f10x_hd.o(.text)
    DMA1_Channel4_IRQHandler                 0x0800015f   Thumb Code     0  startup_stm32f10x_hd.o(.text)
    DMA1_Channel5_IRQHandler                 0x0800015f   Thumb Code     0  startup_stm32f10x_hd.o(.text)
    DMA1_Channel6_IRQHandler                 0x0800015f   Thumb Code     0  startup_stm32f10x_hd.o(.text)
    DMA1_Channel7_IRQHandler                 0x0800015f   Thumb Code     0  startup_stm32f10x_hd.o(.text)
    DMA2_Channel1_IRQHandler                 0x0800015f   Thumb Code     0  startup_stm32f10x_hd.o(.text)
    DMA2_Channel2_IRQHandler                 0x0800015f   Thumb Code     0  startup_stm32f10x_hd.o(.text)
    DMA2_Channel3_IRQHandler                 0x0800015f   Thumb Code     0  startup_stm32f10x_hd.o(.text)
    DMA2_Channel4_5_IRQHandler               0x0800015f   Thumb Code     0  startup_stm32f10x_hd.o(.text)
    EXTI0_IRQHandler                         0x0800015f   Thumb Code     0  startup_stm32f10x_hd.o(.text)
    EXTI15_10_IRQHandler                     0x0800015f   Thumb Code     0  startup_stm32f10x_hd.o(.text)
    EXTI1_IRQHandler                         0x0800015f   Thumb Code     0  startup_stm32f10x_hd.o(.text)
    EXTI2_IRQHandler                         0x0800015f   Thumb Code     0  startup_stm32f10x_hd.o(.text)
    EXTI3_IRQHandler                         0x0800015f   Thumb Code     0  startup_stm32f10x_hd.o(.text)
    EXTI4_IRQHandler                         0x0800015f   Thumb Code     0  startup_stm32f10x_hd.o(.text)
    EXTI9_5_IRQHandler                       0x0800015f   Thumb Code     0  startup_stm32f10x_hd.o(.text)
    FLASH_IRQHandler                         0x0800015f   Thumb Code     0  startup_stm32f10x_hd.o(.text)
    FSMC_IRQHandler                          0x0800015f   Thumb Code     0  startup_stm32f10x_hd.o(.text)
    I2C1_ER_IRQHandler                       0x0800015f   Thumb Code     0  startup_stm32f10x_hd.o(.text)
    I2C1_EV_IRQHandler                       0x0800015f   Thumb Code     0  startup_stm32f10x_hd.o(.text)
    I2C2_ER_IRQHandler                       0x0800015f   Thumb Code     0  startup_stm32f10x_hd.o(.text)
    I2C2_EV_IRQHandler                       0x0800015f   Thumb Code     0  startup_stm32f10x_hd.o(.text)
    PVD_IRQHandler                           0x0800015f   Thumb Code     0  startup_stm32f10x_hd.o(.text)
    RCC_IRQHandler                           0x0800015f   Thumb Code     0  startup_stm32f10x_hd.o(.text)
    RTCAlarm_IRQHandler                      0x0800015f   Thumb Code     0  startup_stm32f10x_hd.o(.text)
    RTC_IRQHandler                           0x0800015f   Thumb Code     0  startup_stm32f10x_hd.o(.text)
    SDIO_IRQHandler                          0x0800015f   Thumb Code     0  startup_stm32f10x_hd.o(.text)
    SPI1_IRQHandler                          0x0800015f   Thumb Code     0  startup_stm32f10x_hd.o(.text)
    SPI2_IRQHandler                          0x0800015f   Thumb Code     0  startup_stm32f10x_hd.o(.text)
    SPI3_IRQHandler                          0x0800015f   Thumb Code     0  startup_stm32f10x_hd.o(.text)
    TAMPER_IRQHandler                        0x0800015f   Thumb Code     0  startup_stm32f10x_hd.o(.text)
    TIM1_BRK_IRQHandler                      0x0800015f   Thumb Code     0  startup_stm32f10x_hd.o(.text)
    TIM1_CC_IRQHandler                       0x0800015f   Thumb Code     0  startup_stm32f10x_hd.o(.text)
    TIM1_TRG_COM_IRQHandler                  0x0800015f   Thumb Code     0  startup_stm32f10x_hd.o(.text)
    TIM1_UP_IRQHandler                       0x0800015f   Thumb Code     0  startup_stm32f10x_hd.o(.text)
    TIM2_IRQHandler                          0x0800015f   Thumb Code     0  startup_stm32f10x_hd.o(.text)
    TIM3_IRQHandler                          0x0800015f   Thumb Code     0  startup_stm32f10x_hd.o(.text)
    TIM4_IRQHandler                          0x0800015f   Thumb Code     0  startup_stm32f10x_hd.o(.text)
    TIM5_IRQHandler                          0x0800015f   Thumb Code     0  startup_stm32f10x_hd.o(.text)
    TIM6_IRQHandler                          0x0800015f   Thumb Code     0  startup_stm32f10x_hd.o(.text)
    TIM7_IRQHandler                          0x0800015f   Thumb Code     0  startup_stm32f10x_hd.o(.text)
    TIM8_BRK_IRQHandler                      0x0800015f   Thumb Code     0  startup_stm32f10x_hd.o(.text)
    TIM8_CC_IRQHandler                       0x0800015f   Thumb Code     0  startup_stm32f10x_hd.o(.text)
    TIM8_TRG_COM_IRQHandler                  0x0800015f   Thumb Code     0  startup_stm32f10x_hd.o(.text)
    TIM8_UP_IRQHandler                       0x0800015f   Thumb Code     0  startup_stm32f10x_hd.o(.text)
    UART4_IRQHandler                         0x0800015f   Thumb Code     0  startup_stm32f10x_hd.o(.text)
    UART5_IRQHandler                         0x0800015f   Thumb Code     0  startup_stm32f10x_hd.o(.text)
    USART2_IRQHandler                        0x0800015f   Thumb Code     0  startup_stm32f10x_hd.o(.text)
    USBWakeUp_IRQHandler                     0x0800015f   Thumb Code     0  startup_stm32f10x_hd.o(.text)
    USB_HP_CAN1_TX_IRQHandler                0x0800015f   Thumb Code     0  startup_stm32f10x_hd.o(.text)
    USB_LP_CAN1_RX0_IRQHandler               0x0800015f   Thumb Code     0  startup_stm32f10x_hd.o(.text)
    WWDG_IRQHandler                          0x0800015f   Thumb Code     0  startup_stm32f10x_hd.o(.text)
    SystemInit                               0x08000247   Thumb Code    78  system_stm32f10x.o(.text)
    SystemCoreClockUpdate                    0x08000295   Thumb Code   142  system_stm32f10x.o(.text)
    NVIC_PriorityGroupConfig                 0x08000349   Thumb Code    10  misc.o(.text)
    NVIC_Init                                0x08000353   Thumb Code   100  misc.o(.text)
    NVIC_SetVectorTable                      0x080003b7   Thumb Code    14  misc.o(.text)
    NVIC_SystemLPConfig                      0x080003c5   Thumb Code    34  misc.o(.text)
    SysTick_CLKSourceConfig                  0x080003e7   Thumb Code    40  misc.o(.text)
    ADC_DeInit                               0x08000425   Thumb Code    78  stm32f10x_adc.o(.text)
    ADC_Init                                 0x08000473   Thumb Code    70  stm32f10x_adc.o(.text)
    ADC_StructInit                           0x080004b9   Thumb Code    18  stm32f10x_adc.o(.text)
    ADC_Cmd                                  0x080004cb   Thumb Code    22  stm32f10x_adc.o(.text)
    ADC_DMACmd                               0x080004e1   Thumb Code    22  stm32f10x_adc.o(.text)
    ADC_ITConfig                             0x080004f7   Thumb Code    24  stm32f10x_adc.o(.text)
    ADC_ResetCalibration                     0x0800050f   Thumb Code    10  stm32f10x_adc.o(.text)
    ADC_GetResetCalibrationStatus            0x08000519   Thumb Code    20  stm32f10x_adc.o(.text)
    ADC_StartCalibration                     0x0800052d   Thumb Code    10  stm32f10x_adc.o(.text)
    ADC_GetCalibrationStatus                 0x08000537   Thumb Code    20  stm32f10x_adc.o(.text)
    ADC_SoftwareStartConvCmd                 0x0800054b   Thumb Code    22  stm32f10x_adc.o(.text)
    ADC_GetSoftwareStartConvStatus           0x08000561   Thumb Code    20  stm32f10x_adc.o(.text)
    ADC_DiscModeChannelCountConfig           0x08000575   Thumb Code    24  stm32f10x_adc.o(.text)
    ADC_DiscModeCmd                          0x0800058d   Thumb Code    22  stm32f10x_adc.o(.text)
    ADC_RegularChannelConfig                 0x080005a3   Thumb Code   184  stm32f10x_adc.o(.text)
    ADC_ExternalTrigConvCmd                  0x0800065b   Thumb Code    22  stm32f10x_adc.o(.text)
    ADC_GetConversionValue                   0x08000671   Thumb Code     8  stm32f10x_adc.o(.text)
    ADC_GetDualModeConversionValue           0x08000679   Thumb Code     8  stm32f10x_adc.o(.text)
    ADC_AutoInjectedConvCmd                  0x08000681   Thumb Code    22  stm32f10x_adc.o(.text)
    ADC_InjectedDiscModeCmd                  0x08000697   Thumb Code    22  stm32f10x_adc.o(.text)
    ADC_ExternalTrigInjectedConvConfig       0x080006ad   Thumb Code    16  stm32f10x_adc.o(.text)
    ADC_ExternalTrigInjectedConvCmd          0x080006bd   Thumb Code    22  stm32f10x_adc.o(.text)
    ADC_SoftwareStartInjectedConvCmd         0x080006d3   Thumb Code    22  stm32f10x_adc.o(.text)
    ADC_GetSoftwareStartInjectedConvCmdStatus 0x080006e9   Thumb Code    20  stm32f10x_adc.o(.text)
    ADC_InjectedChannelConfig                0x080006fd   Thumb Code   130  stm32f10x_adc.o(.text)
    ADC_InjectedSequencerLengthConfig        0x0800077f   Thumb Code    24  stm32f10x_adc.o(.text)
    ADC_SetInjectedOffset                    0x08000797   Thumb Code    20  stm32f10x_adc.o(.text)
    ADC_GetInjectedConversionValue           0x080007ab   Thumb Code    28  stm32f10x_adc.o(.text)
    ADC_AnalogWatchdogCmd                    0x080007c7   Thumb Code    16  stm32f10x_adc.o(.text)
    ADC_AnalogWatchdogThresholdsConfig       0x080007d7   Thumb Code     6  stm32f10x_adc.o(.text)
    ADC_AnalogWatchdogSingleChannelConfig    0x080007dd   Thumb Code    16  stm32f10x_adc.o(.text)
    ADC_TempSensorVrefintCmd                 0x080007ed   Thumb Code    64  stm32f10x_adc.o(.text)
    ADC_GetFlagStatus                        0x0800082d   Thumb Code    18  stm32f10x_adc.o(.text)
    ADC_ClearFlag                            0x0800083f   Thumb Code     6  stm32f10x_adc.o(.text)
    ADC_GetITStatus                          0x08000845   Thumb Code    36  stm32f10x_adc.o(.text)
    ADC_ClearITPendingBit                    0x08000869   Thumb Code    10  stm32f10x_adc.o(.text)
    DMA_DeInit                               0x08000875   Thumb Code   324  stm32f10x_dma.o(.text)
    DMA_Init                                 0x080009b9   Thumb Code    60  stm32f10x_dma.o(.text)
    DMA_StructInit                           0x080009f5   Thumb Code    26  stm32f10x_dma.o(.text)
    DMA_Cmd                                  0x08000a0f   Thumb Code    24  stm32f10x_dma.o(.text)
    DMA_ITConfig                             0x08000a27   Thumb Code    18  stm32f10x_dma.o(.text)
    DMA_SetCurrDataCounter                   0x08000a39   Thumb Code     4  stm32f10x_dma.o(.text)
    DMA_GetCurrDataCounter                   0x08000a3d   Thumb Code     8  stm32f10x_dma.o(.text)
    DMA_GetFlagStatus                        0x08000a45   Thumb Code    40  stm32f10x_dma.o(.text)
    DMA_ClearFlag                            0x08000a6d   Thumb Code    22  stm32f10x_dma.o(.text)
    DMA_GetITStatus                          0x08000a83   Thumb Code    40  stm32f10x_dma.o(.text)
    DMA_ClearITPendingBit                    0x08000aab   Thumb Code    22  stm32f10x_dma.o(.text)
    FSMC_NORSRAMDeInit                       0x08000ac9   Thumb Code    54  stm32f10x_fsmc.o(.text)
    FSMC_NANDDeInit                          0x08000aff   Thumb Code    62  stm32f10x_fsmc.o(.text)
    FSMC_PCCARDDeInit                        0x08000b3d   Thumb Code    36  stm32f10x_fsmc.o(.text)
    FSMC_NORSRAMInit                         0x08000b61   Thumb Code   230  stm32f10x_fsmc.o(.text)
    FSMC_NANDInit                            0x08000c47   Thumb Code   132  stm32f10x_fsmc.o(.text)
    FSMC_PCCARDInit                          0x08000ccb   Thumb Code   130  stm32f10x_fsmc.o(.text)
    FSMC_NORSRAMStructInit                   0x08000d4d   Thumb Code   114  stm32f10x_fsmc.o(.text)
    FSMC_NANDStructInit                      0x08000dbf   Thumb Code    54  stm32f10x_fsmc.o(.text)
    FSMC_PCCARDStructInit                    0x08000df5   Thumb Code    60  stm32f10x_fsmc.o(.text)
    FSMC_NORSRAMCmd                          0x08000e31   Thumb Code    46  stm32f10x_fsmc.o(.text)
    FSMC_NANDCmd                             0x08000e5f   Thumb Code    86  stm32f10x_fsmc.o(.text)
    FSMC_PCCARDCmd                           0x08000eb5   Thumb Code    44  stm32f10x_fsmc.o(.text)
    FSMC_NANDECCCmd                          0x08000ee1   Thumb Code    90  stm32f10x_fsmc.o(.text)
    FSMC_GetECC                              0x08000f3b   Thumb Code    24  stm32f10x_fsmc.o(.text)
    FSMC_ITConfig                            0x08000f53   Thumb Code   128  stm32f10x_fsmc.o(.text)
    FSMC_GetFlagStatus                       0x08000fd3   Thumb Code    54  stm32f10x_fsmc.o(.text)
    FSMC_ClearFlag                           0x08001009   Thumb Code    62  stm32f10x_fsmc.o(.text)
    FSMC_GetITStatus                         0x08001047   Thumb Code    64  stm32f10x_fsmc.o(.text)
    FSMC_ClearITPendingBit                   0x08001087   Thumb Code    68  stm32f10x_fsmc.o(.text)
    GPIO_DeInit                              0x080010d5   Thumb Code   172  stm32f10x_gpio.o(.text)
    GPIO_AFIODeInit                          0x08001181   Thumb Code    20  stm32f10x_gpio.o(.text)
    GPIO_Init                                0x08001195   Thumb Code   278  stm32f10x_gpio.o(.text)
    GPIO_StructInit                          0x080012ab   Thumb Code    16  stm32f10x_gpio.o(.text)
    GPIO_ReadInputDataBit                    0x080012bb   Thumb Code    18  stm32f10x_gpio.o(.text)
    GPIO_ReadInputData                       0x080012cd   Thumb Code     8  stm32f10x_gpio.o(.text)
    GPIO_ReadOutputDataBit                   0x080012d5   Thumb Code    18  stm32f10x_gpio.o(.text)
    GPIO_ReadOutputData                      0x080012e7   Thumb Code     8  stm32f10x_gpio.o(.text)
    GPIO_SetBits                             0x080012ef   Thumb Code     4  stm32f10x_gpio.o(.text)
    GPIO_ResetBits                           0x080012f3   Thumb Code     4  stm32f10x_gpio.o(.text)
    GPIO_WriteBit                            0x080012f7   Thumb Code    10  stm32f10x_gpio.o(.text)
    GPIO_Write                               0x08001301   Thumb Code     4  stm32f10x_gpio.o(.text)
    GPIO_PinLockConfig                       0x08001305   Thumb Code    18  stm32f10x_gpio.o(.text)
    GPIO_EventOutputConfig                   0x08001317   Thumb Code    26  stm32f10x_gpio.o(.text)
    GPIO_EventOutputCmd                      0x08001331   Thumb Code     6  stm32f10x_gpio.o(.text)
    GPIO_PinRemapConfig                      0x08001337   Thumb Code   138  stm32f10x_gpio.o(.text)
    GPIO_EXTILineConfig                      0x080013c1   Thumb Code    66  stm32f10x_gpio.o(.text)
    GPIO_ETH_MediaInterfaceConfig            0x08001403   Thumb Code     8  stm32f10x_gpio.o(.text)
    RCC_DeInit                               0x08001431   Thumb Code    64  stm32f10x_rcc.o(.text)
    RCC_HSEConfig                            0x08001471   Thumb Code    70  stm32f10x_rcc.o(.text)
    RCC_GetFlagStatus                        0x080014b7   Thumb Code    56  stm32f10x_rcc.o(.text)
    RCC_WaitForHSEStartUp                    0x080014ef   Thumb Code    56  stm32f10x_rcc.o(.text)
    RCC_AdjustHSICalibrationValue            0x08001527   Thumb Code    20  stm32f10x_rcc.o(.text)
    RCC_HSICmd                               0x0800153b   Thumb Code     6  stm32f10x_rcc.o(.text)
    RCC_PLLConfig                            0x08001541   Thumb Code    24  stm32f10x_rcc.o(.text)
    RCC_PLLCmd                               0x08001559   Thumb Code     6  stm32f10x_rcc.o(.text)
    RCC_SYSCLKConfig                         0x0800155f   Thumb Code    18  stm32f10x_rcc.o(.text)
    RCC_GetSYSCLKSource                      0x08001571   Thumb Code    10  stm32f10x_rcc.o(.text)
    RCC_HCLKConfig                           0x0800157b   Thumb Code    18  stm32f10x_rcc.o(.text)
    RCC_PCLK1Config                          0x0800158d   Thumb Code    18  stm32f10x_rcc.o(.text)
    RCC_PCLK2Config                          0x0800159f   Thumb Code    20  stm32f10x_rcc.o(.text)
    RCC_ITConfig                             0x080015b3   Thumb Code    26  stm32f10x_rcc.o(.text)
    RCC_USBCLKConfig                         0x080015cd   Thumb Code     8  stm32f10x_rcc.o(.text)
    RCC_ADCCLKConfig                         0x080015d5   Thumb Code    18  stm32f10x_rcc.o(.text)
    RCC_LSEConfig                            0x080015e7   Thumb Code    50  stm32f10x_rcc.o(.text)
    RCC_LSICmd                               0x08001619   Thumb Code     6  stm32f10x_rcc.o(.text)
    RCC_RTCCLKConfig                         0x0800161f   Thumb Code    12  stm32f10x_rcc.o(.text)
    RCC_RTCCLKCmd                            0x0800162b   Thumb Code     8  stm32f10x_rcc.o(.text)
    RCC_GetClocksFreq                        0x08001633   Thumb Code   192  stm32f10x_rcc.o(.text)
    RCC_AHBPeriphClockCmd                    0x080016f3   Thumb Code    26  stm32f10x_rcc.o(.text)
    RCC_APB2PeriphClockCmd                   0x0800170d   Thumb Code    26  stm32f10x_rcc.o(.text)
    RCC_APB1PeriphClockCmd                   0x08001727   Thumb Code    26  stm32f10x_rcc.o(.text)
    RCC_APB2PeriphResetCmd                   0x08001741   Thumb Code    26  stm32f10x_rcc.o(.text)
    RCC_APB1PeriphResetCmd                   0x0800175b   Thumb Code    26  stm32f10x_rcc.o(.text)
    RCC_BackupResetCmd                       0x08001775   Thumb Code     8  stm32f10x_rcc.o(.text)
    RCC_ClockSecuritySystemCmd               0x0800177d   Thumb Code     6  stm32f10x_rcc.o(.text)
    RCC_MCOConfig                            0x08001783   Thumb Code     6  stm32f10x_rcc.o(.text)
    RCC_ClearFlag                            0x08001789   Thumb Code    14  stm32f10x_rcc.o(.text)
    RCC_GetITStatus                          0x08001797   Thumb Code    20  stm32f10x_rcc.o(.text)
    RCC_ClearITPendingBit                    0x080017ab   Thumb Code     6  stm32f10x_rcc.o(.text)
    SPI_I2S_DeInit                           0x080017d5   Thumb Code    76  stm32f10x_spi.o(.text)
    SPI_Init                                 0x08001821   Thumb Code    60  stm32f10x_spi.o(.text)
    I2S_Init                                 0x0800185d   Thumb Code   226  stm32f10x_spi.o(.text)
    SPI_StructInit                           0x0800193f   Thumb Code    24  stm32f10x_spi.o(.text)
    I2S_StructInit                           0x08001957   Thumb Code    20  stm32f10x_spi.o(.text)
    SPI_Cmd                                  0x0800196b   Thumb Code    24  stm32f10x_spi.o(.text)
    I2S_Cmd                                  0x08001983   Thumb Code    24  stm32f10x_spi.o(.text)
    SPI_I2S_ITConfig                         0x0800199b   Thumb Code    32  stm32f10x_spi.o(.text)
    SPI_I2S_DMACmd                           0x080019bb   Thumb Code    18  stm32f10x_spi.o(.text)
    SPI_I2S_SendData                         0x080019cd   Thumb Code     4  stm32f10x_spi.o(.text)
    SPI_I2S_ReceiveData                      0x080019d1   Thumb Code     6  stm32f10x_spi.o(.text)
    SPI_NSSInternalSoftwareConfig            0x080019d7   Thumb Code    30  stm32f10x_spi.o(.text)
    SPI_SSOutputCmd                          0x080019f5   Thumb Code    24  stm32f10x_spi.o(.text)
    SPI_DataSizeConfig                       0x08001a0d   Thumb Code    18  stm32f10x_spi.o(.text)
    SPI_TransmitCRC                          0x08001a1f   Thumb Code    10  stm32f10x_spi.o(.text)
    SPI_CalculateCRC                         0x08001a29   Thumb Code    24  stm32f10x_spi.o(.text)
    SPI_GetCRC                               0x08001a41   Thumb Code    16  stm32f10x_spi.o(.text)
    SPI_GetCRCPolynomial                     0x08001a51   Thumb Code     6  stm32f10x_spi.o(.text)
    SPI_BiDirectionalLineConfig              0x08001a57   Thumb Code    28  stm32f10x_spi.o(.text)
    SPI_I2S_GetFlagStatus                    0x08001a73   Thumb Code    18  stm32f10x_spi.o(.text)
    SPI_I2S_ClearFlag                        0x08001a85   Thumb Code     6  stm32f10x_spi.o(.text)
    SPI_I2S_GetITStatus                      0x08001a8b   Thumb Code    52  stm32f10x_spi.o(.text)
    SPI_I2S_ClearITPendingBit                0x08001abf   Thumb Code    20  stm32f10x_spi.o(.text)
    USART_DeInit                             0x08001ae1   Thumb Code   134  stm32f10x_usart.o(.text)
    USART_Init                               0x08001b67   Thumb Code   210  stm32f10x_usart.o(.text)
    USART_StructInit                         0x08001c39   Thumb Code    24  stm32f10x_usart.o(.text)
    USART_ClockInit                          0x08001c51   Thumb Code    34  stm32f10x_usart.o(.text)
    USART_ClockStructInit                    0x08001c73   Thumb Code    12  stm32f10x_usart.o(.text)
    USART_Cmd                                0x08001c7f   Thumb Code    24  stm32f10x_usart.o(.text)
    USART_ITConfig                           0x08001c97   Thumb Code    74  stm32f10x_usart.o(.text)
    USART_DMACmd                             0x08001ce1   Thumb Code    18  stm32f10x_usart.o(.text)
    USART_SetAddress                         0x08001cf3   Thumb Code    18  stm32f10x_usart.o(.text)
    USART_WakeUpConfig                       0x08001d05   Thumb Code    18  stm32f10x_usart.o(.text)
    USART_ReceiverWakeUpCmd                  0x08001d17   Thumb Code    24  stm32f10x_usart.o(.text)
    USART_LINBreakDetectLengthConfig         0x08001d2f   Thumb Code    18  stm32f10x_usart.o(.text)
    USART_LINCmd                             0x08001d41   Thumb Code    24  stm32f10x_usart.o(.text)
    USART_SendData                           0x08001d59   Thumb Code     8  stm32f10x_usart.o(.text)
    USART_ReceiveData                        0x08001d61   Thumb Code    10  stm32f10x_usart.o(.text)
    USART_SendBreak                          0x08001d6b   Thumb Code    10  stm32f10x_usart.o(.text)
    USART_SetGuardTime                       0x08001d75   Thumb Code    16  stm32f10x_usart.o(.text)
    USART_SetPrescaler                       0x08001d85   Thumb Code    16  stm32f10x_usart.o(.text)
    USART_SmartCardCmd                       0x08001d95   Thumb Code    24  stm32f10x_usart.o(.text)
    USART_SmartCardNACKCmd                   0x08001dad   Thumb Code    24  stm32f10x_usart.o(.text)
    USART_HalfDuplexCmd                      0x08001dc5   Thumb Code    24  stm32f10x_usart.o(.text)
    USART_OverSampling8Cmd                   0x08001ddd   Thumb Code    22  stm32f10x_usart.o(.text)
    USART_OneBitMethodCmd                    0x08001df3   Thumb Code    24  stm32f10x_usart.o(.text)
    USART_IrDAConfig                         0x08001e0b   Thumb Code    18  stm32f10x_usart.o(.text)
    USART_IrDACmd                            0x08001e1d   Thumb Code    24  stm32f10x_usart.o(.text)
    USART_GetFlagStatus                      0x08001e35   Thumb Code    26  stm32f10x_usart.o(.text)
    USART_ClearFlag                          0x08001e4f   Thumb Code    18  stm32f10x_usart.o(.text)
    USART_GetITStatus                        0x08001e61   Thumb Code    84  stm32f10x_usart.o(.text)
    USART_ClearITPendingBit                  0x08001eb5   Thumb Code    52  stm32f10x_usart.o(.text)
    Delay                                    0x08001ee9   Thumb Code    18  main.o(.text)
    ESP8266_SendDataTest                     0x08001efb   Thumb Code   130  main.o(.text)
    LCD_data                                 0x08001f7d   Thumb Code   312  main.o(.text)
    volcal                                   0x080020b5   Thumb Code   416  main.o(.text)
    LCD_show                                 0x08002255   Thumb Code   648  main.o(.text)
    main                                     0x080024dd   Thumb Code   112  main.o(.text)
    NMI_Handler                              0x080025c5   Thumb Code     2  stm32f10x_it.o(.text)
    HardFault_Handler                        0x080025c7   Thumb Code     4  stm32f10x_it.o(.text)
    MemManage_Handler                        0x080025cb   Thumb Code     4  stm32f10x_it.o(.text)
    BusFault_Handler                         0x080025cf   Thumb Code     4  stm32f10x_it.o(.text)
    UsageFault_Handler                       0x080025d3   Thumb Code     4  stm32f10x_it.o(.text)
    SVC_Handler                              0x080025d7   Thumb Code     2  stm32f10x_it.o(.text)
    DebugMon_Handler                         0x080025d9   Thumb Code     2  stm32f10x_it.o(.text)
    PendSV_Handler                           0x080025db   Thumb Code     2  stm32f10x_it.o(.text)
    SysTick_Handler                          0x080025dd   Thumb Code     2  stm32f10x_it.o(.text)
    USART1_IRQHandler                        0x080025df   Thumb Code   114  stm32f10x_it.o(.text)
    USART3_IRQHandler                        0x08002651   Thumb Code   134  stm32f10x_it.o(.text)
    ADCx_Init                                0x08002841   Thumb Code    12  bsp_adc.o(.text)
    USART_Config                             0x08002883   Thumb Code   136  bsp_usart.o(.text)
    Usart_SendByte                           0x0800290b   Thumb Code    30  bsp_usart.o(.text)
    Usart_SendArray                          0x08002929   Thumb Code    48  bsp_usart.o(.text)
    Usart_SendString                         0x08002959   Thumb Code    42  bsp_usart.o(.text)
    Usart_SendHalfWord                       0x08002983   Thumb Code    60  bsp_usart.o(.text)
    fputc                                    0x080029bf   Thumb Code    32  bsp_usart.o(.text)
    fgetc                                    0x080029df   Thumb Code    26  bsp_usart.o(.text)
    ILI9341_ReadID                           0x08002c0f   Thumb Code   108  bsp_ili9341_lcd.o(.text)
    ILI9341_GramScan                         0x080030cd   Thumb Code   208  bsp_ili9341_lcd.o(.text)
    ILI9341_Rst                              0x0800319d   Thumb Code    36  bsp_ili9341_lcd.o(.text)
    ILI9341_BackLed_Control                  0x080031c1   Thumb Code    30  bsp_ili9341_lcd.o(.text)
    ILI9341_Init                             0x080031df   Thumb Code    34  bsp_ili9341_lcd.o(.text)
    ILI9341_OpenWindow                       0x08003201   Thumb Code    96  bsp_ili9341_lcd.o(.text)
    ILI9341_Clear                            0x08003295   Thumb Code    72  bsp_ili9341_lcd.o(.text)
    ILI9341_SetPointPixel                    0x080032dd   Thumb Code    42  bsp_ili9341_lcd.o(.text)
    ILI9341_GetPointPixel                    0x08003339   Thumb Code    24  bsp_ili9341_lcd.o(.text)
    ILI9341_DrawLine                         0x08003351   Thumb Code   160  bsp_ili9341_lcd.o(.text)
    ILI9341_DrawRectangle                    0x080033f1   Thumb Code   132  bsp_ili9341_lcd.o(.text)
    ILI9341_DrawCircle                       0x08003475   Thumb Code   312  bsp_ili9341_lcd.o(.text)
    ILI9341_DispChar_EN                      0x080035ad   Thumb Code   138  bsp_ili9341_lcd.o(.text)
    ILI9341_DispStringLine_EN                0x08003637   Thumb Code    92  bsp_ili9341_lcd.o(.text)
    ILI9341_DispString_EN                    0x08003693   Thumb Code   118  bsp_ili9341_lcd.o(.text)
    ILI9341_DispString_EN_YDir               0x08003709   Thumb Code    92  bsp_ili9341_lcd.o(.text)
    ILI9341_DispChar_CH                      0x08003765   Thumb Code   122  bsp_ili9341_lcd.o(.text)
    ILI9341_DispString_CH                    0x080037df   Thumb Code    86  bsp_ili9341_lcd.o(.text)
    ILI9341_DispStringLine_EN_CH             0x08003835   Thumb Code   168  bsp_ili9341_lcd.o(.text)
    ILI9341_DispString_EN_CH                 0x080038dd   Thumb Code   168  bsp_ili9341_lcd.o(.text)
    ILI9341_DispString_EN_CH_YDir            0x08003985   Thumb Code   112  bsp_ili9341_lcd.o(.text)
    ILI9341_zoomChar                         0x080039f5   Thumb Code   402  bsp_ili9341_lcd.o(.text)
    ILI9341_DrawChar_Ex                      0x08003b87   Thumb Code    92  bsp_ili9341_lcd.o(.text)
    ILI9341_DisplayStringEx                  0x08003be3   Thumb Code   246  bsp_ili9341_lcd.o(.text)
    ILI9341_DisplayStringEx_YDir             0x08003cd9   Thumb Code   250  bsp_ili9341_lcd.o(.text)
    LCD_SetFont                              0x08003dd3   Thumb Code     6  bsp_ili9341_lcd.o(.text)
    LCD_GetFont                              0x08003dd9   Thumb Code     6  bsp_ili9341_lcd.o(.text)
    LCD_SetColors                            0x08003ddf   Thumb Code    10  bsp_ili9341_lcd.o(.text)
    LCD_GetColors                            0x08003de9   Thumb Code    14  bsp_ili9341_lcd.o(.text)
    LCD_SetTextColor                         0x08003df7   Thumb Code     6  bsp_ili9341_lcd.o(.text)
    LCD_SetBackColor                         0x08003dfd   Thumb Code     6  bsp_ili9341_lcd.o(.text)
    LCD_ClearLine                            0x08003e03   Thumb Code    26  bsp_ili9341_lcd.o(.text)
    SPI_FLASH_Init                           0x08003e3d   Thumb Code   178  bsp_spi_flash.o(.text)
    SPI_FLASH_SendByte                       0x08003eff   Thumb Code   110  bsp_spi_flash.o(.text)
    SPI_FLASH_WaitForWriteEnd                0x08003f6d   Thumb Code    46  bsp_spi_flash.o(.text)
    SPI_FLASH_WriteEnable                    0x08003f9b   Thumb Code    26  bsp_spi_flash.o(.text)
    SPI_FLASH_SectorErase                    0x08003fb5   Thumb Code    62  bsp_spi_flash.o(.text)
    SPI_FLASH_BulkErase                      0x08003ff3   Thumb Code    34  bsp_spi_flash.o(.text)
    SPI_FLASH_PageWrite                      0x08004015   Thumb Code    98  bsp_spi_flash.o(.text)
    SPI_FLASH_BufferWrite                    0x08004077   Thumb Code   290  bsp_spi_flash.o(.text)
    SPI_FLASH_BufferRead                     0x08004199   Thumb Code    76  bsp_spi_flash.o(.text)
    SPI_FLASH_ReadID                         0x080041e5   Thumb Code    74  bsp_spi_flash.o(.text)
    SPI_FLASH_ReadDeviceID                   0x0800422f   Thumb Code   174  bsp_spi_flash.o(.text)
    SPI_FLASH_StartReadSequence              0x080042dd   Thumb Code    42  bsp_spi_flash.o(.text)
    SPI_FLASH_ReadByte                       0x08004307   Thumb Code    10  bsp_spi_flash.o(.text)
    SPI_FLASH_SendHalfWord                   0x08004311   Thumb Code   104  bsp_spi_flash.o(.text)
    SPI_Flash_PowerDown                      0x08004379   Thumb Code    26  bsp_spi_flash.o(.text)
    SPI_Flash_WAKEUP                         0x08004393   Thumb Code    26  bsp_spi_flash.o(.text)
    GetGBKCode_from_EXFlash                  0x080043b9   Thumb Code    74  fonts.o(.text)
    BEEP_GPIO_Config                         0x0800440d   Thumb Code    50  bsp_beep.o(.text)
    ESP8266_Init                             0x08004541   Thumb Code    32  bsp_esp8266.o(.text)
    ESP8266_Rst                              0x08004561   Thumb Code    30  bsp_esp8266.o(.text)
    ESP8266_Cmd                              0x0800457f   Thumb Code   200  bsp_esp8266.o(.text)
    ESP8266_AT_Test                          0x08004647   Thumb Code   138  bsp_esp8266.o(.text)
    ESP8266_Net_Mode_Choose                  0x080046d1   Thumb Code    68  bsp_esp8266.o(.text)
    ESP8266_DHCP_CUR                         0x08004715   Thumb Code    50  bsp_esp8266.o(.text)
    ESP8266_JoinAP                           0x08004747   Thumb Code    38  bsp_esp8266.o(.text)
    ESP8266_BuildAP                          0x0800476d   Thumb Code    42  bsp_esp8266.o(.text)
    ESP8266_Enable_MultipleId                0x08004797   Thumb Code    42  bsp_esp8266.o(.text)
    ESP8266_Link_Server                      0x080047c1   Thumb Code   110  bsp_esp8266.o(.text)
    ESP8266_StartOrShutServer                0x0800482f   Thumb Code   536  bsp_esp8266.o(.text)
    ESP8266_Get_LinkStatus                   0x08004a47   Thumb Code    66  bsp_esp8266.o(.text)
    ESP8266_Get_IdLinkStatus                 0x08004a89   Thumb Code   128  bsp_esp8266.o(.text)
    ESP8266_Inquire_ApIp                     0x08004b09   Thumb Code    80  bsp_esp8266.o(.text)
    ESP8266_UnvarnishSend                    0x08004b59   Thumb Code    42  bsp_esp8266.o(.text)
    ESP8266_ExitUnvarnishSend                0x08004b83   Thumb Code    24  bsp_esp8266.o(.text)
    ESP8266_SendString                       0x08004b9b   Thumb Code   104  bsp_esp8266.o(.text)
    ESP8266_ReceiveString                    0x08004c03   Thumb Code    88  bsp_esp8266.o(.text)
    ESP8266_StaTcpClient_Unvarnish_ConfigTest 0x08004d61   Thumb Code   316  bsp_esp8266_test.o(.text)
    CPU_TS_TmrInit                           0x08004fd1   Thumb Code    30  core_delay.o(.text)
    CPU_TS_TmrRd                             0x08004fef   Thumb Code     6  core_delay.o(.text)
    CPU_TS_Tmr_Delay_US                      0x08004ff5   Thumb Code    72  core_delay.o(.text)
    USART_printf                             0x080050af   Thumb Code   262  common.o(.text)
    __aeabi_memset                           0x080051b5   Thumb Code    14  memseta.o(.text)
    __aeabi_memset4                          0x080051b5   Thumb Code     0  memseta.o(.text)
    __aeabi_memset8                          0x080051b5   Thumb Code     0  memseta.o(.text)
    __aeabi_memclr                           0x080051c3   Thumb Code     4  memseta.o(.text)
    __aeabi_memclr4                          0x080051c3   Thumb Code     0  memseta.o(.text)
    __aeabi_memclr8                          0x080051c3   Thumb Code     0  memseta.o(.text)
    _memset$wrapper                          0x080051c7   Thumb Code    18  memseta.o(.text)
    strstr                                   0x080051d9   Thumb Code    36  strstr.o(.text)
    __aeabi_dadd                             0x080051fd   Thumb Code   322  dadd.o(.text)
    __aeabi_dsub                             0x0800533f   Thumb Code     6  dadd.o(.text)
    __aeabi_drsub                            0x08005345   Thumb Code     6  dadd.o(.text)
    __aeabi_dmul                             0x0800534b   Thumb Code   228  dmul.o(.text)
    __aeabi_ddiv                             0x0800542f   Thumb Code   222  ddiv.o(.text)
    __aeabi_ui2d                             0x0800550d   Thumb Code    26  dfltui.o(.text)
    __aeabi_cdcmpeq                          0x08005529   Thumb Code     0  cdcmple.o(.text)
    __aeabi_cdcmple                          0x08005529   Thumb Code    48  cdcmple.o(.text)
    __aeabi_cdrcmple                         0x08005559   Thumb Code    48  cdrcmple.o(.text)
    __aeabi_uidiv                            0x08005589   Thumb Code     0  uidiv.o(.text)
    __aeabi_uidivmod                         0x08005589   Thumb Code    44  uidiv.o(.text)
    __aeabi_uldivmod                         0x080055b5   Thumb Code    98  uldiv.o(.text)
    __aeabi_llsl                             0x08005617   Thumb Code    30  llshl.o(.text)
    _ll_shift_l                              0x08005617   Thumb Code     0  llshl.o(.text)
    __aeabi_lasr                             0x08005635   Thumb Code    36  llsshr.o(.text)
    _ll_sshift_r                             0x08005635   Thumb Code     0  llsshr.o(.text)
    __I$use$fp                               0x08005659   Thumb Code     0  iusefp.o(.text)
    _double_round                            0x08005659   Thumb Code    30  depilogue.o(.text)
    _double_epilogue                         0x08005677   Thumb Code   156  depilogue.o(.text)
    __ARM_scalbn                             0x08005713   Thumb Code    46  dscalb.o(.text)
    scalbn                                   0x08005713   Thumb Code     0  dscalb.o(.text)
    __aeabi_i2d                              0x08005741   Thumb Code    34  dflti.o(.text)
    __aeabi_d2ulz                            0x08005763   Thumb Code    48  dfixul.o(.text)
    __scatterload                            0x08005795   Thumb Code    28  init.o(.text)
    __scatterload_rt2                        0x08005795   Thumb Code     0  init.o(.text)
    __aeabi_llsr                             0x080057b9   Thumb Code    32  llushr.o(.text)
    _ll_ushift_r                             0x080057b9   Thumb Code     0  llushr.o(.text)
    _dsqrt                                   0x080057d9   Thumb Code   162  dsqrt.o(.text)
    ILI9341_Read_Data                        0x0800587d   Thumb Code     6  bsp_ili9341_lcd.o(i.ILI9341_Read_Data)
    ILI9341_Write_Cmd                        0x08005889   Thumb Code     8  bsp_ili9341_lcd.o(i.ILI9341_Write_Cmd)
    ILI9341_Write_Data                       0x08005891   Thumb Code     6  bsp_ili9341_lcd.o(i.ILI9341_Write_Data)
    __0printf                                0x0800589d   Thumb Code    22  printfa.o(i.__0printf)
    __1printf                                0x0800589d   Thumb Code     0  printfa.o(i.__0printf)
    __2printf                                0x0800589d   Thumb Code     0  printfa.o(i.__0printf)
    __c89printf                              0x0800589d   Thumb Code     0  printfa.o(i.__0printf)
    printf                                   0x0800589d   Thumb Code     0  printfa.o(i.__0printf)
    __0sprintf                               0x080058bd   Thumb Code    34  printfa.o(i.__0sprintf)
    __1sprintf                               0x080058bd   Thumb Code     0  printfa.o(i.__0sprintf)
    __2sprintf                               0x080058bd   Thumb Code     0  printfa.o(i.__0sprintf)
    __c89sprintf                             0x080058bd   Thumb Code     0  printfa.o(i.__0sprintf)
    sprintf                                  0x080058bd   Thumb Code     0  printfa.o(i.__0sprintf)
    __ARM_fpclassify                         0x080058e5   Thumb Code    40  fpclassify.o(i.__ARM_fpclassify)
    __kernel_poly                            0x0800590d   Thumb Code   170  poly.o(i.__kernel_poly)
    __mathlib_dbl_divzero                    0x080059b9   Thumb Code    12  dunder.o(i.__mathlib_dbl_divzero)
    __mathlib_dbl_infnan                     0x080059c9   Thumb Code     6  dunder.o(i.__mathlib_dbl_infnan)
    __mathlib_dbl_infnan2                    0x080059cf   Thumb Code     4  dunder.o(i.__mathlib_dbl_infnan2)
    __mathlib_dbl_invalid                    0x080059d3   Thumb Code    12  dunder.o(i.__mathlib_dbl_invalid)
    __mathlib_dbl_overflow                   0x080059df   Thumb Code    14  dunder.o(i.__mathlib_dbl_overflow)
    __mathlib_dbl_underflow                  0x080059ed   Thumb Code    10  dunder.o(i.__mathlib_dbl_underflow)
    __scatterload_copy                       0x080059fd   Thumb Code    14  handlers.o(i.__scatterload_copy)
    __scatterload_null                       0x08005a0b   Thumb Code     2  handlers.o(i.__scatterload_null)
    __scatterload_zeroinit                   0x08005a0d   Thumb Code    14  handlers.o(i.__scatterload_zeroinit)
    __set_errno                              0x08005a1d   Thumb Code     6  errno.o(i.__set_errno)
    log                                      0x080062e5   Thumb Code   808  log.o(i.log)
    log10                                    0x08006641   Thumb Code   198  log10.o(i.log10)
    pow                                      0x08006725   Thumb Code  2512  pow.o(i.pow)
    sqrt                                     0x080070fd   Thumb Code    76  sqrt.o(i.sqrt)
    ASCII8x16_Table                          0x08007148   Data        1520  fonts.o(.constdata)
    ASCII16x24_Table                         0x08007738   Data        4560  fonts.o(.constdata)
    ASCII24x32_Table                         0x08008908   Data        9120  fonts.o(.constdata)
    __mathlib_zero                           0x0800ad68   Data           8  qnan.o(.constdata)
    Region$$Table$$Base                      0x0800adcc   Number         0  anon$$obj.o(Region$$Table)
    Region$$Table$$Limit                     0x0800adec   Number         0  anon$$obj.o(Region$$Table)
    SystemCoreClock                          0x20000000   Data           4  system_stm32f10x.o(.data)
    AHBPrescTable                            0x20000004   Data          16  system_stm32f10x.o(.data)
    set_c                                    0x20000028   Data           1  main.o(.data)
    set_l                                    0x20000029   Data           1  main.o(.data)
    LCD_X_LENGTH                             0x2000002c   Data           2  bsp_ili9341_lcd.o(.data)
    LCD_Y_LENGTH                             0x2000002e   Data           2  bsp_ili9341_lcd.o(.data)
    LCD_SCAN_MODE                            0x20000030   Data           1  bsp_ili9341_lcd.o(.data)
    lcdid                                    0x20000032   Data           2  bsp_ili9341_lcd.o(.data)
    Font8x16                                 0x20000040   Data           8  fonts.o(.data)
    Font16x24                                0x20000048   Data           8  fonts.o(.data)
    Font24x32                                0x20000050   Data           8  fonts.o(.data)
    ledCmd                                   0x2000005c   Data          32  bsp_esp8266_test.o(.data)
    ucTcpClosedFlag                          0x2000007c   Data           1  bsp_esp8266_test.o(.data)
    __stdout                                 0x20000080   Data           4  stdout.o(.data)
    set_c_char                               0x20000088   Data          10  main.o(.bss)
    set_l_char                               0x20000092   Data          10  main.o(.bss)
    get_c_char                               0x2000009c   Data          10  main.o(.bss)
    get_l_char                               0x200000a6   Data          10  main.o(.bss)
    ADC_ConvertedValueLocal                  0x200000b0   Data          48  main.o(.bss)
    ppm                                      0x200000e0   Data          48  main.o(.bss)
    leakage                                  0x20000110   Data          48  main.o(.bss)
    ADC_ConvertedValue                       0x20000140   Data          12  bsp_adc.o(.bss)
    zoomBuff                                 0x2000014c   Data       16384  bsp_ili9341_lcd.o(.bss)
    zoomTempBuff                             0x2000414c   Data        1024  bsp_ili9341_lcd.o(.bss)
    strEsp8266_Fram_Record                   0x2000454c   Data        1026  bsp_esp8266.o(.bss)
    strUSART_Fram_Record                     0x2000494e   Data        1026  bsp_esp8266.o(.bss)
    __initial_sp                             0x20005150   Data           0  startup_stm32f10x_hd.o(STACK)



==============================================================================

Memory Map of the image

  Image Entry point : 0x08000131

  Load Region LR_IROM1 (Base: 0x08000000, Size: 0x0000ae74, Max: 0x00080000, ABSOLUTE)

    Execution Region ER_IROM1 (Exec base: 0x08000000, Load base: 0x08000000, Size: 0x0000adec, Max: 0x00080000, ABSOLUTE)

    Exec Addr    Load Addr    Size         Type   Attr      Idx    E Section Name        Object

    0x08000000   0x08000000   0x00000130   Data   RO            3    RESET               startup_stm32f10x_hd.o
    0x08000130   0x08000130   0x00000000   Code   RO          715  * .ARM.Collect$$$$00000000  mc_w.l(entry.o)
    0x08000130   0x08000130   0x00000004   Code   RO         1032    .ARM.Collect$$$$00000001  mc_w.l(entry2.o)
    0x08000134   0x08000134   0x00000004   Code   RO         1035    .ARM.Collect$$$$00000004  mc_w.l(entry5.o)
    0x08000138   0x08000138   0x00000000   Code   RO         1037    .ARM.Collect$$$$00000008  mc_w.l(entry7b.o)
    0x08000138   0x08000138   0x00000000   Code   RO         1039    .ARM.Collect$$$$0000000A  mc_w.l(entry8b.o)
    0x08000138   0x08000138   0x00000008   Code   RO         1040    .ARM.Collect$$$$0000000B  mc_w.l(entry9a.o)
    0x08000140   0x08000140   0x00000000   Code   RO         1042    .ARM.Collect$$$$0000000D  mc_w.l(entry10a.o)
    0x08000140   0x08000140   0x00000000   Code   RO         1044    .ARM.Collect$$$$0000000F  mc_w.l(entry11a.o)
    0x08000140   0x08000140   0x00000004   Code   RO         1033    .ARM.Collect$$$$00002712  mc_w.l(entry2.o)
    0x08000144   0x08000144   0x00000024   Code   RO            4    .text               startup_stm32f10x_hd.o
    0x08000168   0x08000168   0x000001e0   Code   RO           24    .text               system_stm32f10x.o
    0x08000348   0x08000348   0x000000dc   Code   RO          121    .text               misc.o
    0x08000424   0x08000424   0x0000044e   Code   RO          137    .text               stm32f10x_adc.o
    0x08000872   0x08000872   0x00000002   PAD
    0x08000874   0x08000874   0x00000254   Code   RO          221    .text               stm32f10x_dma.o
    0x08000ac8   0x08000ac8   0x0000060c   Code   RO          257    .text               stm32f10x_fsmc.o
    0x080010d4   0x080010d4   0x0000035c   Code   RO          269    .text               stm32f10x_gpio.o
    0x08001430   0x08001430   0x000003a4   Code   RO          317    .text               stm32f10x_rcc.o
    0x080017d4   0x080017d4   0x0000030c   Code   RO          355    .text               stm32f10x_spi.o
    0x08001ae0   0x08001ae0   0x00000408   Code   RO          379    .text               stm32f10x_usart.o
    0x08001ee8   0x08001ee8   0x000006dc   Code   RO          403    .text               main.o
    0x080025c4   0x080025c4   0x00000134   Code   RO          468    .text               stm32f10x_it.o
    0x080026f8   0x080026f8   0x00000164   Code   RO          483    .text               bsp_adc.o
    0x0800285c   0x0800285c   0x000001a4   Code   RO          498    .text               bsp_usart.o
    0x08002a00   0x08002a00   0x0000143c   Code   RO          510    .text               bsp_ili9341_lcd.o
    0x08003e3c   0x08003e3c   0x0000057c   Code   RO          553    .text               bsp_spi_flash.o
    0x080043b8   0x080043b8   0x00000054   Code   RO          570    .text               fonts.o
    0x0800440c   0x0800440c   0x00000038   Code   RO          589    .text               bsp_beep.o
    0x08004444   0x08004444   0x0000091c   Code   RO          601    .text               bsp_esp8266.o
    0x08004d60   0x08004d60   0x00000270   Code   RO          619    .text               bsp_esp8266_test.o
    0x08004fd0   0x08004fd0   0x0000007c   Code   RO          643    .text               core_delay.o
    0x0800504c   0x0800504c   0x00000168   Code   RO          682    .text               common.o
    0x080051b4   0x080051b4   0x00000024   Code   RO          718    .text               mc_w.l(memseta.o)
    0x080051d8   0x080051d8   0x00000024   Code   RO          720    .text               mc_w.l(strstr.o)
    0x080051fc   0x080051fc   0x0000014e   Code   RO          983    .text               mf_w.l(dadd.o)
    0x0800534a   0x0800534a   0x000000e4   Code   RO          985    .text               mf_w.l(dmul.o)
    0x0800542e   0x0800542e   0x000000de   Code   RO          987    .text               mf_w.l(ddiv.o)
    0x0800550c   0x0800550c   0x0000001a   Code   RO          989    .text               mf_w.l(dfltui.o)
    0x08005526   0x08005526   0x00000002   PAD
    0x08005528   0x08005528   0x00000030   Code   RO          991    .text               mf_w.l(cdcmple.o)
    0x08005558   0x08005558   0x00000030   Code   RO          993    .text               mf_w.l(cdrcmple.o)
    0x08005588   0x08005588   0x0000002c   Code   RO         1047    .text               mc_w.l(uidiv.o)
    0x080055b4   0x080055b4   0x00000062   Code   RO         1049    .text               mc_w.l(uldiv.o)
    0x08005616   0x08005616   0x0000001e   Code   RO         1051    .text               mc_w.l(llshl.o)
    0x08005634   0x08005634   0x00000024   Code   RO         1053    .text               mc_w.l(llsshr.o)
    0x08005658   0x08005658   0x00000000   Code   RO         1062    .text               mc_w.l(iusefp.o)
    0x08005658   0x08005658   0x000000ba   Code   RO         1063    .text               mf_w.l(depilogue.o)
    0x08005712   0x08005712   0x0000002e   Code   RO         1065    .text               mf_w.l(dscalb.o)
    0x08005740   0x08005740   0x00000022   Code   RO         1067    .text               mf_w.l(dflti.o)
    0x08005762   0x08005762   0x00000030   Code   RO         1069    .text               mf_w.l(dfixul.o)
    0x08005792   0x08005792   0x00000002   PAD
    0x08005794   0x08005794   0x00000024   Code   RO         1071    .text               mc_w.l(init.o)
    0x080057b8   0x080057b8   0x00000020   Code   RO         1073    .text               mc_w.l(llushr.o)
    0x080057d8   0x080057d8   0x000000a2   Code   RO         1075    .text               mf_w.l(dsqrt.o)
    0x0800587a   0x0800587a   0x00000002   PAD
    0x0800587c   0x0800587c   0x0000000c   Code   RO          533    i.ILI9341_Read_Data  bsp_ili9341_lcd.o
    0x08005888   0x08005888   0x00000008   Code   RO          523    i.ILI9341_Write_Cmd  bsp_ili9341_lcd.o
    0x08005890   0x08005890   0x0000000c   Code   RO          528    i.ILI9341_Write_Data  bsp_ili9341_lcd.o
    0x0800589c   0x0800589c   0x00000020   Code   RO          955    i.__0printf         mc_w.l(printfa.o)
    0x080058bc   0x080058bc   0x00000028   Code   RO          957    i.__0sprintf        mc_w.l(printfa.o)
    0x080058e4   0x080058e4   0x00000028   Code   RO         1009    i.__ARM_fpclassify  m_ws.l(fpclassify.o)
    0x0800590c   0x0800590c   0x000000aa   Code   RO         1021    i.__kernel_poly     m_ws.l(poly.o)
    0x080059b6   0x080059b6   0x00000002   PAD
    0x080059b8   0x080059b8   0x00000010   Code   RO          995    i.__mathlib_dbl_divzero  m_ws.l(dunder.o)
    0x080059c8   0x080059c8   0x00000006   Code   RO          996    i.__mathlib_dbl_infnan  m_ws.l(dunder.o)
    0x080059ce   0x080059ce   0x00000004   Code   RO          997    i.__mathlib_dbl_infnan2  m_ws.l(dunder.o)
    0x080059d2   0x080059d2   0x0000000c   Code   RO          998    i.__mathlib_dbl_invalid  m_ws.l(dunder.o)
    0x080059de   0x080059de   0x0000000e   Code   RO          999    i.__mathlib_dbl_overflow  m_ws.l(dunder.o)
    0x080059ec   0x080059ec   0x00000010   Code   RO         1001    i.__mathlib_dbl_underflow  m_ws.l(dunder.o)
    0x080059fc   0x080059fc   0x0000000e   Code   RO         1079    i.__scatterload_copy  mc_w.l(handlers.o)
    0x08005a0a   0x08005a0a   0x00000002   Code   RO         1080    i.__scatterload_null  mc_w.l(handlers.o)
    0x08005a0c   0x08005a0c   0x0000000e   Code   RO         1081    i.__scatterload_zeroinit  mc_w.l(handlers.o)
    0x08005a1a   0x08005a1a   0x00000002   PAD
    0x08005a1c   0x08005a1c   0x0000000c   Code   RO         1057    i.__set_errno       mc_w.l(errno.o)
    0x08005a28   0x08005a28   0x00000184   Code   RO          962    i._fp_digits        mc_w.l(printfa.o)
    0x08005bac   0x08005bac   0x000006dc   Code   RO          963    i._printf_core      mc_w.l(printfa.o)
    0x08006288   0x08006288   0x00000024   Code   RO          964    i._printf_post_padding  mc_w.l(printfa.o)
    0x080062ac   0x080062ac   0x0000002e   Code   RO          965    i._printf_pre_padding  mc_w.l(printfa.o)
    0x080062da   0x080062da   0x0000000a   Code   RO          967    i._sputc            mc_w.l(printfa.o)
    0x080062e4   0x080062e4   0x0000035c   Code   RO         1012    i.log               m_ws.l(log.o)
    0x08006640   0x08006640   0x000000e4   Code   RO          698    i.log10             m_ws.l(log10.o)
    0x08006724   0x08006724   0x000009d8   Code   RO          706    i.pow               m_ws.l(pow.o)
    0x080070fc   0x080070fc   0x0000004c   Code   RO         1025    i.sqrt              m_ws.l(sqrt.o)
    0x08007148   0x08007148   0x00003b60   Data   RO          571    .constdata          fonts.o
    0x0800aca8   0x0800aca8   0x00000088   Data   RO          707    .constdata          m_ws.l(pow.o)
    0x0800ad30   0x0800ad30   0x00000038   Data   RO         1013    .constdata          m_ws.l(log.o)
    0x0800ad68   0x0800ad68   0x00000008   Data   RO         1023    .constdata          m_ws.l(qnan.o)
    0x0800ad70   0x0800ad70   0x0000005b   Data   RO          620    .conststring        bsp_esp8266_test.o
    0x0800adcb   0x0800adcb   0x00000001   PAD
    0x0800adcc   0x0800adcc   0x00000020   Data   RO         1077    Region$$Table       anon$$obj.o


    Execution Region RW_IRAM1 (Exec base: 0x20000000, Load base: 0x0800adec, Size: 0x00005150, Max: 0x00010000, ABSOLUTE)

    Exec Addr    Load Addr    Size         Type   Attr      Idx    E Section Name        Object

    0x20000000   0x0800adec   0x00000014   Data   RW           25    .data               system_stm32f10x.o
    0x20000014   0x0800ae00   0x00000014   Data   RW          318    .data               stm32f10x_rcc.o
    0x20000028   0x0800ae14   0x00000002   Data   RW          405    .data               main.o
    0x2000002a   0x0800ae16   0x00000002   PAD
    0x2000002c   0x0800ae18   0x00000010   Data   RW          512    .data               bsp_ili9341_lcd.o
    0x2000003c   0x0800ae28   0x00000004   Data   RW          554    .data               bsp_spi_flash.o
    0x20000040   0x0800ae2c   0x00000019   Data   RW          572    .data               fonts.o
    0x20000059   0x0800ae45   0x00000003   PAD
    0x2000005c   0x0800ae48   0x00000021   Data   RW          621    .data               bsp_esp8266_test.o
    0x2000007d   0x0800ae69   0x00000003   PAD
    0x20000080   0x0800ae6c   0x00000004   Data   RW         1046    .data               mc_w.l(stdout.o)
    0x20000084   0x0800ae70   0x00000004   Data   RW         1058    .data               mc_w.l(errno.o)
    0x20000088        -       0x000000b8   Zero   RW          404    .bss                main.o
    0x20000140        -       0x0000000c   Zero   RW          484    .bss                bsp_adc.o
    0x2000014c        -       0x00004400   Zero   RW          511    .bss                bsp_ili9341_lcd.o
    0x2000454c        -       0x00000804   Zero   RW          602    .bss                bsp_esp8266.o
    0x20004d50        -       0x00000400   Zero   RW            1    STACK               startup_stm32f10x_hd.o


==============================================================================

Image component sizes


      Code (inc. data)   RO Data    RW Data    ZI Data      Debug   Object Name

       356         16          0          0         12       1461   bsp_adc.o
        56          6          0          0          0        499   bsp_beep.o
      2332        684          0          0       2052       8971   bsp_esp8266.o
       624        308         91         33          0       1577   bsp_esp8266_test.o
      5212        142          0         16      17408      17540   bsp_ili9341_lcd.o
      1404        128          0          4          0       5208   bsp_spi_flash.o
       420          8          0          0          0       2606   bsp_usart.o
       360          0          0          0          0       2307   common.o
         0          0          0          0          0       4508   core_cm3.o
       124         16          0          0          0        934   core_delay.o
        84         10      15200         25          0       2167   fonts.o
      1756        472          0          2        184       4935   main.o
       220         22          0          0          0       1797   misc.o
        36          8        304          0       1024        856   startup_stm32f10x_hd.o
      1102         26          0          0          0      11033   stm32f10x_adc.o
       596          8          0          0          0       4358   stm32f10x_dma.o
      1548         18          0          0          0       5367   stm32f10x_fsmc.o
       860         38          0          0          0       5725   stm32f10x_gpio.o
       308         34          0          0          0       1666   stm32f10x_it.o
       932         36          0         20          0       8892   stm32f10x_rcc.o
       780         14          0          0          0       6610   stm32f10x_spi.o
      1032         22          0          0          0       8452   stm32f10x_usart.o
       480         38          0         20          0     263567   system_stm32f10x.o

    ----------------------------------------------------------------------
     20624       2054      15628        128      20680     371036   Object Totals
         0          0         32          0          0          0   (incl. Generated)
         2          0          1          8          0          0   (incl. Padding)

    ----------------------------------------------------------------------

      Code (inc. data)   RO Data    RW Data    ZI Data      Debug   Library Member Name

        68         10          0          0          0        408   dunder.o
        40          0          0          0          0         68   fpclassify.o
       860         52         56          0          0        256   log.o
       228         30          0          0          0        120   log10.o
       170          0          0          0          0         96   poly.o
      2520        190        136          0          0        324   pow.o
         0          0          8          0          0          0   qnan.o
        76          0          0          0          0         84   sqrt.o
         0          0          0          0          0          0   entry.o
         0          0          0          0          0          0   entry10a.o
         0          0          0          0          0          0   entry11a.o
         8          4          0          0          0          0   entry2.o
         4          0          0          0          0          0   entry5.o
         0          0          0          0          0          0   entry7b.o
         0          0          0          0          0          0   entry8b.o
         8          4          0          0          0          0   entry9a.o
        12          6          0          4          0         68   errno.o
        30          0          0          0          0          0   handlers.o
        36          8          0          0          0         68   init.o
         0          0          0          0          0          0   iusefp.o
        30          0          0          0          0         68   llshl.o
        36          0          0          0          0         68   llsshr.o
        32          0          0          0          0         68   llushr.o
        36          0          0          0          0        108   memseta.o
      2308         96          0          0          0        604   printfa.o
         0          0          0          4          0          0   stdout.o
        36          0          0          0          0         80   strstr.o
        44          0          0          0          0         80   uidiv.o
        98          0          0          0          0         92   uldiv.o
        48          0          0          0          0         68   cdcmple.o
        48          0          0          0          0         68   cdrcmple.o
       334          0          0          0          0        148   dadd.o
       222          0          0          0          0        100   ddiv.o
       186          0          0          0          0        176   depilogue.o
        48          0          0          0          0         68   dfixul.o
        34          0          0          0          0         76   dflti.o
        26          0          0          0          0         76   dfltui.o
       228          0          0          0          0         96   dmul.o
        46          0          0          0          0         80   dscalb.o
       162          0          0          0          0        100   dsqrt.o

    ----------------------------------------------------------------------
      8072        400        200          8          0       3716   Library Totals
        10          0          0          0          0          0   (incl. Padding)

    ----------------------------------------------------------------------

      Code (inc. data)   RO Data    RW Data    ZI Data      Debug   Library Name

      3962        282        200          0          0       1356   m_ws.l
      2718        118          0          8          0       1304   mc_w.l
      1382          0          0          0          0       1056   mf_w.l

    ----------------------------------------------------------------------
      8072        400        200          8          0       3716   Library Totals

    ----------------------------------------------------------------------

==============================================================================


      Code (inc. data)   RO Data    RW Data    ZI Data      Debug   

     28696       2454      15828        136      20680     370796   Grand Totals
     28696       2454      15828        136      20680     370796   ELF Image Totals
     28696       2454      15828        136          0          0   ROM Totals

==============================================================================

    Total RO  Size (Code + RO Data)                44524 (  43.48kB)
    Total RW  Size (RW Data + ZI Data)             20816 (  20.33kB)
    Total ROM Size (Code + RO Data + RW Data)      44660 (  43.61kB)

==============================================================================

